
===========================================================================
report_checks -unconstrained
===========================================================================
======================= min_ff_n40C_1v95 Corner ===================================

Startpoint: wb_rst_i (input port clocked by wb_clk_i)
Endpoint: core/_2306_ (recovery check against rising-edge clock wb_clk_i)
Path Group: asynchronous
Path Type: max

Fanout         Cap        Slew       Delay        Time   Description
---------------------------------------------------------------------------------------------
                                  0.000000    0.000000   clock wb_clk_i (rise edge)
                                  5.570000    5.570000   clock network delay (propagated)
                                 12.500000   18.070000 v input external delay
     6    0.986427    0.000000    0.000000   18.070000 v wb_rst_i (in)
                                                         wb_rst_i (net)
                      1.832717    0.916359   18.986359 v core/input9/A (sky130_fd_sc_hd__buf_1)
     1    0.012700    0.079574    0.427452   19.413809 v core/input9/X (sky130_fd_sc_hd__buf_1)
                                                         core/net9 (net)
                      0.079574    0.000632   19.414442 v core/fanout329/A (sky130_fd_sc_hd__buf_4)
    15    0.090338    0.085432    0.165242   19.579683 v core/fanout329/X (sky130_fd_sc_hd__buf_4)
                                                         core/net329 (net)
                      0.087470    0.010413   19.590097 v core/fanout328/A (sky130_fd_sc_hd__clkbuf_4)
     5    0.046342    0.072142    0.157860   19.747957 v core/fanout328/X (sky130_fd_sc_hd__clkbuf_4)
                                                         core/net328 (net)
                      0.072142    0.000083   19.748041 v core/fanout325/A (sky130_fd_sc_hd__clkbuf_4)
     8    0.049378    0.075160    0.155632   19.903671 v core/fanout325/X (sky130_fd_sc_hd__clkbuf_4)
                                                         core/net325 (net)
                      0.075237    0.002144   19.905817 v core/fanout323/A (sky130_fd_sc_hd__buf_4)
    10    0.060588    0.064194    0.149107   20.054924 v core/fanout323/X (sky130_fd_sc_hd__buf_4)
                                                         core/net323 (net)
                      0.064254    0.001787   20.056711 v core/_2144_/A (sky130_fd_sc_hd__inv_2)
     1    0.004437    0.027310    0.043736   20.100447 ^ core/_2144_/Y (sky130_fd_sc_hd__inv_2)
                                                         core/_0082_ (net)
                      0.027310    0.000041   20.100487 ^ core/_2306_/RESET_B (sky130_fd_sc_hd__dfrtp_4)
                                             20.100487   data arrival time

                                 25.000000   25.000000   clock wb_clk_i (rise edge)
                                  4.650000   29.650000   clock source latency
     6    0.560349    0.610000    0.000000   29.650000 ^ wb_clk_i (in)
                                                         wb_clk_i (net)
                      1.735973    0.562986   30.212984 ^ core/clkbuf_0_wb_clk_i/A (sky130_fd_sc_hd__clkbuf_16)
    33    0.201933    0.182085    0.219700   30.432684 ^ core/clkbuf_0_wb_clk_i/X (sky130_fd_sc_hd__clkbuf_16)
                                                         core/clknet_0_wb_clk_i (net)
                      0.182354    0.005524   30.438210 ^ core/clkbuf_4_13_0_wb_clk_i/A (sky130_fd_sc_hd__clkbuf_8)
    12    0.043139    0.067036    0.143256   30.581465 ^ core/clkbuf_4_13_0_wb_clk_i/X (sky130_fd_sc_hd__clkbuf_8)
                                                         core/clknet_4_13_0_wb_clk_i (net)
                      0.067037    0.000401   30.581867 ^ core/_2306_/CLK (sky130_fd_sc_hd__dfrtp_4)
                                 -0.250000   30.331865   clock uncertainty
                                  0.000000   30.331865   clock reconvergence pessimism
                                  0.137872   30.469736   library recovery time
                                             30.469736   data required time
---------------------------------------------------------------------------------------------
                                             30.469736   data required time
                                            -20.100487   data arrival time
---------------------------------------------------------------------------------------------
                                             10.369248   slack (MET)


Startpoint: wb_rst_i (input port clocked by wb_clk_i)
Endpoint: mprj1 (rising edge-triggered flip-flop clocked by wb_clk_i)
Path Group: wb_clk_i
Path Type: max

Fanout         Cap        Slew       Delay        Time   Description
---------------------------------------------------------------------------------------------
                                  0.000000    0.000000   clock wb_clk_i (rise edge)
                                  5.570000    5.570000   clock network delay (propagated)
                                 12.500000   18.070000 ^ input external delay
     6    0.986648    0.000000    0.000000   18.070000 ^ wb_rst_i (in)
                                                         wb_rst_i (net)
                      1.536068    0.768035   18.838034 ^ mprj1/wb_rst_i (Neuromorphic_X1_wb)
                                             18.838034   data arrival time

                                 25.000000   25.000000   clock wb_clk_i (rise edge)
                                  4.650000   29.650000   clock source latency
     6    0.560349    0.610000    0.000000   29.650000 ^ wb_clk_i (in)
                                                         wb_clk_i (net)
                      1.599295    0.494650   30.144648 ^ mprj1/wb_clk_i (Neuromorphic_X1_wb)
                                 -0.250000   29.894648   clock uncertainty
                                  0.000000   29.894648   clock reconvergence pessimism
                                 -1.013748   28.880899   library setup time
                                             28.880899   data required time
---------------------------------------------------------------------------------------------
                                             28.880899   data required time
                                            -18.838034   data arrival time
---------------------------------------------------------------------------------------------
                                             10.042867   slack (MET)




===========================================================================
report_checks --slack_max -0.01
============================================================================
======================= min_ff_n40C_1v95 Corner ===================================

No paths found.


===========================================================================
 report_check_types -max_slew -max_cap -max_fanout -violators
============================================================================
======================= min_ff_n40C_1v95 Corner ===================================

max slew

Pin                                        Limit        Slew       Slack
------------------------------------------------------------------------
wbs_dat_o[4]                            0.500000    2.939326   -2.439326 (VIOLATED)
wbs_dat_o[27]                           0.500000    2.922935   -2.422934 (VIOLATED)
wbs_dat_o[31]                           0.500000    2.901442   -2.401442 (VIOLATED)
wbs_dat_o[3]                            0.500000    2.859222   -2.359222 (VIOLATED)
wbs_dat_o[11]                           0.500000    2.624721   -2.124721 (VIOLATED)
wbs_dat_o[13]                           0.500000    2.560971   -2.060971 (VIOLATED)
core/output195/X                        0.500000    2.494399   -1.994399 (VIOLATED)
wbs_dat_o[0]                            0.500000    2.449987   -1.949987 (VIOLATED)
wbs_dat_o[24]                           0.500000    2.446090   -1.946090 (VIOLATED)
wbs_dat_o[28]                           0.500000    2.434468   -1.934468 (VIOLATED)
wbs_ack_o                               0.500000    2.431173   -1.931173 (VIOLATED)
core/output173/X                        0.500000    2.376848   -1.876848 (VIOLATED)
wbs_dat_o[1]                            0.500000    2.375999   -1.875999 (VIOLATED)
wbs_dat_o[23]                           0.500000    2.335644   -1.835644 (VIOLATED)
core/output182/X                        0.500000    2.326834   -1.826834 (VIOLATED)
core/output175/X                        0.500000    2.323105   -1.823105 (VIOLATED)
wbs_dat_o[7]                            0.500000    2.316210   -1.816209 (VIOLATED)
core/output171/X                        0.500000    2.291173   -1.791172 (VIOLATED)
wbs_dat_o[10]                           0.500000    2.274048   -1.774048 (VIOLATED)
mprj/wbs_adr_i[5]                       0.500000    2.228297   -1.728297 (VIOLATED)
wbs_dat_o[25]                           0.500000    2.226386   -1.726386 (VIOLATED)
wbs_dat_o[18]                           0.500000    2.219691   -1.719691 (VIOLATED)
core/output187/X                        0.500000    2.200863   -1.700863 (VIOLATED)
wbs_dat_o[8]                            0.500000    2.180762   -1.680762 (VIOLATED)
core/output170/X                        0.500000    2.166281   -1.666281 (VIOLATED)
wbs_dat_o[17]                           0.500000    2.163442   -1.663442 (VIOLATED)
core/output197/X                        0.500000    2.138955   -1.638955 (VIOLATED)
core/output190/X                        0.500000    2.124072   -1.624072 (VIOLATED)
wbs_dat_o[12]                           0.500000    2.111125   -1.611125 (VIOLATED)
core/output191/X                        0.500000    2.105470   -1.605470 (VIOLATED)
wbs_dat_o[20]                           0.500000    2.099813   -1.599813 (VIOLATED)
wbs_dat_o[16]                           0.500000    2.099335   -1.599335 (VIOLATED)
core/input15/A                          0.500000    2.086507   -1.586507 (VIOLATED)
core/ANTENNA_input15_A/DIODE            0.500000    2.086493   -1.586493 (VIOLATED)
core/ANTENNA_input26_A/DIODE            0.500000    2.085757   -1.585756 (VIOLATED)
core/input26/A                          0.500000    2.085755   -1.585755 (VIOLATED)
wbs_dat_o[15]                           0.500000    2.075803   -1.575803 (VIOLATED)
core/output172/X                        0.500000    2.069303   -1.569303 (VIOLATED)
wbs_dat_o[19]                           0.500000    2.041427   -1.541427 (VIOLATED)
core/input17/A                          0.500000    2.041305   -1.541305 (VIOLATED)
core/ANTENNA_input17_A/DIODE            0.500000    2.041304   -1.541304 (VIOLATED)
wbs_dat_o[14]                           0.500000    2.029628   -1.529628 (VIOLATED)
mprj1/wbs_adr_i[5]                      0.500000    2.028763   -1.528763 (VIOLATED)
core/output180/X                        0.500000    2.028458   -1.528458 (VIOLATED)
wbs_dat_o[21]                           0.500000    2.022753   -1.522753 (VIOLATED)
mprj/wbs_adr_i[1]                       0.500000    2.022439   -1.522438 (VIOLATED)
core/output176/X                        0.500000    2.007122   -1.507122 (VIOLATED)
core/output200/X                        0.500000    2.000770   -1.500770 (VIOLATED)
core/output186/X                        0.500000    1.998108   -1.498108 (VIOLATED)
mprj/wbs_adr_i[3]                       0.500000    1.990813   -1.490813 (VIOLATED)
mprj/wbs_dat_i[1]                       0.500000    1.986018   -1.486018 (VIOLATED)
mprj/wbs_adr_i[4]                       0.500000    1.981686   -1.481686 (VIOLATED)
wbs_dat_o[22]                           0.500000    1.974425   -1.474425 (VIOLATED)
core/input11/A                          0.500000    1.968650   -1.468650 (VIOLATED)
core/ANTENNA_input11_A/DIODE            0.500000    1.968648   -1.468648 (VIOLATED)
mprj/wbs_adr_i[16]                      0.500000    1.959628   -1.459628 (VIOLATED)
core/ANTENNA__2412__A/DIODE             0.500000    1.954251   -1.454251 (VIOLATED)
core/ANTENNA__2444__A/DIODE             0.500000    1.954252   -1.454252 (VIOLATED)
core/_2444_/A                           0.500000    1.954249   -1.454249 (VIOLATED)
core/_2412_/A                           0.500000    1.954242   -1.454242 (VIOLATED)
core/_2476_/A                           0.500000    1.954228   -1.454228 (VIOLATED)
core/_2508_/A                           0.500000    1.954212   -1.454212 (VIOLATED)
core/ANTENNA__2476__A/DIODE             0.500000    1.954197   -1.454197 (VIOLATED)
core/ANTENNA__2508__A/DIODE             0.500000    1.954196   -1.454196 (VIOLATED)
core/output196/X                        0.500000    1.947098   -1.447098 (VIOLATED)
mprj/wbs_adr_i[11]                      0.500000    1.941806   -1.441806 (VIOLATED)
core/output201/X                        0.500000    1.937174   -1.437174 (VIOLATED)
mprj1/wbs_dat_i[1]                      0.500000    1.932345   -1.432345 (VIOLATED)
core/input19/A                          0.500000    1.923200   -1.423200 (VIOLATED)
core/ANTENNA_input19_A/DIODE            0.500000    1.923199   -1.423199 (VIOLATED)
mprj/wbs_adr_i[12]                      0.500000    1.920558   -1.420558 (VIOLATED)
mprj/wbs_adr_i[7]                       0.500000    1.911851   -1.411851 (VIOLATED)
core/output179/X                        0.500000    1.902451   -1.402451 (VIOLATED)
core/output188/X                        0.500000    1.886889   -1.386888 (VIOLATED)
mprj/wbs_adr_i[10]                      0.500000    1.873242   -1.373242 (VIOLATED)
core/output174/X                        0.500000    1.870220   -1.370220 (VIOLATED)
core/output178/X                        0.500000    1.862598   -1.362598 (VIOLATED)
mprj/wbs_dat_i[0]                       0.500000    1.861916   -1.361916 (VIOLATED)
mprj1/wbs_adr_i[1]                      0.500000    1.855694   -1.355694 (VIOLATED)
core/output183/X                        0.500000    1.854204   -1.354204 (VIOLATED)
wbs_dat_o[5]                            0.500000    1.849267   -1.349267 (VIOLATED)
wbs_dat_o[2]                            0.500000    1.846167   -1.346167 (VIOLATED)
mprj1/wbs_adr_i[3]                      0.500000    1.844963   -1.344963 (VIOLATED)
core/output177/X                        0.500000    1.843320   -1.343320 (VIOLATED)
core/input9/A                           0.500000    1.833442   -1.333442 (VIOLATED)
core/ANTENNA_input9_A/DIODE             0.500000    1.833440   -1.333440 (VIOLATED)
mprj1/wbs_adr_i[4]                      0.500000    1.825369   -1.325369 (VIOLATED)
mprj1/wbs_dat_i[0]                      0.500000    1.820458   -1.320458 (VIOLATED)
wbs_dat_o[6]                            0.500000    1.820222   -1.320222 (VIOLATED)
mprj/wbs_dat_i[30]                      0.500000    1.817229   -1.317229 (VIOLATED)
core/output181/X                        0.500000    1.816749   -1.316749 (VIOLATED)
wbs_dat_o[9]                            0.500000    1.815177   -1.315177 (VIOLATED)
core/output184/X                        0.500000    1.804765   -1.304765 (VIOLATED)
mprj1/wbs_dat_i[30]                     0.500000    1.792809   -1.292809 (VIOLATED)
core/output185/X                        0.500000    1.778896   -1.278896 (VIOLATED)
core/ANTENNA_input34_A/DIODE            0.500000    1.775214   -1.275214 (VIOLATED)
core/input34/A                          0.500000    1.775214   -1.275214 (VIOLATED)
mprj1/wbs_adr_i[16]                     0.500000    1.771117   -1.271117 (VIOLATED)
mprj/user_rst                           0.500000    1.765473   -1.265473 (VIOLATED)
mprj/wb_rst_i                           0.500000    1.764870   -1.264870 (VIOLATED)
mprj1/wbs_adr_i[11]                     0.500000    1.763366   -1.263366 (VIOLATED)
mprj1/wbs_adr_i[7]                      0.500000    1.740246   -1.240246 (VIOLATED)
mprj1/wbs_adr_i[12]                     0.500000    1.740229   -1.240229 (VIOLATED)
core/clkbuf_0_wb_clk_i/A                0.500000    1.735973   -1.235973 (VIOLATED)
core/ANTENNA_clkbuf_0_wb_clk_i_A/DIODE    0.500000    1.735913   -1.235913 (VIOLATED)
mprj1/wbs_adr_i[10]                     0.500000    1.734160   -1.234160 (VIOLATED)
mprj/wbs_adr_i[21]                      0.500000    1.716863   -1.216863 (VIOLATED)
core/input10/A                          0.500000    1.656410   -1.156410 (VIOLATED)
core/ANTENNA_input10_A/DIODE            0.500000    1.656405   -1.156405 (VIOLATED)
core/output198/X                        0.500000    1.647176   -1.147176 (VIOLATED)
core/output193/X                        0.500000    1.644940   -1.144940 (VIOLATED)
core/output199/X                        0.500000    1.636043   -1.136043 (VIOLATED)
mprj/wbs_dat_i[8]                       0.500000    1.633298   -1.133298 (VIOLATED)
mprj1/wbs_dat_i[8]                      0.500000    1.625915   -1.125915 (VIOLATED)
mprj/user_clk                           0.500000    1.625043   -1.125043 (VIOLATED)
mprj/wb_clk_i                           0.500000    1.624993   -1.124993 (VIOLATED)
wbs_dat_o[26]                           0.500000    1.620433   -1.120433 (VIOLATED)
core/output202/X                        0.500000    1.617857   -1.117857 (VIOLATED)
wbs_dat_o[29]                           0.500000    1.616157   -1.116157 (VIOLATED)
core/output189/X                        0.500000    1.606977   -1.106977 (VIOLATED)
core/ANTENNA__2445__A/DIODE             0.500000    1.604080   -1.104080 (VIOLATED)
core/ANTENNA__2413__A/DIODE             0.500000    1.604079   -1.104079 (VIOLATED)
core/_2445_/A                           0.500000    1.604077   -1.104077 (VIOLATED)
core/_2413_/A                           0.500000    1.604068   -1.104068 (VIOLATED)
core/_2477_/A                           0.500000    1.604054   -1.104054 (VIOLATED)
core/_2509_/A                           0.500000    1.604041   -1.104041 (VIOLATED)
core/ANTENNA__2509__A/DIODE             0.500000    1.604026   -1.104026 (VIOLATED)
core/ANTENNA__2477__A/DIODE             0.500000    1.603998   -1.103998 (VIOLATED)
wbs_dat_o[30]                           0.500000    1.603570   -1.103570 (VIOLATED)
core/output192/X                        0.500000    1.601856   -1.101856 (VIOLATED)
mprj1/wb_clk_i                          0.500000    1.599295   -1.099295 (VIOLATED)
mprj1/user_clk                          0.500000    1.599187   -1.099187 (VIOLATED)
core/output194/X                        0.500000    1.592289   -1.092289 (VIOLATED)
mprj1/wbs_adr_i[21]                     0.500000    1.591802   -1.091802 (VIOLATED)
mprj/wbs_adr_i[0]                       0.500000    1.578207   -1.078206 (VIOLATED)
core/ANTENNA__2403__A/DIODE             0.500000    1.565101   -1.065101 (VIOLATED)
core/_2403_/A                           0.500000    1.565095   -1.065094 (VIOLATED)
core/_2435_/A                           0.500000    1.565082   -1.065082 (VIOLATED)
core/ANTENNA__2435__A/DIODE             0.500000    1.565074   -1.065074 (VIOLATED)
core/ANTENNA__2499__A/DIODE             0.500000    1.560596   -1.060596 (VIOLATED)
core/_2499_/A                           0.500000    1.560571   -1.060571 (VIOLATED)
core/_2467_/A                           0.500000    1.560448   -1.060448 (VIOLATED)
core/ANTENNA__2467__A/DIODE             0.500000    1.560422   -1.060422 (VIOLATED)
core/_2507_/A                           0.500000    1.560246   -1.060246 (VIOLATED)
core/ANTENNA__2507__A/DIODE             0.500000    1.560235   -1.060235 (VIOLATED)
core/_2443_/A                           0.500000    1.560234   -1.060234 (VIOLATED)
core/ANTENNA__2443__A/DIODE             0.500000    1.560223   -1.060223 (VIOLATED)
core/_2475_/A                           0.500000    1.560218   -1.060218 (VIOLATED)
core/_2411_/A                           0.500000    1.560210   -1.060210 (VIOLATED)
core/ANTENNA__2475__A/DIODE             0.500000    1.560149   -1.060149 (VIOLATED)
core/ANTENNA__2411__A/DIODE             0.500000    1.560119   -1.060119 (VIOLATED)
core/input12/A                          0.500000    1.553545   -1.053545 (VIOLATED)
core/ANTENNA_input12_A/DIODE            0.500000    1.553544   -1.053544 (VIOLATED)
core/input14/A                          0.500000    1.543739   -1.043739 (VIOLATED)
core/ANTENNA_input14_A/DIODE            0.500000    1.543738   -1.043738 (VIOLATED)
mprj1/wb_rst_i                          0.500000    1.536068   -1.036068 (VIOLATED)
mprj1/user_rst                          0.500000    1.535843   -1.035843 (VIOLATED)
core/_2409_/A                           0.500000    1.516689   -1.016689 (VIOLATED)
core/ANTENNA__2409__A/DIODE             0.500000    1.516688   -1.016688 (VIOLATED)
core/_2505_/A                           0.500000    1.516682   -1.016682 (VIOLATED)
core/_2441_/A                           0.500000    1.516670   -1.016670 (VIOLATED)
core/_2473_/A                           0.500000    1.516645   -1.016645 (VIOLATED)
core/ANTENNA__2473__A/DIODE             0.500000    1.516644   -1.016644 (VIOLATED)
core/ANTENNA__2441__A/DIODE             0.500000    1.516633   -1.016634 (VIOLATED)
core/ANTENNA__2505__A/DIODE             0.500000    1.516634   -1.016634 (VIOLATED)
core/_2399_/A                           0.500000    1.516324   -1.016324 (VIOLATED)
core/_2495_/A                           0.500000    1.516315   -1.016315 (VIOLATED)
core/ANTENNA__2399__A/DIODE             0.500000    1.516312   -1.016312 (VIOLATED)
core/ANTENNA__2495__A/DIODE             0.500000    1.516309   -1.016309 (VIOLATED)
core/_2431_/A                           0.500000    1.516297   -1.016297 (VIOLATED)
core/ANTENNA__2431__A/DIODE             0.500000    1.516286   -1.016286 (VIOLATED)
core/_2463_/A                           0.500000    1.516287   -1.016287 (VIOLATED)
core/ANTENNA__2463__A/DIODE             0.500000    1.516277   -1.016277 (VIOLATED)
mprj/wbs_adr_i[13]                      0.500000    1.493780   -0.993780 (VIOLATED)
mprj/wbs_adr_i[17]                      0.500000    1.493585   -0.993585 (VIOLATED)
core/input28/A                          0.500000    1.485325   -0.985325 (VIOLATED)
core/ANTENNA_input28_A/DIODE            0.500000    1.485323   -0.985323 (VIOLATED)
core/ANTENNA_input24_A/DIODE            0.500000    1.474741   -0.974741 (VIOLATED)
core/input24/A                          0.500000    1.474741   -0.974741 (VIOLATED)
mprj/wbs_adr_i[15]                      0.500000    1.471657   -0.971657 (VIOLATED)
mprj/wbs_adr_i[24]                      0.500000    1.470863   -0.970863 (VIOLATED)
core/input13/A                          0.500000    1.466683   -0.966683 (VIOLATED)
core/ANTENNA_input13_A/DIODE            0.500000    1.466681   -0.966681 (VIOLATED)
core/input27/A                          0.500000    1.442170   -0.942170 (VIOLATED)
core/ANTENNA_input27_A/DIODE            0.500000    1.442168   -0.942168 (VIOLATED)
mprj1/wbs_dat_i[31]                     0.500000    1.430659   -0.930659 (VIOLATED)
mprj/wbs_adr_i[18]                      0.500000    1.428063   -0.928063 (VIOLATED)
core/_2430_/A                           0.500000    1.427826   -0.927826 (VIOLATED)
core/ANTENNA__2430__A/DIODE             0.500000    1.427816   -0.927816 (VIOLATED)
core/_2494_/A                           0.500000    1.427816   -0.927816 (VIOLATED)
core/ANTENNA__2494__A/DIODE             0.500000    1.427806   -0.927806 (VIOLATED)
core/_2462_/A                           0.500000    1.427735   -0.927735 (VIOLATED)
core/_2398_/A                           0.500000    1.427731   -0.927731 (VIOLATED)
core/ANTENNA__2398__A/DIODE             0.500000    1.427721   -0.927721 (VIOLATED)
core/ANTENNA__2462__A/DIODE             0.500000    1.427719   -0.927719 (VIOLATED)
mprj/wbs_adr_i[25]                      0.500000    1.426992   -0.926992 (VIOLATED)
core/_2464_/A                           0.500000    1.419831   -0.919831 (VIOLATED)
core/_2496_/A                           0.500000    1.419826   -0.919826 (VIOLATED)
core/ANTENNA__2464__A/DIODE             0.500000    1.419815   -0.919815 (VIOLATED)
core/ANTENNA__2496__A/DIODE             0.500000    1.419809   -0.919809 (VIOLATED)
core/ANTENNA_input25_A/DIODE            0.500000    1.418952   -0.918952 (VIOLATED)
core/input25/A                          0.500000    1.418953   -0.918953 (VIOLATED)
mprj/wbs_adr_i[6]                       0.500000    1.418492   -0.918492 (VIOLATED)
core/_2400_/A                           0.500000    1.417746   -0.917746 (VIOLATED)
core/_2432_/A                           0.500000    1.417605   -0.917605 (VIOLATED)
core/ANTENNA__2400__A/DIODE             0.500000    1.417452   -0.917452 (VIOLATED)
core/ANTENNA__2432__A/DIODE             0.500000    1.417367   -0.917367 (VIOLATED)
core/_2404_/A                           0.500000    1.411672   -0.911672 (VIOLATED)
core/ANTENNA__2404__A/DIODE             0.500000    1.411661   -0.911661 (VIOLATED)
core/_2500_/A                           0.500000    1.411662   -0.911662 (VIOLATED)
core/ANTENNA__2500__A/DIODE             0.500000    1.411650   -0.911650 (VIOLATED)
core/_2436_/A                           0.500000    1.411638   -0.911638 (VIOLATED)
core/ANTENNA__2436__A/DIODE             0.500000    1.411628   -0.911628 (VIOLATED)
core/_2468_/A                           0.500000    1.411620   -0.911620 (VIOLATED)
core/ANTENNA__2468__A/DIODE             0.500000    1.411611   -0.911611 (VIOLATED)
mprj/wbs_adr_i[14]                      0.500000    1.411412   -0.911412 (VIOLATED)
mprj/wbs_adr_i[19]                      0.500000    1.410491   -0.910491 (VIOLATED)
mprj/wbs_adr_i[31]                      0.500000    1.406567   -0.906567 (VIOLATED)
core/ANTENNA_input30_A/DIODE            0.500000    1.403071   -0.903071 (VIOLATED)
core/input30/A                          0.500000    1.403072   -0.903071 (VIOLATED)
mprj/wbs_adr_i[27]                      0.500000    1.401088   -0.901088 (VIOLATED)
core/_2465_/A                           0.500000    1.399306   -0.899306 (VIOLATED)
core/_2497_/A                           0.500000    1.399304   -0.899304 (VIOLATED)
core/ANTENNA__2465__A/DIODE             0.500000    1.399291   -0.899291 (VIOLATED)
core/ANTENNA__2497__A/DIODE             0.500000    1.399284   -0.899284 (VIOLATED)
core/_2433_/A                           0.500000    1.399099   -0.899099 (VIOLATED)
core/ANTENNA__2433__A/DIODE             0.500000    1.399087   -0.899087 (VIOLATED)
core/_2401_/A                           0.500000    1.399027   -0.899027 (VIOLATED)
core/ANTENNA__2401__A/DIODE             0.500000    1.398975   -0.898975 (VIOLATED)
core/ANTENNA_input35_A/DIODE            0.500000    1.396720   -0.896720 (VIOLATED)
core/input35/A                          0.500000    1.396720   -0.896720 (VIOLATED)
core/_2472_/A                           0.500000    1.396257   -0.896257 (VIOLATED)
core/_2504_/A                           0.500000    1.396255   -0.896254 (VIOLATED)
core/ANTENNA__2472__A/DIODE             0.500000    1.396222   -0.896222 (VIOLATED)
core/ANTENNA__2504__A/DIODE             0.500000    1.396221   -0.896221 (VIOLATED)
core/_2440_/A                           0.500000    1.395218   -0.895218 (VIOLATED)
core/ANTENNA__2440__A/DIODE             0.500000    1.395207   -0.895207 (VIOLATED)
core/_2408_/A                           0.500000    1.395103   -0.895103 (VIOLATED)
core/ANTENNA__2408__A/DIODE             0.500000    1.394963   -0.894963 (VIOLATED)
core/input16/A                          0.500000    1.393895   -0.893895 (VIOLATED)
core/ANTENNA_input16_A/DIODE            0.500000    1.393870   -0.893870 (VIOLATED)
mprj1/wbs_adr_i[0]                      0.500000    1.392147   -0.892147 (VIOLATED)
mprj/wbs_adr_i[26]                      0.500000    1.391596   -0.891596 (VIOLATED)
mprj/wbs_adr_i[30]                      0.500000    1.387098   -0.887098 (VIOLATED)
mprj1/wbs_cyc_i                         0.500000    1.379872   -0.879873 (VIOLATED)
mprj/wbs_adr_i[20]                      0.500000    1.374547   -0.874547 (VIOLATED)
mprj/wbs_dat_i[31]                      0.500000    1.371286   -0.871286 (VIOLATED)
mprj/wbs_dat_i[2]                       0.500000    1.364643   -0.864643 (VIOLATED)
mprj/wbs_dat_i[21]                      0.500000    1.364348   -0.864348 (VIOLATED)
mprj1/wbs_dat_i[21]                     0.500000    1.361371   -0.861371 (VIOLATED)
core/ANTENNA_input22_A/DIODE            0.500000    1.356496   -0.856496 (VIOLATED)
core/input22/A                          0.500000    1.356496   -0.856496 (VIOLATED)
mprj/wbs_cyc_i                          0.500000    1.355229   -0.855229 (VIOLATED)
mprj/wbs_adr_i[22]                      0.500000    1.344684   -0.844684 (VIOLATED)
mprj1/wbs_adr_i[17]                     0.500000    1.343315   -0.843315 (VIOLATED)
core/ANTENNA_input23_A/DIODE            0.500000    1.338099   -0.838099 (VIOLATED)
core/input23/A                          0.500000    1.338099   -0.838099 (VIOLATED)
mprj1/wbs_dat_i[2]                      0.500000    1.336358   -0.836358 (VIOLATED)
mprj/wbs_adr_i[2]                       0.500000    1.331573   -0.831573 (VIOLATED)
mprj1/wbs_adr_i[24]                     0.500000    1.329025   -0.829025 (VIOLATED)
mprj/wbs_dat_i[29]                      0.500000    1.327465   -0.827465 (VIOLATED)
mprj/wbs_dat_i[17]                      0.500000    1.325811   -0.825811 (VIOLATED)
core/input31/A                          0.500000    1.320489   -0.820489 (VIOLATED)
core/ANTENNA_input31_A/DIODE            0.500000    1.320488   -0.820488 (VIOLATED)
mprj1/wbs_dat_i[27]                     0.500000    1.319157   -0.819157 (VIOLATED)
mprj1/wbs_adr_i[13]                     0.500000    1.318631   -0.818631 (VIOLATED)
mprj1/wbs_dat_i[29]                     0.500000    1.317005   -0.817005 (VIOLATED)
mprj1/wbs_dat_i[17]                     0.500000    1.316497   -0.816497 (VIOLATED)
mprj/wbs_dat_i[14]                      0.500000    1.314873   -0.814873 (VIOLATED)
core/output167/X                        0.500000    1.311831   -0.811831 (VIOLATED)
mprj1/wbs_dat_i[14]                     0.500000    1.311175   -0.811175 (VIOLATED)
mprj1/wbs_adr_i[15]                     0.500000    1.310394   -0.810394 (VIOLATED)
mprj/wbs_adr_i[23]                      0.500000    1.306620   -0.806620 (VIOLATED)
mprj/wbs_dat_i[13]                      0.500000    1.303181   -0.803181 (VIOLATED)
mprj1/wbs_adr_i[25]                     0.500000    1.303133   -0.803133 (VIOLATED)
core/input20/A                          0.500000    1.302329   -0.802329 (VIOLATED)
core/ANTENNA_input20_A/DIODE            0.500000    1.302328   -0.802328 (VIOLATED)
mprj1/wbs_dat_i[13]                     0.500000    1.299369   -0.799369 (VIOLATED)
mprj/wbs_dat_i[16]                      0.500000    1.297819   -0.797819 (VIOLATED)
mprj1/wbs_adr_i[18]                     0.500000    1.293961   -0.793961 (VIOLATED)
mprj1/wbs_dat_i[16]                     0.500000    1.287899   -0.787899 (VIOLATED)
mprj1/Vcc_wl_reset                      0.500000    1.284516   -0.784516 (VIOLATED)
mprj1/wbs_adr_i[19]                     0.500000    1.283863   -0.783863 (VIOLATED)
core/ANTENNA__2471__A/DIODE             0.500000    1.282945   -0.782945 (VIOLATED)
core/_2471_/A                           0.500000    1.282945   -0.782945 (VIOLATED)
core/_2407_/A                           0.500000    1.282939   -0.782939 (VIOLATED)
core/ANTENNA__2407__A/DIODE             0.500000    1.282930   -0.782930 (VIOLATED)
core/_2503_/A                           0.500000    1.282922   -0.782922 (VIOLATED)
core/_2439_/A                           0.500000    1.282903   -0.782903 (VIOLATED)
core/ANTENNA__2503__A/DIODE             0.500000    1.282881   -0.782881 (VIOLATED)
core/ANTENNA__2439__A/DIODE             0.500000    1.282868   -0.782867 (VIOLATED)
mprj1/wbs_adr_i[27]                     0.500000    1.282653   -0.782653 (VIOLATED)
mprj/wbs_dat_i[4]                       0.500000    1.282363   -0.782363 (VIOLATED)
mprj/wbs_dat_i[18]                      0.500000    1.281761   -0.781761 (VIOLATED)
mprj/wbs_dat_i[27]                      0.500000    1.281641   -0.781641 (VIOLATED)
mprj1/wbs_adr_i[31]                     0.500000    1.278832   -0.778832 (VIOLATED)
mprj/wbs_adr_i[28]                      0.500000    1.275833   -0.775833 (VIOLATED)
mprj1/wbs_dat_i[18]                     0.500000    1.275475   -0.775475 (VIOLATED)
mprj/wbs_dat_i[19]                      0.500000    1.273768   -0.773768 (VIOLATED)
mprj1/wbs_adr_i[26]                     0.500000    1.273034   -0.773034 (VIOLATED)
mprj/wbs_dat_i[15]                      0.500000    1.272482   -0.772482 (VIOLATED)
mprj/wbs_adr_i[29]                      0.500000    1.271507   -0.771507 (VIOLATED)
mprj1/wbs_dat_i[15]                     0.500000    1.269844   -0.769844 (VIOLATED)
mprj1/wbs_adr_i[30]                     0.500000    1.268770   -0.768770 (VIOLATED)
mprj1/wbs_dat_i[19]                     0.500000    1.268112   -0.768112 (VIOLATED)
mprj/wbs_dat_i[26]                      0.500000    1.267642   -0.767642 (VIOLATED)
mprj/wbs_dat_i[22]                      0.500000    1.266373   -0.766373 (VIOLATED)
mprj1/wbs_stb_i                         0.500000    1.265885   -0.765885 (VIOLATED)
core/_2406_/A                           0.500000    1.263510   -0.763510 (VIOLATED)
core/_2438_/A                           0.500000    1.263506   -0.763506 (VIOLATED)
core/_2470_/A                           0.500000    1.263499   -0.763499 (VIOLATED)
core/_2502_/A                           0.500000    1.263488   -0.763488 (VIOLATED)
core/ANTENNA__2406__A/DIODE             0.500000    1.263453   -0.763453 (VIOLATED)
core/ANTENNA__2438__A/DIODE             0.500000    1.263441   -0.763441 (VIOLATED)
core/ANTENNA__2470__A/DIODE             0.500000    1.263407   -0.763408 (VIOLATED)
core/ANTENNA__2502__A/DIODE             0.500000    1.263406   -0.763406 (VIOLATED)
mprj1/wbs_adr_i[20]                     0.500000    1.262361   -0.762361 (VIOLATED)
mprj1/wbs_dat_i[22]                     0.500000    1.260087   -0.760087 (VIOLATED)
mprj1/wbs_dat_i[26]                     0.500000    1.259573   -0.759573 (VIOLATED)
mprj/wbs_dat_i[20]                      0.500000    1.258955   -0.758955 (VIOLATED)
mprj1/wbs_dat_i[20]                     0.500000    1.258694   -0.758694 (VIOLATED)
mprj/wbs_dat_i[9]                       0.500000    1.255768   -0.755768 (VIOLATED)
mprj1/wbs_dat_i[9]                      0.500000    1.252831   -0.752831 (VIOLATED)
core/ANTENNA_input21_A/DIODE            0.500000    1.249878   -0.749878 (VIOLATED)
core/input21/A                          0.500000    1.249878   -0.749878 (VIOLATED)
mprj/wbs_stb_i                          0.500000    1.244287   -0.744287 (VIOLATED)
mprj/wbs_dat_i[5]                       0.500000    1.242814   -0.742814 (VIOLATED)
core/_2474_/A                           0.500000    1.241059   -0.741059 (VIOLATED)
core/ANTENNA__2474__A/DIODE             0.500000    1.241056   -0.741056 (VIOLATED)
core/_2410_/A                           0.500000    1.241054   -0.741054 (VIOLATED)
core/ANTENNA__2410__A/DIODE             0.500000    1.241031   -0.741031 (VIOLATED)
core/_2506_/A                           0.500000    1.241013   -0.741013 (VIOLATED)
core/ANTENNA__2506__A/DIODE             0.500000    1.241002   -0.741002 (VIOLATED)
core/_2442_/A                           0.500000    1.240987   -0.740987 (VIOLATED)
core/ANTENNA__2442__A/DIODE             0.500000    1.240959   -0.740959 (VIOLATED)
mprj1/wbs_adr_i[22]                     0.500000    1.239480   -0.739480 (VIOLATED)
mprj1/wbs_adr_i[6]                      0.500000    1.239432   -0.739432 (VIOLATED)
mprj1/wbs_dat_i[25]                     0.500000    1.238534   -0.738534 (VIOLATED)
mprj1/wbs_adr_i[14]                     0.500000    1.238114   -0.738114 (VIOLATED)
mprj/wbs_dat_i[25]                      0.500000    1.234336   -0.734336 (VIOLATED)
mprj1/wbs_dat_i[4]                      0.500000    1.231737   -0.731737 (VIOLATED)
mprj/wbs_sel_i[2]                       0.500000    1.229023   -0.729023 (VIOLATED)
mprj/wbs_adr_i[8]                       0.500000    1.209344   -0.709344 (VIOLATED)
mprj1/Vcc_set                           0.500000    1.208659   -0.708659 (VIOLATED)
mprj/wbs_dat_i[12]                      0.500000    1.206886   -0.706886 (VIOLATED)
mprj1/wbs_adr_i[23]                     0.500000    1.206631   -0.706631 (VIOLATED)
mprj/Vcc_set                            0.500000    1.205404   -0.705404 (VIOLATED)
mprj1/Vcc_wl_read                       0.500000    1.204204   -0.704204 (VIOLATED)
core/output168/X                        0.500000    1.204188   -0.704188 (VIOLATED)
mprj1/wbs_dat_i[12]                     0.500000    1.202571   -0.702571 (VIOLATED)
mprj1/wbs_dat_i[5]                      0.500000    1.202172   -0.702172 (VIOLATED)
mprj/wbs_dat_i[10]                      0.500000    1.199940   -0.699940 (VIOLATED)
mprj1/wbs_adr_i[29]                     0.500000    1.184985   -0.684985 (VIOLATED)
mprj1/wbs_we_i                          0.500000    1.184663   -0.684663 (VIOLATED)
mprj1/wbs_adr_i[2]                      0.500000    1.179652   -0.679652 (VIOLATED)
mprj/Vcc_wl_read                        0.500000    1.179597   -0.679597 (VIOLATED)
mprj1/wbs_dat_i[10]                     0.500000    1.176720   -0.676720 (VIOLATED)
mprj1/wbs_adr_i[28]                     0.500000    1.172561   -0.672561 (VIOLATED)
mprj/wbs_we_i                           0.500000    1.158247   -0.658247 (VIOLATED)
mprj/wbs_dat_i[11]                      0.500000    1.151971   -0.651971 (VIOLATED)
mprj1/wbs_dat_i[11]                     0.500000    1.148844   -0.648844 (VIOLATED)
core/output169/X                        0.500000    1.123000   -0.623000 (VIOLATED)
mprj1/wbs_sel_i[2]                      0.500000    1.114459   -0.614459 (VIOLATED)
core/input29/A                          0.500000    1.102345   -0.602344 (VIOLATED)
core/ANTENNA_input29_A/DIODE            0.500000    1.102343   -0.602343 (VIOLATED)
core/input32/A                          0.500000    1.074726   -0.574726 (VIOLATED)
core/ANTENNA_input32_A/DIODE            0.500000    1.074725   -0.574725 (VIOLATED)
mprj/wbs_dat_i[24]                      0.500000    1.065451   -0.565451 (VIOLATED)
core/input33/A                          0.500000    1.064821   -0.564820 (VIOLATED)
core/ANTENNA_input33_A/DIODE            0.500000    1.064819   -0.564819 (VIOLATED)
mprj/wbs_dat_i[28]                      0.500000    1.061253   -0.561253 (VIOLATED)
mprj1/wbs_dat_i[28]                     0.500000    1.055569   -0.555569 (VIOLATED)
mprj1/wbs_dat_i[24]                     0.500000    1.055306   -0.555306 (VIOLATED)
mprj/wbs_dat_i[7]                       0.500000    1.051254   -0.551254 (VIOLATED)
core/ANTENNA__2501__A/DIODE             0.500000    1.033755   -0.533755 (VIOLATED)
core/ANTENNA__2405__A/DIODE             0.500000    1.033754   -0.533754 (VIOLATED)
core/_2501_/A                           0.500000    1.033753   -0.533753 (VIOLATED)
core/_2405_/A                           0.500000    1.033744   -0.533744 (VIOLATED)
core/_2437_/A                           0.500000    1.033730   -0.533730 (VIOLATED)
core/_2469_/A                           0.500000    1.033713   -0.533713 (VIOLATED)
core/ANTENNA__2437__A/DIODE             0.500000    1.033698   -0.533698 (VIOLATED)
core/ANTENNA__2469__A/DIODE             0.500000    1.033697   -0.533697 (VIOLATED)
mprj/wbs_adr_i[9]                       0.500000    1.019486   -0.519486 (VIOLATED)
mprj/wbs_dat_i[3]                       0.500000    1.015517   -0.515517 (VIOLATED)
mprj1/wbs_dat_i[7]                      0.500000    1.011672   -0.511673 (VIOLATED)
mprj/wbs_dat_i[23]                      0.500000    1.002890   -0.502890 (VIOLATED)
mprj1/wbs_dat_i[23]                     0.500000    0.994025   -0.494025 (VIOLATED)
mprj1/wbs_adr_i[8]                      0.500000    0.993891   -0.493891 (VIOLATED)
mprj1/wbs_adr_i[9]                      0.500000    0.988105   -0.488105 (VIOLATED)
mprj/Vcc_wl_reset                       0.500000    0.975279   -0.475279 (VIOLATED)
la_oenb[0]                              0.500000    0.970000   -0.470000 (VIOLATED)
la_oenb[100]                            0.500000    0.970000   -0.470000 (VIOLATED)
la_oenb[101]                            0.500000    0.970000   -0.470000 (VIOLATED)
la_oenb[102]                            0.500000    0.970000   -0.470000 (VIOLATED)
la_oenb[103]                            0.500000    0.970000   -0.470000 (VIOLATED)
la_oenb[104]                            0.500000    0.970000   -0.470000 (VIOLATED)
la_oenb[105]                            0.500000    0.970000   -0.470000 (VIOLATED)
la_oenb[106]                            0.500000    0.970000   -0.470000 (VIOLATED)
la_oenb[107]                            0.500000    0.970000   -0.470000 (VIOLATED)
la_oenb[108]                            0.500000    0.970000   -0.470000 (VIOLATED)
la_oenb[109]                            0.500000    0.970000   -0.470000 (VIOLATED)
la_oenb[10]                             0.500000    0.970000   -0.470000 (VIOLATED)
la_oenb[110]                            0.500000    0.970000   -0.470000 (VIOLATED)
la_oenb[111]                            0.500000    0.970000   -0.470000 (VIOLATED)
la_oenb[112]                            0.500000    0.970000   -0.470000 (VIOLATED)
la_oenb[113]                            0.500000    0.970000   -0.470000 (VIOLATED)
la_oenb[114]                            0.500000    0.970000   -0.470000 (VIOLATED)
la_oenb[115]                            0.500000    0.970000   -0.470000 (VIOLATED)
la_oenb[116]                            0.500000    0.970000   -0.470000 (VIOLATED)
la_oenb[117]                            0.500000    0.970000   -0.470000 (VIOLATED)
la_oenb[118]                            0.500000    0.970000   -0.470000 (VIOLATED)
la_oenb[119]                            0.500000    0.970000   -0.470000 (VIOLATED)
la_oenb[11]                             0.500000    0.970000   -0.470000 (VIOLATED)
la_oenb[120]                            0.500000    0.970000   -0.470000 (VIOLATED)
la_oenb[121]                            0.500000    0.970000   -0.470000 (VIOLATED)
la_oenb[122]                            0.500000    0.970000   -0.470000 (VIOLATED)
la_oenb[123]                            0.500000    0.970000   -0.470000 (VIOLATED)
la_oenb[124]                            0.500000    0.970000   -0.470000 (VIOLATED)
la_oenb[125]                            0.500000    0.970000   -0.470000 (VIOLATED)
la_oenb[126]                            0.500000    0.970000   -0.470000 (VIOLATED)
la_oenb[127]                            0.500000    0.970000   -0.470000 (VIOLATED)
la_oenb[12]                             0.500000    0.970000   -0.470000 (VIOLATED)
la_oenb[13]                             0.500000    0.970000   -0.470000 (VIOLATED)
la_oenb[14]                             0.500000    0.970000   -0.470000 (VIOLATED)
la_oenb[15]                             0.500000    0.970000   -0.470000 (VIOLATED)
la_oenb[16]                             0.500000    0.970000   -0.470000 (VIOLATED)
la_oenb[17]                             0.500000    0.970000   -0.470000 (VIOLATED)
la_oenb[18]                             0.500000    0.970000   -0.470000 (VIOLATED)
la_oenb[19]                             0.500000    0.970000   -0.470000 (VIOLATED)
la_oenb[1]                              0.500000    0.970000   -0.470000 (VIOLATED)
la_oenb[20]                             0.500000    0.970000   -0.470000 (VIOLATED)
la_oenb[21]                             0.500000    0.970000   -0.470000 (VIOLATED)
la_oenb[22]                             0.500000    0.970000   -0.470000 (VIOLATED)
la_oenb[23]                             0.500000    0.970000   -0.470000 (VIOLATED)
la_oenb[24]                             0.500000    0.970000   -0.470000 (VIOLATED)
la_oenb[25]                             0.500000    0.970000   -0.470000 (VIOLATED)
la_oenb[26]                             0.500000    0.970000   -0.470000 (VIOLATED)
la_oenb[27]                             0.500000    0.970000   -0.470000 (VIOLATED)
la_oenb[28]                             0.500000    0.970000   -0.470000 (VIOLATED)
la_oenb[29]                             0.500000    0.970000   -0.470000 (VIOLATED)
la_oenb[2]                              0.500000    0.970000   -0.470000 (VIOLATED)
la_oenb[30]                             0.500000    0.970000   -0.470000 (VIOLATED)
la_oenb[31]                             0.500000    0.970000   -0.470000 (VIOLATED)
la_oenb[32]                             0.500000    0.970000   -0.470000 (VIOLATED)
la_oenb[33]                             0.500000    0.970000   -0.470000 (VIOLATED)
la_oenb[34]                             0.500000    0.970000   -0.470000 (VIOLATED)
la_oenb[35]                             0.500000    0.970000   -0.470000 (VIOLATED)
la_oenb[36]                             0.500000    0.970000   -0.470000 (VIOLATED)
la_oenb[37]                             0.500000    0.970000   -0.470000 (VIOLATED)
la_oenb[38]                             0.500000    0.970000   -0.470000 (VIOLATED)
la_oenb[39]                             0.500000    0.970000   -0.470000 (VIOLATED)
la_oenb[3]                              0.500000    0.970000   -0.470000 (VIOLATED)
la_oenb[40]                             0.500000    0.970000   -0.470000 (VIOLATED)
la_oenb[41]                             0.500000    0.970000   -0.470000 (VIOLATED)
la_oenb[42]                             0.500000    0.970000   -0.470000 (VIOLATED)
la_oenb[43]                             0.500000    0.970000   -0.470000 (VIOLATED)
la_oenb[44]                             0.500000    0.970000   -0.470000 (VIOLATED)
la_oenb[45]                             0.500000    0.970000   -0.470000 (VIOLATED)
la_oenb[46]                             0.500000    0.970000   -0.470000 (VIOLATED)
la_oenb[47]                             0.500000    0.970000   -0.470000 (VIOLATED)
la_oenb[48]                             0.500000    0.970000   -0.470000 (VIOLATED)
la_oenb[49]                             0.500000    0.970000   -0.470000 (VIOLATED)
la_oenb[4]                              0.500000    0.970000   -0.470000 (VIOLATED)
la_oenb[50]                             0.500000    0.970000   -0.470000 (VIOLATED)
la_oenb[51]                             0.500000    0.970000   -0.470000 (VIOLATED)
la_oenb[52]                             0.500000    0.970000   -0.470000 (VIOLATED)
la_oenb[53]                             0.500000    0.970000   -0.470000 (VIOLATED)
la_oenb[54]                             0.500000    0.970000   -0.470000 (VIOLATED)
la_oenb[55]                             0.500000    0.970000   -0.470000 (VIOLATED)
la_oenb[56]                             0.500000    0.970000   -0.470000 (VIOLATED)
la_oenb[57]                             0.500000    0.970000   -0.470000 (VIOLATED)
la_oenb[58]                             0.500000    0.970000   -0.470000 (VIOLATED)
la_oenb[59]                             0.500000    0.970000   -0.470000 (VIOLATED)
la_oenb[5]                              0.500000    0.970000   -0.470000 (VIOLATED)
la_oenb[60]                             0.500000    0.970000   -0.470000 (VIOLATED)
la_oenb[61]                             0.500000    0.970000   -0.470000 (VIOLATED)
la_oenb[62]                             0.500000    0.970000   -0.470000 (VIOLATED)
la_oenb[63]                             0.500000    0.970000   -0.470000 (VIOLATED)
la_oenb[64]                             0.500000    0.970000   -0.470000 (VIOLATED)
la_oenb[65]                             0.500000    0.970000   -0.470000 (VIOLATED)
la_oenb[66]                             0.500000    0.970000   -0.470000 (VIOLATED)
la_oenb[67]                             0.500000    0.970000   -0.470000 (VIOLATED)
la_oenb[68]                             0.500000    0.970000   -0.470000 (VIOLATED)
la_oenb[69]                             0.500000    0.970000   -0.470000 (VIOLATED)
la_oenb[6]                              0.500000    0.970000   -0.470000 (VIOLATED)
la_oenb[70]                             0.500000    0.970000   -0.470000 (VIOLATED)
la_oenb[71]                             0.500000    0.970000   -0.470000 (VIOLATED)
la_oenb[72]                             0.500000    0.970000   -0.470000 (VIOLATED)
la_oenb[73]                             0.500000    0.970000   -0.470000 (VIOLATED)
la_oenb[74]                             0.500000    0.970000   -0.470000 (VIOLATED)
la_oenb[75]                             0.500000    0.970000   -0.470000 (VIOLATED)
la_oenb[76]                             0.500000    0.970000   -0.470000 (VIOLATED)
la_oenb[77]                             0.500000    0.970000   -0.470000 (VIOLATED)
la_oenb[78]                             0.500000    0.970000   -0.470000 (VIOLATED)
la_oenb[79]                             0.500000    0.970000   -0.470000 (VIOLATED)
la_oenb[7]                              0.500000    0.970000   -0.470000 (VIOLATED)
la_oenb[80]                             0.500000    0.970000   -0.470000 (VIOLATED)
la_oenb[81]                             0.500000    0.970000   -0.470000 (VIOLATED)
la_oenb[82]                             0.500000    0.970000   -0.470000 (VIOLATED)
la_oenb[83]                             0.500000    0.970000   -0.470000 (VIOLATED)
la_oenb[84]                             0.500000    0.970000   -0.470000 (VIOLATED)
la_oenb[85]                             0.500000    0.970000   -0.470000 (VIOLATED)
la_oenb[86]                             0.500000    0.970000   -0.470000 (VIOLATED)
la_oenb[87]                             0.500000    0.970000   -0.470000 (VIOLATED)
la_oenb[88]                             0.500000    0.970000   -0.470000 (VIOLATED)
la_oenb[89]                             0.500000    0.970000   -0.470000 (VIOLATED)
la_oenb[8]                              0.500000    0.970000   -0.470000 (VIOLATED)
la_oenb[90]                             0.500000    0.970000   -0.470000 (VIOLATED)
la_oenb[91]                             0.500000    0.970000   -0.470000 (VIOLATED)
la_oenb[92]                             0.500000    0.970000   -0.470000 (VIOLATED)
la_oenb[93]                             0.500000    0.970000   -0.470000 (VIOLATED)
la_oenb[94]                             0.500000    0.970000   -0.470000 (VIOLATED)
la_oenb[95]                             0.500000    0.970000   -0.470000 (VIOLATED)
la_oenb[96]                             0.500000    0.970000   -0.470000 (VIOLATED)
la_oenb[97]                             0.500000    0.970000   -0.470000 (VIOLATED)
la_oenb[98]                             0.500000    0.970000   -0.470000 (VIOLATED)
la_oenb[99]                             0.500000    0.970000   -0.470000 (VIOLATED)
la_oenb[9]                              0.500000    0.970000   -0.470000 (VIOLATED)
mprj1/wbs_dat_i[3]                      0.500000    0.966739   -0.466739 (VIOLATED)
wbs_adr_i[0]                            0.500000    0.920000   -0.420000 (VIOLATED)
wbs_adr_i[10]                           0.500000    0.920000   -0.420000 (VIOLATED)
wbs_adr_i[11]                           0.500000    0.920000   -0.420000 (VIOLATED)
wbs_adr_i[12]                           0.500000    0.920000   -0.420000 (VIOLATED)
wbs_adr_i[13]                           0.500000    0.920000   -0.420000 (VIOLATED)
wbs_adr_i[14]                           0.500000    0.920000   -0.420000 (VIOLATED)
wbs_adr_i[15]                           0.500000    0.920000   -0.420000 (VIOLATED)
wbs_adr_i[16]                           0.500000    0.920000   -0.420000 (VIOLATED)
wbs_adr_i[17]                           0.500000    0.920000   -0.420000 (VIOLATED)
wbs_adr_i[18]                           0.500000    0.920000   -0.420000 (VIOLATED)
wbs_adr_i[19]                           0.500000    0.920000   -0.420000 (VIOLATED)
wbs_adr_i[1]                            0.500000    0.920000   -0.420000 (VIOLATED)
wbs_adr_i[20]                           0.500000    0.920000   -0.420000 (VIOLATED)
wbs_adr_i[21]                           0.500000    0.920000   -0.420000 (VIOLATED)
wbs_adr_i[22]                           0.500000    0.920000   -0.420000 (VIOLATED)
wbs_adr_i[23]                           0.500000    0.920000   -0.420000 (VIOLATED)
wbs_adr_i[24]                           0.500000    0.920000   -0.420000 (VIOLATED)
wbs_adr_i[25]                           0.500000    0.920000   -0.420000 (VIOLATED)
wbs_adr_i[26]                           0.500000    0.920000   -0.420000 (VIOLATED)
wbs_adr_i[27]                           0.500000    0.920000   -0.420000 (VIOLATED)
wbs_adr_i[28]                           0.500000    0.920000   -0.420000 (VIOLATED)
wbs_adr_i[29]                           0.500000    0.920000   -0.420000 (VIOLATED)
wbs_adr_i[2]                            0.500000    0.920000   -0.420000 (VIOLATED)
wbs_adr_i[30]                           0.500000    0.920000   -0.420000 (VIOLATED)
wbs_adr_i[31]                           0.500000    0.920000   -0.420000 (VIOLATED)
wbs_adr_i[3]                            0.500000    0.920000   -0.420000 (VIOLATED)
wbs_adr_i[4]                            0.500000    0.920000   -0.420000 (VIOLATED)
wbs_adr_i[5]                            0.500000    0.920000   -0.420000 (VIOLATED)
wbs_adr_i[6]                            0.500000    0.920000   -0.420000 (VIOLATED)
wbs_adr_i[7]                            0.500000    0.920000   -0.420000 (VIOLATED)
wbs_adr_i[8]                            0.500000    0.920000   -0.420000 (VIOLATED)
wbs_adr_i[9]                            0.500000    0.920000   -0.420000 (VIOLATED)
mprj/wbs_dat_i[6]                       0.500000    0.903395   -0.403395 (VIOLATED)
mprj1/Vcc_reset                         0.500000    0.903196   -0.403196 (VIOLATED)
mprj/Vcc_reset                          0.500000    0.902154   -0.402154 (VIOLATED)
mprj1/wbs_dat_i[6]                      0.500000    0.891793   -0.391793 (VIOLATED)
core/input18/A                          0.500000    0.877954   -0.377954 (VIOLATED)
core/ANTENNA_input18_A/DIODE            0.500000    0.877952   -0.377952 (VIOLATED)
la_data_in[0]                           0.500000    0.860000   -0.360000 (VIOLATED)
la_data_in[100]                         0.500000    0.860000   -0.360000 (VIOLATED)
la_data_in[101]                         0.500000    0.860000   -0.360000 (VIOLATED)
la_data_in[102]                         0.500000    0.860000   -0.360000 (VIOLATED)
la_data_in[103]                         0.500000    0.860000   -0.360000 (VIOLATED)
la_data_in[104]                         0.500000    0.860000   -0.360000 (VIOLATED)
la_data_in[105]                         0.500000    0.860000   -0.360000 (VIOLATED)
la_data_in[106]                         0.500000    0.860000   -0.360000 (VIOLATED)
la_data_in[107]                         0.500000    0.860000   -0.360000 (VIOLATED)
la_data_in[108]                         0.500000    0.860000   -0.360000 (VIOLATED)
la_data_in[109]                         0.500000    0.860000   -0.360000 (VIOLATED)
la_data_in[10]                          0.500000    0.860000   -0.360000 (VIOLATED)
la_data_in[110]                         0.500000    0.860000   -0.360000 (VIOLATED)
la_data_in[111]                         0.500000    0.860000   -0.360000 (VIOLATED)
la_data_in[112]                         0.500000    0.860000   -0.360000 (VIOLATED)
la_data_in[113]                         0.500000    0.860000   -0.360000 (VIOLATED)
la_data_in[114]                         0.500000    0.860000   -0.360000 (VIOLATED)
la_data_in[115]                         0.500000    0.860000   -0.360000 (VIOLATED)
la_data_in[116]                         0.500000    0.860000   -0.360000 (VIOLATED)
la_data_in[117]                         0.500000    0.860000   -0.360000 (VIOLATED)
la_data_in[118]                         0.500000    0.860000   -0.360000 (VIOLATED)
la_data_in[119]                         0.500000    0.860000   -0.360000 (VIOLATED)
la_data_in[11]                          0.500000    0.860000   -0.360000 (VIOLATED)
la_data_in[120]                         0.500000    0.860000   -0.360000 (VIOLATED)
la_data_in[121]                         0.500000    0.860000   -0.360000 (VIOLATED)
la_data_in[122]                         0.500000    0.860000   -0.360000 (VIOLATED)
la_data_in[123]                         0.500000    0.860000   -0.360000 (VIOLATED)
la_data_in[124]                         0.500000    0.860000   -0.360000 (VIOLATED)
la_data_in[125]                         0.500000    0.860000   -0.360000 (VIOLATED)
la_data_in[126]                         0.500000    0.860000   -0.360000 (VIOLATED)
la_data_in[127]                         0.500000    0.860000   -0.360000 (VIOLATED)
la_data_in[12]                          0.500000    0.860000   -0.360000 (VIOLATED)
la_data_in[13]                          0.500000    0.860000   -0.360000 (VIOLATED)
la_data_in[14]                          0.500000    0.860000   -0.360000 (VIOLATED)
la_data_in[15]                          0.500000    0.860000   -0.360000 (VIOLATED)
la_data_in[16]                          0.500000    0.860000   -0.360000 (VIOLATED)
la_data_in[17]                          0.500000    0.860000   -0.360000 (VIOLATED)
la_data_in[18]                          0.500000    0.860000   -0.360000 (VIOLATED)
la_data_in[19]                          0.500000    0.860000   -0.360000 (VIOLATED)
la_data_in[1]                           0.500000    0.860000   -0.360000 (VIOLATED)
la_data_in[20]                          0.500000    0.860000   -0.360000 (VIOLATED)
la_data_in[21]                          0.500000    0.860000   -0.360000 (VIOLATED)
la_data_in[22]                          0.500000    0.860000   -0.360000 (VIOLATED)
la_data_in[23]                          0.500000    0.860000   -0.360000 (VIOLATED)
la_data_in[24]                          0.500000    0.860000   -0.360000 (VIOLATED)
la_data_in[25]                          0.500000    0.860000   -0.360000 (VIOLATED)
la_data_in[26]                          0.500000    0.860000   -0.360000 (VIOLATED)
la_data_in[27]                          0.500000    0.860000   -0.360000 (VIOLATED)
la_data_in[28]                          0.500000    0.860000   -0.360000 (VIOLATED)
la_data_in[29]                          0.500000    0.860000   -0.360000 (VIOLATED)
la_data_in[2]                           0.500000    0.860000   -0.360000 (VIOLATED)
la_data_in[30]                          0.500000    0.860000   -0.360000 (VIOLATED)
la_data_in[31]                          0.500000    0.860000   -0.360000 (VIOLATED)
la_data_in[32]                          0.500000    0.860000   -0.360000 (VIOLATED)
la_data_in[33]                          0.500000    0.860000   -0.360000 (VIOLATED)
la_data_in[34]                          0.500000    0.860000   -0.360000 (VIOLATED)
la_data_in[35]                          0.500000    0.860000   -0.360000 (VIOLATED)
la_data_in[36]                          0.500000    0.860000   -0.360000 (VIOLATED)
la_data_in[37]                          0.500000    0.860000   -0.360000 (VIOLATED)
la_data_in[38]                          0.500000    0.860000   -0.360000 (VIOLATED)
la_data_in[39]                          0.500000    0.860000   -0.360000 (VIOLATED)
la_data_in[3]                           0.500000    0.860000   -0.360000 (VIOLATED)
la_data_in[40]                          0.500000    0.860000   -0.360000 (VIOLATED)
la_data_in[41]                          0.500000    0.860000   -0.360000 (VIOLATED)
la_data_in[42]                          0.500000    0.860000   -0.360000 (VIOLATED)
la_data_in[43]                          0.500000    0.860000   -0.360000 (VIOLATED)
la_data_in[44]                          0.500000    0.860000   -0.360000 (VIOLATED)
la_data_in[45]                          0.500000    0.860000   -0.360000 (VIOLATED)
la_data_in[46]                          0.500000    0.860000   -0.360000 (VIOLATED)
la_data_in[47]                          0.500000    0.860000   -0.360000 (VIOLATED)
la_data_in[48]                          0.500000    0.860000   -0.360000 (VIOLATED)
la_data_in[49]                          0.500000    0.860000   -0.360000 (VIOLATED)
la_data_in[4]                           0.500000    0.860000   -0.360000 (VIOLATED)
la_data_in[50]                          0.500000    0.860000   -0.360000 (VIOLATED)
la_data_in[51]                          0.500000    0.860000   -0.360000 (VIOLATED)
la_data_in[52]                          0.500000    0.860000   -0.360000 (VIOLATED)
la_data_in[53]                          0.500000    0.860000   -0.360000 (VIOLATED)
la_data_in[54]                          0.500000    0.860000   -0.360000 (VIOLATED)
la_data_in[55]                          0.500000    0.860000   -0.360000 (VIOLATED)
la_data_in[56]                          0.500000    0.860000   -0.360000 (VIOLATED)
la_data_in[57]                          0.500000    0.860000   -0.360000 (VIOLATED)
la_data_in[58]                          0.500000    0.860000   -0.360000 (VIOLATED)
la_data_in[59]                          0.500000    0.860000   -0.360000 (VIOLATED)
la_data_in[5]                           0.500000    0.860000   -0.360000 (VIOLATED)
la_data_in[60]                          0.500000    0.860000   -0.360000 (VIOLATED)
la_data_in[61]                          0.500000    0.860000   -0.360000 (VIOLATED)
la_data_in[62]                          0.500000    0.860000   -0.360000 (VIOLATED)
la_data_in[63]                          0.500000    0.860000   -0.360000 (VIOLATED)
la_data_in[64]                          0.500000    0.860000   -0.360000 (VIOLATED)
la_data_in[65]                          0.500000    0.860000   -0.360000 (VIOLATED)
la_data_in[66]                          0.500000    0.860000   -0.360000 (VIOLATED)
la_data_in[67]                          0.500000    0.860000   -0.360000 (VIOLATED)
la_data_in[68]                          0.500000    0.860000   -0.360000 (VIOLATED)
la_data_in[69]                          0.500000    0.860000   -0.360000 (VIOLATED)
la_data_in[6]                           0.500000    0.860000   -0.360000 (VIOLATED)
la_data_in[70]                          0.500000    0.860000   -0.360000 (VIOLATED)
la_data_in[71]                          0.500000    0.860000   -0.360000 (VIOLATED)
la_data_in[72]                          0.500000    0.860000   -0.360000 (VIOLATED)
la_data_in[73]                          0.500000    0.860000   -0.360000 (VIOLATED)
la_data_in[74]                          0.500000    0.860000   -0.360000 (VIOLATED)
la_data_in[75]                          0.500000    0.860000   -0.360000 (VIOLATED)
la_data_in[76]                          0.500000    0.860000   -0.360000 (VIOLATED)
la_data_in[77]                          0.500000    0.860000   -0.360000 (VIOLATED)
la_data_in[78]                          0.500000    0.860000   -0.360000 (VIOLATED)
la_data_in[79]                          0.500000    0.860000   -0.360000 (VIOLATED)
la_data_in[7]                           0.500000    0.860000   -0.360000 (VIOLATED)
la_data_in[80]                          0.500000    0.860000   -0.360000 (VIOLATED)
la_data_in[81]                          0.500000    0.860000   -0.360000 (VIOLATED)
la_data_in[82]                          0.500000    0.860000   -0.360000 (VIOLATED)
la_data_in[83]                          0.500000    0.860000   -0.360000 (VIOLATED)
la_data_in[84]                          0.500000    0.860000   -0.360000 (VIOLATED)
la_data_in[85]                          0.500000    0.860000   -0.360000 (VIOLATED)
la_data_in[86]                          0.500000    0.860000   -0.360000 (VIOLATED)
la_data_in[87]                          0.500000    0.860000   -0.360000 (VIOLATED)
la_data_in[88]                          0.500000    0.860000   -0.360000 (VIOLATED)
la_data_in[89]                          0.500000    0.860000   -0.360000 (VIOLATED)
la_data_in[8]                           0.500000    0.860000   -0.360000 (VIOLATED)
la_data_in[90]                          0.500000    0.860000   -0.360000 (VIOLATED)
la_data_in[91]                          0.500000    0.860000   -0.360000 (VIOLATED)
la_data_in[92]                          0.500000    0.860000   -0.360000 (VIOLATED)
la_data_in[93]                          0.500000    0.860000   -0.360000 (VIOLATED)
la_data_in[94]                          0.500000    0.860000   -0.360000 (VIOLATED)
la_data_in[95]                          0.500000    0.860000   -0.360000 (VIOLATED)
la_data_in[96]                          0.500000    0.860000   -0.360000 (VIOLATED)
la_data_in[97]                          0.500000    0.860000   -0.360000 (VIOLATED)
la_data_in[98]                          0.500000    0.860000   -0.360000 (VIOLATED)
la_data_in[99]                          0.500000    0.860000   -0.360000 (VIOLATED)
la_data_in[9]                           0.500000    0.860000   -0.360000 (VIOLATED)
wbs_dat_i[0]                            0.500000    0.840000   -0.340000 (VIOLATED)
wbs_dat_i[10]                           0.500000    0.840000   -0.340000 (VIOLATED)
wbs_dat_i[11]                           0.500000    0.840000   -0.340000 (VIOLATED)
wbs_dat_i[12]                           0.500000    0.840000   -0.340000 (VIOLATED)
wbs_dat_i[13]                           0.500000    0.840000   -0.340000 (VIOLATED)
wbs_dat_i[14]                           0.500000    0.840000   -0.340000 (VIOLATED)
wbs_dat_i[15]                           0.500000    0.840000   -0.340000 (VIOLATED)
wbs_dat_i[16]                           0.500000    0.840000   -0.340000 (VIOLATED)
wbs_dat_i[17]                           0.500000    0.840000   -0.340000 (VIOLATED)
wbs_dat_i[18]                           0.500000    0.840000   -0.340000 (VIOLATED)
wbs_dat_i[19]                           0.500000    0.840000   -0.340000 (VIOLATED)
wbs_dat_i[1]                            0.500000    0.840000   -0.340000 (VIOLATED)
wbs_dat_i[20]                           0.500000    0.840000   -0.340000 (VIOLATED)
wbs_dat_i[21]                           0.500000    0.840000   -0.340000 (VIOLATED)
wbs_dat_i[22]                           0.500000    0.840000   -0.340000 (VIOLATED)
wbs_dat_i[23]                           0.500000    0.840000   -0.340000 (VIOLATED)
wbs_dat_i[24]                           0.500000    0.840000   -0.340000 (VIOLATED)
wbs_dat_i[25]                           0.500000    0.840000   -0.340000 (VIOLATED)
wbs_dat_i[26]                           0.500000    0.840000   -0.340000 (VIOLATED)
wbs_dat_i[27]                           0.500000    0.840000   -0.340000 (VIOLATED)
wbs_dat_i[28]                           0.500000    0.840000   -0.340000 (VIOLATED)
wbs_dat_i[29]                           0.500000    0.840000   -0.340000 (VIOLATED)
wbs_dat_i[2]                            0.500000    0.840000   -0.340000 (VIOLATED)
wbs_dat_i[30]                           0.500000    0.840000   -0.340000 (VIOLATED)
wbs_dat_i[31]                           0.500000    0.840000   -0.340000 (VIOLATED)
wbs_dat_i[3]                            0.500000    0.840000   -0.340000 (VIOLATED)
wbs_dat_i[4]                            0.500000    0.840000   -0.340000 (VIOLATED)
wbs_dat_i[5]                            0.500000    0.840000   -0.340000 (VIOLATED)
wbs_dat_i[6]                            0.500000    0.840000   -0.340000 (VIOLATED)
wbs_dat_i[7]                            0.500000    0.840000   -0.340000 (VIOLATED)
wbs_dat_i[8]                            0.500000    0.840000   -0.340000 (VIOLATED)
wbs_dat_i[9]                            0.500000    0.840000   -0.340000 (VIOLATED)
core/input36/A                          0.500000    0.694034   -0.194034 (VIOLATED)
core/ANTENNA_input36_A/DIODE            0.500000    0.694034   -0.194034 (VIOLATED)
wb_clk_i                                0.500000    0.610000   -0.110000 (VIOLATED)
mprj/wbs_sel_i[0]                       0.500000    0.598430   -0.098430 (VIOLATED)
core/ANTENNA_input37_A/DIODE            0.500000    0.576019   -0.076019 (VIOLATED)
core/input37/A                          0.500000    0.576018   -0.076018 (VIOLATED)
core/ANTENNA_input38_A/DIODE            0.500000    0.547450   -0.047450 (VIOLATED)
core/input38/A                          0.500000    0.547450   -0.047450 (VIOLATED)
mprj/wbs_sel_i[1]                       0.500000    0.519535   -0.019535 (VIOLATED)
mprj/wbs_sel_i[3]                       0.500000    0.506301   -0.006301 (VIOLATED)

max fanout

Pin                                   Limit Fanout  Slack
---------------------------------------------------------
core/clkbuf_0_wb_clk_i/X                 10     33    -23 (VIOLATED)
core/fanout221/X                         10     21    -11 (VIOLATED)
core/fanout226/X                         10     21    -11 (VIOLATED)
core/fanout302/X                         10     21    -11 (VIOLATED)
core/fanout334/X                         10     21    -11 (VIOLATED)
core/clkbuf_4_0_0_wb_clk_i/X             10     15     -5 (VIOLATED)
core/fanout329/X                         10     15     -5 (VIOLATED)
core/clkbuf_4_8_0_wb_clk_i/X             10     14     -4 (VIOLATED)
core/clkbuf_4_12_0_wb_clk_i/X            10     13     -3 (VIOLATED)
core/clkbuf_4_14_0_wb_clk_i/X            10     13     -3 (VIOLATED)
core/clkbuf_4_9_0_wb_clk_i/X             10     13     -3 (VIOLATED)
core/clkbuf_4_13_0_wb_clk_i/X            10     12     -2 (VIOLATED)
core/clkbuf_4_15_0_wb_clk_i/X            10     12     -2 (VIOLATED)
core/clkbuf_4_10_0_wb_clk_i/X            10     11        (VIOLATED)
core/clkbuf_4_1_0_wb_clk_i/X             10     11        (VIOLATED)
core/clkbuf_4_3_0_wb_clk_i/X             10     11        (VIOLATED)
core/fanout225/X                         10     11        (VIOLATED)
core/input26/X                           10     11        (VIOLATED)

max capacitance

Pin                                        Limit         Cap       Slack
------------------------------------------------------------------------
core/output195/X                        0.417490    0.707414   -0.289924 (VIOLATED)
core/output173/X                        0.417490    0.662012   -0.244522 (VIOLATED)
core/output175/X                        0.417490    0.647346   -0.229856 (VIOLATED)
core/output182/X                        0.417490    0.641895   -0.224405 (VIOLATED)
core/output171/X                        0.417490    0.638874   -0.221384 (VIOLATED)
core/output197/X                        0.417490    0.620181   -0.202691 (VIOLATED)
core/output190/X                        0.417490    0.616930   -0.199440 (VIOLATED)
core/output187/X                        0.417490    0.613926   -0.196436 (VIOLATED)
core/output170/X                        0.417490    0.605964   -0.188474 (VIOLATED)
core/output191/X                        0.417490    0.596760   -0.179270 (VIOLATED)
core/output196/X                        0.417490    0.581316   -0.163826 (VIOLATED)
core/output172/X                        0.417490    0.574606   -0.157116 (VIOLATED)
core/output180/X                        0.417490    0.563589   -0.146099 (VIOLATED)
core/output200/X                        0.417490    0.561693   -0.144203 (VIOLATED)
core/output186/X                        0.417490    0.561496   -0.144006 (VIOLATED)
core/output176/X                        0.417490    0.556718   -0.139228 (VIOLATED)
core/output201/X                        0.417490    0.544919   -0.127429 (VIOLATED)
core/output179/X                        0.417490    0.534850   -0.117360 (VIOLATED)
core/output188/X                        0.417490    0.532269   -0.114779 (VIOLATED)
core/output174/X                        0.417490    0.523729   -0.106239 (VIOLATED)
core/output178/X                        0.417490    0.521950   -0.104460 (VIOLATED)
core/output183/X                        0.417490    0.519515   -0.102025 (VIOLATED)
core/output177/X                        0.417490    0.516610   -0.099120 (VIOLATED)
core/output181/X                        0.417490    0.508855   -0.091365 (VIOLATED)
core/output184/X                        0.417490    0.505226   -0.087736 (VIOLATED)
core/output185/X                        0.417490    0.495975   -0.078485 (VIOLATED)
core/output193/X                        0.417490    0.465680   -0.048190 (VIOLATED)
core/output198/X                        0.417490    0.463719   -0.046229 (VIOLATED)
core/output199/X                        0.417490    0.459379   -0.041889 (VIOLATED)
core/output202/X                        0.417490    0.455358   -0.037868 (VIOLATED)
core/output189/X                        0.417490    0.445918   -0.028428 (VIOLATED)
core/output192/X                        0.417490    0.444655   -0.027165 (VIOLATED)
core/output194/X                        0.417490    0.441957   -0.024467 (VIOLATED)



===========================================================================
report_parasitic_annotation -report_unannotated
============================================================================
Found 329 unannotated drivers.
 analog_io[13]
 analog_io[14]
 analog_io[15]
 analog_io[16]
 analog_io[17]
 analog_io[18]
 analog_io[19]
 analog_io[20]
 analog_io[21]
 analog_io[22]
 analog_io[23]
 analog_io[24]
 analog_io[25]
 analog_io[26]
 analog_io[27]
 analog_io[28]
 analog_io[4]
 io_in[0]
 io_in[10]
 io_in[11]
 io_in[12]
 io_in[13]
 io_in[14]
 io_in[15]
 io_in[16]
 io_in[17]
 io_in[18]
 io_in[19]
 io_in[20]
 io_in[21]
 io_in[22]
 io_in[23]
 io_in[24]
 io_in[25]
 io_in[26]
 io_in[27]
 io_in[28]
 io_in[29]
 io_in[30]
 io_in[31]
 io_in[32]
 io_in[33]
 io_in[34]
 io_in[35]
 io_in[36]
 io_in[37]
 io_in[3]
 io_in[6]
 io_in[7]
 io_in[8]
 io_in[9]
 la_data_in[0]
 la_data_in[100]
 la_data_in[101]
 la_data_in[102]
 la_data_in[103]
 la_data_in[104]
 la_data_in[105]
 la_data_in[106]
 la_data_in[107]
 la_data_in[108]
 la_data_in[109]
 la_data_in[10]
 la_data_in[110]
 la_data_in[111]
 la_data_in[112]
 la_data_in[113]
 la_data_in[114]
 la_data_in[115]
 la_data_in[116]
 la_data_in[117]
 la_data_in[118]
 la_data_in[119]
 la_data_in[11]
 la_data_in[120]
 la_data_in[121]
 la_data_in[122]
 la_data_in[123]
 la_data_in[124]
 la_data_in[125]
 la_data_in[126]
 la_data_in[127]
 la_data_in[12]
 la_data_in[13]
 la_data_in[14]
 la_data_in[15]
 la_data_in[16]
 la_data_in[17]
 la_data_in[18]
 la_data_in[19]
 la_data_in[1]
 la_data_in[20]
 la_data_in[21]
 la_data_in[22]
 la_data_in[23]
 la_data_in[24]
 la_data_in[25]
 la_data_in[26]
 la_data_in[27]
 la_data_in[28]
 la_data_in[29]
 la_data_in[2]
 la_data_in[30]
 la_data_in[31]
 la_data_in[32]
 la_data_in[33]
 la_data_in[34]
 la_data_in[35]
 la_data_in[36]
 la_data_in[37]
 la_data_in[38]
 la_data_in[39]
 la_data_in[3]
 la_data_in[40]
 la_data_in[41]
 la_data_in[42]
 la_data_in[43]
 la_data_in[44]
 la_data_in[45]
 la_data_in[46]
 la_data_in[47]
 la_data_in[48]
 la_data_in[49]
 la_data_in[4]
 la_data_in[50]
 la_data_in[51]
 la_data_in[52]
 la_data_in[53]
 la_data_in[54]
 la_data_in[55]
 la_data_in[56]
 la_data_in[57]
 la_data_in[58]
 la_data_in[59]
 la_data_in[5]
 la_data_in[60]
 la_data_in[61]
 la_data_in[62]
 la_data_in[63]
 la_data_in[64]
 la_data_in[65]
 la_data_in[66]
 la_data_in[67]
 la_data_in[68]
 la_data_in[69]
 la_data_in[6]
 la_data_in[70]
 la_data_in[71]
 la_data_in[72]
 la_data_in[73]
 la_data_in[74]
 la_data_in[75]
 la_data_in[76]
 la_data_in[77]
 la_data_in[78]
 la_data_in[79]
 la_data_in[7]
 la_data_in[80]
 la_data_in[81]
 la_data_in[82]
 la_data_in[83]
 la_data_in[84]
 la_data_in[85]
 la_data_in[86]
 la_data_in[87]
 la_data_in[88]
 la_data_in[89]
 la_data_in[8]
 la_data_in[90]
 la_data_in[91]
 la_data_in[92]
 la_data_in[93]
 la_data_in[94]
 la_data_in[95]
 la_data_in[96]
 la_data_in[97]
 la_data_in[98]
 la_data_in[99]
 la_data_in[9]
 la_oenb[0]
 la_oenb[100]
 la_oenb[101]
 la_oenb[102]
 la_oenb[103]
 la_oenb[104]
 la_oenb[105]
 la_oenb[106]
 la_oenb[107]
 la_oenb[108]
 la_oenb[109]
 la_oenb[10]
 la_oenb[110]
 la_oenb[111]
 la_oenb[112]
 la_oenb[113]
 la_oenb[114]
 la_oenb[115]
 la_oenb[116]
 la_oenb[117]
 la_oenb[118]
 la_oenb[119]
 la_oenb[11]
 la_oenb[120]
 la_oenb[121]
 la_oenb[122]
 la_oenb[123]
 la_oenb[124]
 la_oenb[125]
 la_oenb[126]
 la_oenb[127]
 la_oenb[12]
 la_oenb[13]
 la_oenb[14]
 la_oenb[15]
 la_oenb[16]
 la_oenb[17]
 la_oenb[18]
 la_oenb[19]
 la_oenb[1]
 la_oenb[20]
 la_oenb[21]
 la_oenb[22]
 la_oenb[23]
 la_oenb[24]
 la_oenb[25]
 la_oenb[26]
 la_oenb[27]
 la_oenb[28]
 la_oenb[29]
 la_oenb[2]
 la_oenb[30]
 la_oenb[31]
 la_oenb[32]
 la_oenb[33]
 la_oenb[34]
 la_oenb[35]
 la_oenb[36]
 la_oenb[37]
 la_oenb[38]
 la_oenb[39]
 la_oenb[3]
 la_oenb[40]
 la_oenb[41]
 la_oenb[42]
 la_oenb[43]
 la_oenb[44]
 la_oenb[45]
 la_oenb[46]
 la_oenb[47]
 la_oenb[48]
 la_oenb[49]
 la_oenb[4]
 la_oenb[50]
 la_oenb[51]
 la_oenb[52]
 la_oenb[53]
 la_oenb[54]
 la_oenb[55]
 la_oenb[56]
 la_oenb[57]
 la_oenb[58]
 la_oenb[59]
 la_oenb[5]
 la_oenb[60]
 la_oenb[61]
 la_oenb[62]
 la_oenb[63]
 la_oenb[64]
 la_oenb[65]
 la_oenb[66]
 la_oenb[67]
 la_oenb[68]
 la_oenb[69]
 la_oenb[6]
 la_oenb[70]
 la_oenb[71]
 la_oenb[72]
 la_oenb[73]
 la_oenb[74]
 la_oenb[75]
 la_oenb[76]
 la_oenb[77]
 la_oenb[78]
 la_oenb[79]
 la_oenb[7]
 la_oenb[80]
 la_oenb[81]
 la_oenb[82]
 la_oenb[83]
 la_oenb[84]
 la_oenb[85]
 la_oenb[86]
 la_oenb[87]
 la_oenb[88]
 la_oenb[89]
 la_oenb[8]
 la_oenb[90]
 la_oenb[91]
 la_oenb[92]
 la_oenb[93]
 la_oenb[94]
 la_oenb[95]
 la_oenb[96]
 la_oenb[97]
 la_oenb[98]
 la_oenb[99]
 la_oenb[9]
 user_clock2
 core/clkload0/Y
 core/clkload1/Y
 core/clkload10/Y
 core/clkload11/Y
 core/clkload12/Y
 core/clkload13/Y
 core/clkload14/Y
 core/clkload2/Y
 core/clkload3/Y
 core/clkload4/Y
 core/clkload5/Y
 core/clkload6/Y
 core/clkload7/X
 core/clkload8/Y
 core/clkload9/Y
 mprj/VDDA
 mprj/VDDC
 mprj/VSS
 mprj1/VDDA
 mprj1/VDDC
 mprj1/VSS
Found 0 partially unannotated drivers.

===========================================================================
max slew violation count 727
max fanout violation count 18
max cap violation count 33
============================================================================

===========================================================================
check_setup -verbose -unconstrained_endpoints -multiple_clock -no_clock -no_input_delay -loops -generated_clocks
===========================================================================
Warning: There are 68 input ports missing set_input_delay.
  analog_io[0]
  analog_io[10]
  analog_io[11]
  analog_io[12]
  analog_io[13]
  analog_io[14]
  analog_io[15]
  analog_io[16]
  analog_io[17]
  analog_io[18]
  analog_io[19]
  analog_io[1]
  analog_io[20]
  analog_io[21]
  analog_io[22]
  analog_io[23]
  analog_io[24]
  analog_io[25]
  analog_io[26]
  analog_io[27]
  analog_io[28]
  analog_io[2]
  analog_io[3]
  analog_io[4]
  analog_io[5]
  analog_io[6]
  analog_io[7]
  analog_io[8]
  analog_io[9]
  io_in[0]
  io_in[10]
  io_in[11]
  io_in[12]
  io_in[13]
  io_in[14]
  io_in[15]
  io_in[16]
  io_in[17]
  io_in[18]
  io_in[19]
  io_in[1]
  io_in[20]
  io_in[21]
  io_in[22]
  io_in[23]
  io_in[24]
  io_in[25]
  io_in[26]
  io_in[27]
  io_in[28]
  io_in[29]
  io_in[2]
  io_in[30]
  io_in[31]
  io_in[32]
  io_in[33]
  io_in[34]
  io_in[35]
  io_in[36]
  io_in[37]
  io_in[3]
  io_in[4]
  io_in[5]
  io_in[6]
  io_in[7]
  io_in[8]
  io_in[9]
  user_clock2
Warning: There are 236 unconstrained endpoints.
  analog_io[0]
  analog_io[10]
  analog_io[11]
  analog_io[12]
  analog_io[13]
  analog_io[14]
  analog_io[15]
  analog_io[16]
  analog_io[17]
  analog_io[18]
  analog_io[19]
  analog_io[1]
  analog_io[20]
  analog_io[21]
  analog_io[22]
  analog_io[23]
  analog_io[24]
  analog_io[25]
  analog_io[26]
  analog_io[27]
  analog_io[28]
  analog_io[2]
  analog_io[3]
  analog_io[4]
  analog_io[5]
  analog_io[6]
  analog_io[7]
  analog_io[8]
  analog_io[9]
  io_oeb[0]
  io_oeb[10]
  io_oeb[11]
  io_oeb[12]
  io_oeb[13]
  io_oeb[14]
  io_oeb[15]
  io_oeb[16]
  io_oeb[17]
  io_oeb[18]
  io_oeb[19]
  io_oeb[1]
  io_oeb[20]
  io_oeb[21]
  io_oeb[22]
  io_oeb[23]
  io_oeb[24]
  io_oeb[25]
  io_oeb[26]
  io_oeb[27]
  io_oeb[28]
  io_oeb[29]
  io_oeb[2]
  io_oeb[30]
  io_oeb[31]
  io_oeb[32]
  io_oeb[33]
  io_oeb[34]
  io_oeb[35]
  io_oeb[36]
  io_oeb[37]
  io_oeb[3]
  io_oeb[4]
  io_oeb[5]
  io_oeb[6]
  io_oeb[7]
  io_oeb[8]
  io_oeb[9]
  io_out[0]
  io_out[10]
  io_out[11]
  io_out[12]
  io_out[13]
  io_out[14]
  io_out[15]
  io_out[16]
  io_out[17]
  io_out[18]
  io_out[19]
  io_out[1]
  io_out[20]
  io_out[21]
  io_out[22]
  io_out[23]
  io_out[24]
  io_out[25]
  io_out[26]
  io_out[27]
  io_out[28]
  io_out[29]
  io_out[2]
  io_out[30]
  io_out[31]
  io_out[32]
  io_out[33]
  io_out[34]
  io_out[35]
  io_out[36]
  io_out[37]
  io_out[3]
  io_out[4]
  io_out[5]
  io_out[6]
  io_out[7]
  io_out[8]
  io_out[9]
  la_data_out[0]
  la_data_out[100]
  la_data_out[101]
  la_data_out[102]
  la_data_out[103]
  la_data_out[104]
  la_data_out[105]
  la_data_out[106]
  la_data_out[107]
  la_data_out[108]
  la_data_out[109]
  la_data_out[10]
  la_data_out[110]
  la_data_out[111]
  la_data_out[112]
  la_data_out[113]
  la_data_out[114]
  la_data_out[115]
  la_data_out[116]
  la_data_out[117]
  la_data_out[118]
  la_data_out[119]
  la_data_out[11]
  la_data_out[120]
  la_data_out[121]
  la_data_out[122]
  la_data_out[123]
  la_data_out[124]
  la_data_out[125]
  la_data_out[126]
  la_data_out[127]
  la_data_out[12]
  la_data_out[13]
  la_data_out[14]
  la_data_out[15]
  la_data_out[16]
  la_data_out[17]
  la_data_out[18]
  la_data_out[19]
  la_data_out[1]
  la_data_out[20]
  la_data_out[21]
  la_data_out[22]
  la_data_out[23]
  la_data_out[24]
  la_data_out[25]
  la_data_out[26]
  la_data_out[27]
  la_data_out[28]
  la_data_out[29]
  la_data_out[2]
  la_data_out[30]
  la_data_out[31]
  la_data_out[32]
  la_data_out[33]
  la_data_out[34]
  la_data_out[35]
  la_data_out[36]
  la_data_out[37]
  la_data_out[38]
  la_data_out[39]
  la_data_out[3]
  la_data_out[40]
  la_data_out[41]
  la_data_out[42]
  la_data_out[43]
  la_data_out[44]
  la_data_out[45]
  la_data_out[46]
  la_data_out[47]
  la_data_out[48]
  la_data_out[49]
  la_data_out[4]
  la_data_out[50]
  la_data_out[51]
  la_data_out[52]
  la_data_out[53]
  la_data_out[54]
  la_data_out[55]
  la_data_out[56]
  la_data_out[57]
  la_data_out[58]
  la_data_out[59]
  la_data_out[5]
  la_data_out[60]
  la_data_out[61]
  la_data_out[62]
  la_data_out[63]
  la_data_out[64]
  la_data_out[65]
  la_data_out[66]
  la_data_out[67]
  la_data_out[68]
  la_data_out[69]
  la_data_out[6]
  la_data_out[70]
  la_data_out[71]
  la_data_out[72]
  la_data_out[73]
  la_data_out[74]
  la_data_out[75]
  la_data_out[76]
  la_data_out[77]
  la_data_out[78]
  la_data_out[79]
  la_data_out[7]
  la_data_out[80]
  la_data_out[81]
  la_data_out[82]
  la_data_out[83]
  la_data_out[84]
  la_data_out[85]
  la_data_out[86]
  la_data_out[87]
  la_data_out[88]
  la_data_out[89]
  la_data_out[8]
  la_data_out[90]
  la_data_out[91]
  la_data_out[92]
  la_data_out[93]
  la_data_out[94]
  la_data_out[95]
  la_data_out[96]
  la_data_out[97]
  la_data_out[98]
  la_data_out[99]
  la_data_out[9]
  user_irq[0]
  user_irq[1]
  user_irq[2]
