Clock: wb_clk_i
Sources: wb_clk_i 
Generated: no
Virtual: yes
Propagated: no
Period: 25.000000

===========================================================================
report_clock_properties
============================================================================
Clock                   Period          Waveform
----------------------------------------------------
wb_clk_i             25.000000    0.000000 12.500000

===========================================================================
report_clock_latency
============================================================================
Clock wb_clk_i
rise -> rise
    min     max
0.000000 0.000000 source latency
0.476776         network latency _2272_/CLK
        0.517701 network latency _2245_/CLK
---------------
0.476776 0.517701 latency
        0.040925 skew

fall -> fall
    min     max
0.000000 0.000000 source latency
0.382732         network latency _2272_/CLK
        0.414539 network latency _2245_/CLK
---------------
0.382732 0.414539 latency
        0.031807 skew



===========================================================================
report_clock_min_period
============================================================================
wb_clk_i period_min = 4.24 fmax = 235.58
