
===========================================================================
 report_power
============================================================================
======================= max_ff_n40C_1v95 Corner ===================================

Group                    Internal    Switching      Leakage        Total
                            Power        Power        Power        Power (Watts)
------------------------------------------------------------------------
Sequential           3.716290e-04 1.339837e-05 3.830392e-09 3.850312e-04  21.0%
Combinational        6.922980e-04 4.799292e-04 3.455467e-08 1.172262e-03  63.9%
Clock                1.101282e-04 1.658261e-04 2.002733e-09 2.759564e-04  15.1%
Macro                0.000000e+00 0.000000e+00 0.000000e+00 0.000000e+00   0.0%
Pad                  0.000000e+00 0.000000e+00 0.000000e+00 0.000000e+00   0.0%
------------------------------------------------------------------------
Total                1.174054e-03 6.591529e-04 4.038778e-08 1.833247e-03 100.0%
                            64.0%        36.0%         0.0%

