
===========================================================================
report_checks -unconstrained
===========================================================================
======================= min_tt_025C_1v80 Corner ===================================

Startpoint: wb_rst_i (input port clocked by wb_clk_i)
Endpoint: _2306_ (recovery check against rising-edge clock wb_clk_i)
Path Group: asynchronous
Path Type: max

Fanout         Cap        Slew       Delay        Time   Description
---------------------------------------------------------------------------------------------
                                  0.000000    0.000000   clock wb_clk_i (rise edge)
                                  0.000000    0.000000   clock network delay (propagated)
                                  5.000000    5.000000 v input external delay
     2    0.003750    0.010836    0.006017    5.006017 v wb_rst_i (in)
                                                         wb_rst_i (net)
                      0.010836    0.000000    5.006017 v input9/A (sky130_fd_sc_hd__buf_1)
     1    0.012675    0.079302    0.116855    5.122872 v input9/X (sky130_fd_sc_hd__buf_1)
                                                         net9 (net)
                      0.079306    0.000630    5.123502 v fanout329/A (sky130_fd_sc_hd__buf_4)
    15    0.090778    0.118878    0.231820    5.355322 v fanout329/X (sky130_fd_sc_hd__buf_4)
                                                         net329 (net)
                      0.120322    0.010517    5.365839 v fanout328/A (sky130_fd_sc_hd__clkbuf_4)
     5    0.046237    0.101000    0.233282    5.599122 v fanout328/X (sky130_fd_sc_hd__clkbuf_4)
                                                         net328 (net)
                      0.101000    0.000083    5.599205 v fanout325/A (sky130_fd_sc_hd__clkbuf_4)
     8    0.049274    0.106688    0.230151    5.829355 v fanout325/X (sky130_fd_sc_hd__clkbuf_4)
                                                         net325 (net)
                      0.106739    0.002141    5.831496 v fanout323/A (sky130_fd_sc_hd__buf_4)
    10    0.060498    0.085117    0.222732    6.054227 v fanout323/X (sky130_fd_sc_hd__buf_4)
                                                         net323 (net)
                      0.085158    0.001787    6.056014 v _2144_/A (sky130_fd_sc_hd__inv_2)
     1    0.004457    0.036255    0.061523    6.117537 ^ _2144_/Y (sky130_fd_sc_hd__inv_2)
                                                         _0082_ (net)
                      0.036255    0.000042    6.117579 ^ _2306_/RESET_B (sky130_fd_sc_hd__dfrtp_4)
                                              6.117579   data arrival time

                                 25.000000   25.000000   clock wb_clk_i (rise edge)
                                  0.000000   25.000000   clock source latency
     2    0.039317    0.180776    0.128717   25.128716 ^ wb_clk_i (in)
                                                         wb_clk_i (net)
                      0.181037    0.000000   25.128716 ^ clkbuf_0_wb_clk_i/A (sky130_fd_sc_hd__clkbuf_16)
    33    0.203020    0.212798    0.300540   25.429256 ^ clkbuf_0_wb_clk_i/X (sky130_fd_sc_hd__clkbuf_16)
                                                         clknet_0_wb_clk_i (net)
                      0.213013    0.005549   25.434805 ^ clkbuf_4_13_0_wb_clk_i/A (sky130_fd_sc_hd__clkbuf_8)
    12    0.042172    0.086632    0.216547   25.651352 ^ clkbuf_4_13_0_wb_clk_i/X (sky130_fd_sc_hd__clkbuf_8)
                                                         clknet_4_13_0_wb_clk_i (net)
                      0.086632    0.000391   25.651743 ^ _2306_/CLK (sky130_fd_sc_hd__dfrtp_4)
                                 -0.250000   25.401743   clock uncertainty
                                  0.000000   25.401743   clock reconvergence pessimism
                                  0.232859   25.634604   library recovery time
                                             25.634604   data required time
---------------------------------------------------------------------------------------------
                                             25.634604   data required time
                                             -6.117579   data arrival time
---------------------------------------------------------------------------------------------
                                             19.517025   slack (MET)


Startpoint: wbs_adr_i[14] (input port clocked by wb_clk_i)
Endpoint: slave_we_o (output port clocked by wb_clk_i)
Path Group: wb_clk_i
Path Type: max

Fanout         Cap        Slew       Delay        Time   Description
---------------------------------------------------------------------------------------------
                                  0.000000    0.000000   clock wb_clk_i (rise edge)
                                  0.000000    0.000000   clock network delay (propagated)
                                  5.000000    5.000000 v input external delay
     2    0.003486    0.010224    0.005568    5.005569 v wbs_adr_i[14] (in)
                                                         wbs_adr_i[14] (net)
                      0.010224    0.000000    5.005569 v input13/A (sky130_fd_sc_hd__buf_1)
     3    0.011947    0.075264    0.113585    5.119153 v input13/X (sky130_fd_sc_hd__buf_1)
                                                         net13 (net)
                      0.075265    0.000436    5.119589 v _2061_/B (sky130_fd_sc_hd__nor4_1)
     1    0.007147    0.366568    0.379169    5.498758 ^ _2061_/Y (sky130_fd_sc_hd__nor4_1)
                                                         _0680_ (net)
                      0.366568    0.000168    5.498926 ^ wire307/A (sky130_fd_sc_hd__clkbuf_2)
     1    0.026902    0.152563    0.262579    5.761505 ^ wire307/X (sky130_fd_sc_hd__clkbuf_2)
                                                         net307 (net)
                      0.152596    0.002190    5.763695 ^ wire306/A (sky130_fd_sc_hd__clkbuf_2)
     3    0.028151    0.157552    0.220377    5.984071 ^ wire306/X (sky130_fd_sc_hd__clkbuf_2)
                                                         net306 (net)
                      0.157592    0.002074    5.986145 ^ _2064_/B (sky130_fd_sc_hd__and2_1)
     1    0.003317    0.052844    0.148116    6.134261 ^ _2064_/X (sky130_fd_sc_hd__and2_1)
                                                         net169 (net)
                      0.052844    0.000048    6.134308 ^ output169/A (sky130_fd_sc_hd__buf_2)
     1    0.034037    0.169024    0.200529    6.334837 ^ output169/X (sky130_fd_sc_hd__buf_2)
                                                         slave_we_o (net)
                      0.169024    0.000199    6.335036 ^ slave_we_o (out)
                                              6.335036   data arrival time

                                 25.000000   25.000000   clock wb_clk_i (rise edge)
                                  0.000000   25.000000   clock network delay (propagated)
                                 -0.250000   24.750000   clock uncertainty
                                  0.000000   24.750000   clock reconvergence pessimism
                                 -5.000000   19.750000   output external delay
                                             19.750000   data required time
---------------------------------------------------------------------------------------------
                                             19.750000   data required time
                                             -6.335036   data arrival time
---------------------------------------------------------------------------------------------
                                             13.414964   slack (MET)




===========================================================================
report_checks --slack_max -0.01
============================================================================
======================= min_tt_025C_1v80 Corner ===================================

No paths found.


===========================================================================
 report_check_types -max_slew -max_cap -max_fanout -violators
============================================================================
======================= min_tt_025C_1v80 Corner ===================================

max fanout

Pin                                   Limit Fanout  Slack
---------------------------------------------------------
clkbuf_0_wb_clk_i/X                      10     33    -23 (VIOLATED)
fanout221/X                              10     21    -11 (VIOLATED)
fanout226/X                              10     21    -11 (VIOLATED)
fanout302/X                              10     21    -11 (VIOLATED)
fanout334/X                              10     21    -11 (VIOLATED)
clkbuf_4_0_0_wb_clk_i/X                  10     15     -5 (VIOLATED)
fanout329/X                              10     15     -5 (VIOLATED)
clkbuf_4_8_0_wb_clk_i/X                  10     14     -4 (VIOLATED)
clkbuf_4_12_0_wb_clk_i/X                 10     13     -3 (VIOLATED)
clkbuf_4_14_0_wb_clk_i/X                 10     13     -3 (VIOLATED)
clkbuf_4_9_0_wb_clk_i/X                  10     13     -3 (VIOLATED)
clkbuf_4_13_0_wb_clk_i/X                 10     12     -2 (VIOLATED)
clkbuf_4_15_0_wb_clk_i/X                 10     12     -2 (VIOLATED)
clkbuf_4_10_0_wb_clk_i/X                 10     11        (VIOLATED)
clkbuf_4_1_0_wb_clk_i/X                  10     11        (VIOLATED)
clkbuf_4_3_0_wb_clk_i/X                  10     11        (VIOLATED)
fanout225/X                              10     11        (VIOLATED)
input26/X                                10     11        (VIOLATED)

max capacitance

Pin                                        Limit         Cap       Slack
------------------------------------------------------------------------
clkbuf_0_wb_clk_i/X                     0.200000    0.203020   -0.003020 (VIOLATED)



===========================================================================
report_parasitic_annotation -report_unannotated
============================================================================
Found 169 unannotated drivers.
 VDDA
 VDDC
 VSS
 slave_0_dat_i[10]
 slave_0_dat_i[11]
 slave_0_dat_i[12]
 slave_0_dat_i[13]
 slave_0_dat_i[14]
 slave_0_dat_i[15]
 slave_0_dat_i[16]
 slave_0_dat_i[17]
 slave_0_dat_i[18]
 slave_0_dat_i[19]
 slave_0_dat_i[1]
 slave_0_dat_i[20]
 slave_0_dat_i[21]
 slave_0_dat_i[22]
 slave_0_dat_i[23]
 slave_0_dat_i[24]
 slave_0_dat_i[25]
 slave_0_dat_i[26]
 slave_0_dat_i[27]
 slave_0_dat_i[28]
 slave_0_dat_i[29]
 slave_0_dat_i[2]
 slave_0_dat_i[30]
 slave_0_dat_i[31]
 slave_0_dat_i[3]
 slave_0_dat_i[4]
 slave_0_dat_i[5]
 slave_0_dat_i[6]
 slave_0_dat_i[7]
 slave_0_dat_i[8]
 slave_0_dat_i[9]
 slave_1_dat_i[10]
 slave_1_dat_i[11]
 slave_1_dat_i[12]
 slave_1_dat_i[13]
 slave_1_dat_i[14]
 slave_1_dat_i[15]
 slave_1_dat_i[16]
 slave_1_dat_i[17]
 slave_1_dat_i[18]
 slave_1_dat_i[19]
 slave_1_dat_i[1]
 slave_1_dat_i[20]
 slave_1_dat_i[21]
 slave_1_dat_i[22]
 slave_1_dat_i[23]
 slave_1_dat_i[24]
 slave_1_dat_i[25]
 slave_1_dat_i[26]
 slave_1_dat_i[27]
 slave_1_dat_i[28]
 slave_1_dat_i[29]
 slave_1_dat_i[2]
 slave_1_dat_i[30]
 slave_1_dat_i[31]
 slave_1_dat_i[3]
 slave_1_dat_i[4]
 slave_1_dat_i[5]
 slave_1_dat_i[6]
 slave_1_dat_i[7]
 slave_1_dat_i[8]
 slave_1_dat_i[9]
 slave_2_dat_i[10]
 slave_2_dat_i[11]
 slave_2_dat_i[12]
 slave_2_dat_i[13]
 slave_2_dat_i[14]
 slave_2_dat_i[15]
 slave_2_dat_i[16]
 slave_2_dat_i[17]
 slave_2_dat_i[18]
 slave_2_dat_i[19]
 slave_2_dat_i[1]
 slave_2_dat_i[20]
 slave_2_dat_i[21]
 slave_2_dat_i[22]
 slave_2_dat_i[23]
 slave_2_dat_i[24]
 slave_2_dat_i[25]
 slave_2_dat_i[26]
 slave_2_dat_i[27]
 slave_2_dat_i[28]
 slave_2_dat_i[29]
 slave_2_dat_i[2]
 slave_2_dat_i[30]
 slave_2_dat_i[31]
 slave_2_dat_i[3]
 slave_2_dat_i[4]
 slave_2_dat_i[5]
 slave_2_dat_i[6]
 slave_2_dat_i[7]
 slave_2_dat_i[8]
 slave_2_dat_i[9]
 slave_3_dat_i[10]
 slave_3_dat_i[11]
 slave_3_dat_i[12]
 slave_3_dat_i[13]
 slave_3_dat_i[14]
 slave_3_dat_i[15]
 slave_3_dat_i[16]
 slave_3_dat_i[17]
 slave_3_dat_i[18]
 slave_3_dat_i[19]
 slave_3_dat_i[1]
 slave_3_dat_i[20]
 slave_3_dat_i[21]
 slave_3_dat_i[22]
 slave_3_dat_i[23]
 slave_3_dat_i[24]
 slave_3_dat_i[25]
 slave_3_dat_i[26]
 slave_3_dat_i[27]
 slave_3_dat_i[28]
 slave_3_dat_i[29]
 slave_3_dat_i[2]
 slave_3_dat_i[30]
 slave_3_dat_i[31]
 slave_3_dat_i[3]
 slave_3_dat_i[4]
 slave_3_dat_i[5]
 slave_3_dat_i[6]
 slave_3_dat_i[7]
 slave_3_dat_i[8]
 slave_3_dat_i[9]
 wbs_adr_i[10]
 wbs_adr_i[11]
 wbs_adr_i[16]
 wbs_adr_i[17]
 wbs_adr_i[18]
 wbs_adr_i[19]
 wbs_adr_i[20]
 wbs_adr_i[21]
 wbs_adr_i[22]
 wbs_adr_i[23]
 wbs_adr_i[24]
 wbs_adr_i[25]
 wbs_adr_i[26]
 wbs_adr_i[27]
 wbs_adr_i[28]
 wbs_adr_i[29]
 wbs_adr_i[30]
 wbs_adr_i[31]
 wbs_adr_i[4]
 wbs_adr_i[5]
 wbs_adr_i[6]
 wbs_adr_i[7]
 wbs_adr_i[8]
 wbs_adr_i[9]
 wbs_sel_i[1]
 wbs_sel_i[2]
 wbs_sel_i[3]
 clkload0/Y
 clkload1/Y
 clkload10/Y
 clkload11/Y
 clkload12/Y
 clkload13/Y
 clkload14/Y
 clkload2/Y
 clkload3/Y
 clkload4/Y
 clkload5/Y
 clkload6/Y
 clkload7/X
 clkload8/Y
 clkload9/Y
Found 0 partially unannotated drivers.

===========================================================================
max slew violation count 0
max fanout violation count 18
max cap violation count 1
============================================================================

===========================================================================
check_setup -verbose -unconstrained_endpoints -multiple_clock -no_clock -no_input_delay -loops -generated_clocks
===========================================================================
Warning: There are 3 unconstrained endpoints.
  VDDA
  VDDC
  VSS
