
===========================================================================
 report_power
============================================================================
======================= min_tt_025C_1v80 Corner ===================================

Group                    Internal    Switching      Leakage        Total
                            Power        Power        Power        Power (Watts)
------------------------------------------------------------------------
Sequential           3.196582e-04 1.029903e-05 2.013106e-09 3.299592e-04  21.5%
Combinational        6.010712e-04 3.765125e-04 1.126508e-08 9.775950e-04  63.8%
Clock                9.619779e-05 1.277657e-04 1.104689e-09 2.239646e-04  14.6%
Macro                0.000000e+00 0.000000e+00 0.000000e+00 0.000000e+00   0.0%
Pad                  0.000000e+00 0.000000e+00 0.000000e+00 0.000000e+00   0.0%
------------------------------------------------------------------------
Total                1.016925e-03 5.145778e-04 1.438292e-08 1.531517e-03 100.0%
                            66.4%        33.6%         0.0%

