
===========================================================================
 report_power
============================================================================
======================= max_tt_025C_1v80 Corner ===================================

Group                    Internal    Switching      Leakage        Total
                            Power        Power        Power        Power (Watts)
------------------------------------------------------------------------
Sequential           3.196758e-04 1.093325e-05 2.013106e-09 3.306111e-04  21.0%
Combinational        6.016680e-04 4.035681e-04 1.126508e-08 1.005247e-03  64.0%
Clock                9.616894e-05 1.396146e-04 1.104689e-09 2.357847e-04  15.0%
Macro                0.000000e+00 0.000000e+00 0.000000e+00 0.000000e+00   0.0%
Pad                  0.000000e+00 0.000000e+00 0.000000e+00 0.000000e+00   0.0%
------------------------------------------------------------------------
Total                1.017511e-03 5.541160e-04 1.438292e-08 1.571641e-03 100.0%
                            64.7%        35.3%         0.0%

