
===========================================================================
report_checks -unconstrained
===========================================================================
======================= max_ff_n40C_1v95 Corner ===================================

Startpoint: wb_rst_i (input port clocked by wb_clk_i)
Endpoint: core/_2306_ (recovery check against rising-edge clock wb_clk_i)
Path Group: asynchronous
Path Type: max

Fanout         Cap        Slew       Delay        Time   Description
---------------------------------------------------------------------------------------------
                                  0.000000    0.000000   clock wb_clk_i (rise edge)
                                  5.570000    5.570000   clock network delay (propagated)
                                 12.500000   18.070000 v input external delay
     6    1.055009    0.000000    0.000000   18.070000 v wb_rst_i (in)
                                                         wb_rst_i (net)
                      2.783359    1.391680   19.461679 v core/input9/A (sky130_fd_sc_hd__buf_1)
     1    0.014598    0.097762    0.590115   20.051794 v core/input9/X (sky130_fd_sc_hd__buf_1)
                                                         core/net9 (net)
                      0.097769    0.001778   20.053572 v core/fanout329/A (sky130_fd_sc_hd__buf_4)
    15    0.101783    0.095349    0.172735   20.226307 v core/fanout329/X (sky130_fd_sc_hd__buf_4)
                                                         core/net329 (net)
                      0.103527    0.021361   20.247667 v core/fanout328/A (sky130_fd_sc_hd__clkbuf_4)
     5    0.050980    0.079197    0.166640   20.414307 v core/fanout328/X (sky130_fd_sc_hd__clkbuf_4)
                                                         core/net328 (net)
                      0.079223    0.001231   20.415539 v core/fanout325/A (sky130_fd_sc_hd__clkbuf_4)
     8    0.053182    0.081908    0.158598   20.574137 v core/fanout325/X (sky130_fd_sc_hd__clkbuf_4)
                                                         core/net325 (net)
                      0.083197    0.008139   20.582275 v core/fanout323/A (sky130_fd_sc_hd__buf_4)
    10    0.064281    0.067433    0.152866   20.735142 v core/fanout323/X (sky130_fd_sc_hd__buf_4)
                                                         core/net323 (net)
                      0.068227    0.005764   20.740906 v core/_2144_/A (sky130_fd_sc_hd__inv_2)
     1    0.004667    0.028789    0.045633   20.786539 ^ core/_2144_/Y (sky130_fd_sc_hd__inv_2)
                                                         core/_0082_ (net)
                      0.028789    0.000250   20.786789 ^ core/_2306_/RESET_B (sky130_fd_sc_hd__dfrtp_4)
                                             20.786789   data arrival time

                                 25.000000   25.000000   clock wb_clk_i (rise edge)
                                  4.650000   29.650000   clock source latency
     6    0.606930    0.610000    0.000000   29.650000 ^ wb_clk_i (in)
                                                         wb_clk_i (net)
                      2.333585    0.861794   30.511793 ^ core/clkbuf_0_wb_clk_i/A (sky130_fd_sc_hd__clkbuf_16)
    33    0.224521    0.205018    0.213255   30.725048 ^ core/clkbuf_0_wb_clk_i/X (sky130_fd_sc_hd__clkbuf_16)
                                                         core/clknet_0_wb_clk_i (net)
                      0.206730    0.014609   30.739656 ^ core/clkbuf_4_13_0_wb_clk_i/A (sky130_fd_sc_hd__clkbuf_8)
    12    0.046004    0.071063    0.148223   30.887880 ^ core/clkbuf_4_13_0_wb_clk_i/X (sky130_fd_sc_hd__clkbuf_8)
                                                         core/clknet_4_13_0_wb_clk_i (net)
                      0.071229    0.002373   30.890253 ^ core/_2306_/CLK (sky130_fd_sc_hd__dfrtp_4)
                                 -0.250000   30.640251   clock uncertainty
                                  0.000000   30.640251   clock reconvergence pessimism
                                  0.138043   30.778296   library recovery time
                                             30.778296   data required time
---------------------------------------------------------------------------------------------
                                             30.778296   data required time
                                            -20.786789   data arrival time
---------------------------------------------------------------------------------------------
                                              9.991507   slack (MET)


Startpoint: wb_rst_i (input port clocked by wb_clk_i)
Endpoint: mprj1 (rising edge-triggered flip-flop clocked by wb_clk_i)
Path Group: wb_clk_i
Path Type: max

Fanout         Cap        Slew       Delay        Time   Description
---------------------------------------------------------------------------------------------
                                  0.000000    0.000000   clock wb_clk_i (rise edge)
                                  5.570000    5.570000   clock network delay (propagated)
                                 12.500000   18.070000 ^ input external delay
     6    1.055230    0.000000    0.000000   18.070000 ^ wb_rst_i (in)
                                                         wb_rst_i (net)
                      2.326364    1.163182   19.233181 ^ mprj1/wb_rst_i (Neuromorphic_X1_wb)
                                             19.233181   data arrival time

                                 25.000000   25.000000   clock wb_clk_i (rise edge)
                                  4.650000   29.650000   clock source latency
     6    0.606930    0.610000    0.000000   29.650000 ^ wb_clk_i (in)
                                                         wb_clk_i (net)
                      2.109033    0.749518   30.399517 ^ mprj1/wb_clk_i (Neuromorphic_X1_wb)
                                 -0.250000   30.149515   clock uncertainty
                                  0.000000   30.149515   clock reconvergence pessimism
                                 -1.205421   28.944094   library setup time
                                             28.944094   data required time
---------------------------------------------------------------------------------------------
                                             28.944094   data required time
                                            -19.233181   data arrival time
---------------------------------------------------------------------------------------------
                                              9.710914   slack (MET)




===========================================================================
report_checks --slack_max -0.01
============================================================================
======================= max_ff_n40C_1v95 Corner ===================================

No paths found.


===========================================================================
 report_check_types -max_slew -max_cap -max_fanout -violators
============================================================================
======================= max_ff_n40C_1v95 Corner ===================================

max slew

Pin                                        Limit        Slew       Slack
------------------------------------------------------------------------
wbs_dat_o[27]                           0.500000    3.807590   -3.307589 (VIOLATED)
wbs_dat_o[4]                            0.500000    3.724546   -3.224546 (VIOLATED)
wbs_dat_o[3]                            0.500000    3.683453   -3.183453 (VIOLATED)
wbs_dat_o[31]                           0.500000    3.591135   -3.091135 (VIOLATED)
wbs_dat_o[11]                           0.500000    3.172416   -2.672416 (VIOLATED)
wbs_dat_o[13]                           0.500000    3.075074   -2.575073 (VIOLATED)
mprj/wbs_adr_i[5]                       0.500000    3.047220   -2.547220 (VIOLATED)
wbs_dat_o[28]                           0.500000    2.937950   -2.437950 (VIOLATED)
wbs_ack_o                               0.500000    2.888842   -2.388842 (VIOLATED)
wbs_dat_o[24]                           0.500000    2.873733   -2.373733 (VIOLATED)
wbs_dat_o[0]                            0.500000    2.852812   -2.352812 (VIOLATED)
core/input26/A                          0.500000    2.851179   -2.351179 (VIOLATED)
core/ANTENNA_input26_A/DIODE            0.500000    2.851157   -2.351157 (VIOLATED)
wbs_dat_o[23]                           0.500000    2.808187   -2.308187 (VIOLATED)
wbs_dat_o[7]                            0.500000    2.791717   -2.291717 (VIOLATED)
core/input9/A                           0.500000    2.784410   -2.284410 (VIOLATED)
core/ANTENNA_input9_A/DIODE             0.500000    2.784368   -2.284368 (VIOLATED)
core/input15/A                          0.500000    2.752772   -2.252772 (VIOLATED)
core/ANTENNA_input15_A/DIODE            0.500000    2.752681   -2.252681 (VIOLATED)
wbs_dat_o[1]                            0.500000    2.745668   -2.245668 (VIOLATED)
wbs_dat_o[25]                           0.500000    2.733119   -2.233119 (VIOLATED)
core/input17/A                          0.500000    2.715178   -2.215178 (VIOLATED)
core/ANTENNA_input17_A/DIODE            0.500000    2.715138   -2.215138 (VIOLATED)
mprj1/wbs_adr_i[5]                      0.500000    2.713995   -2.213995 (VIOLATED)
core/output195/X                        0.500000    2.694184   -2.194184 (VIOLATED)
mprj/wbs_dat_i[1]                       0.500000    2.692255   -2.192255 (VIOLATED)
wbs_dat_o[10]                           0.500000    2.686869   -2.186869 (VIOLATED)
mprj/user_rst                           0.500000    2.675612   -2.175612 (VIOLATED)
mprj/wb_rst_i                           0.500000    2.674779   -2.174779 (VIOLATED)
core/input11/A                          0.500000    2.645826   -2.145826 (VIOLATED)
core/ANTENNA_input11_A/DIODE            0.500000    2.645785   -2.145785 (VIOLATED)
mprj/wbs_adr_i[1]                       0.500000    2.644969   -2.144969 (VIOLATED)
mprj/wbs_adr_i[4]                       0.500000    2.634693   -2.134693 (VIOLATED)
core/output173/X                        0.500000    2.633344   -2.133343 (VIOLATED)
mprj/wbs_adr_i[3]                       0.500000    2.630653   -2.130653 (VIOLATED)
mprj/wbs_adr_i[16]                      0.500000    2.615080   -2.115080 (VIOLATED)
mprj1/wbs_dat_i[1]                      0.500000    2.603573   -2.103573 (VIOLATED)
core/output182/X                        0.500000    2.598225   -2.098225 (VIOLATED)
wbs_dat_o[18]                           0.500000    2.593805   -2.093805 (VIOLATED)
core/_2444_/A                           0.500000    2.584304   -2.084304 (VIOLATED)
core/_2412_/A                           0.500000    2.584294   -2.084294 (VIOLATED)
core/_2476_/A                           0.500000    2.584275   -2.084274 (VIOLATED)
core/ANTENNA__2444__A/DIODE             0.500000    2.584268   -2.084268 (VIOLATED)
core/ANTENNA__2412__A/DIODE             0.500000    2.584265   -2.084265 (VIOLATED)
core/_2508_/A                           0.500000    2.584253   -2.084253 (VIOLATED)
core/ANTENNA__2476__A/DIODE             0.500000    2.584191   -2.084191 (VIOLATED)
core/ANTENNA__2508__A/DIODE             0.500000    2.584188   -2.084188 (VIOLATED)
core/input34/A                          0.500000    2.583964   -2.083964 (VIOLATED)
core/ANTENNA_input34_A/DIODE            0.500000    2.583928   -2.083928 (VIOLATED)
core/input19/A                          0.500000    2.567441   -2.067441 (VIOLATED)
core/ANTENNA_input19_A/DIODE            0.500000    2.567398   -2.067398 (VIOLATED)
core/output175/X                        0.500000    2.560361   -2.060361 (VIOLATED)
mprj/wbs_adr_i[12]                      0.500000    2.558498   -2.058498 (VIOLATED)
mprj/wbs_adr_i[11]                      0.500000    2.545009   -2.045009 (VIOLATED)
wbs_dat_o[17]                           0.500000    2.542371   -2.042371 (VIOLATED)
mprj/wbs_adr_i[7]                       0.500000    2.532217   -2.032217 (VIOLATED)
wbs_dat_o[8]                            0.500000    2.527704   -2.027703 (VIOLATED)
core/output171/X                        0.500000    2.514483   -2.014483 (VIOLATED)
wbs_dat_o[20]                           0.500000    2.494965   -1.994964 (VIOLATED)
mprj/wbs_adr_i[10]                      0.500000    2.481332   -1.981332 (VIOLATED)
wbs_dat_o[16]                           0.500000    2.476110   -1.976110 (VIOLATED)
mprj/wbs_dat_i[0]                       0.500000    2.469625   -1.969625 (VIOLATED)
wbs_dat_o[15]                           0.500000    2.456384   -1.956384 (VIOLATED)
wbs_dat_o[12]                           0.500000    2.452915   -1.952915 (VIOLATED)
wbs_dat_o[19]                           0.500000    2.405950   -1.905949 (VIOLATED)
mprj1/wbs_dat_i[0]                      0.500000    2.403119   -1.903119 (VIOLATED)
mprj1/wbs_adr_i[3]                      0.500000    2.395381   -1.895381 (VIOLATED)
mprj1/wbs_adr_i[4]                      0.500000    2.380021   -1.880021 (VIOLATED)
mprj1/wbs_adr_i[1]                      0.500000    2.379783   -1.879783 (VIOLATED)
wbs_dat_o[21]                           0.500000    2.373397   -1.873397 (VIOLATED)
mprj/wbs_dat_i[30]                      0.500000    2.363930   -1.863930 (VIOLATED)
mprj/wbs_dat_i[8]                       0.500000    2.353912   -1.853912 (VIOLATED)
core/output187/X                        0.500000    2.349360   -1.849359 (VIOLATED)
mprj1/wbs_dat_i[8]                      0.500000    2.340999   -1.840999 (VIOLATED)
core/clkbuf_0_wb_clk_i/A                0.500000    2.333585   -1.833585 (VIOLATED)
core/ANTENNA_clkbuf_0_wb_clk_i_A/DIODE    0.500000    2.333165   -1.833165 (VIOLATED)
mprj1/wb_rst_i                          0.500000    2.326364   -1.826364 (VIOLATED)
mprj1/user_rst                          0.500000    2.326053   -1.826053 (VIOLATED)
mprj1/wbs_dat_i[30]                     0.500000    2.320431   -1.820431 (VIOLATED)
core/output170/X                        0.500000    2.312799   -1.812798 (VIOLATED)
mprj1/wbs_adr_i[16]                     0.500000    2.300844   -1.800844 (VIOLATED)
wbs_dat_o[22]                           0.500000    2.259675   -1.759675 (VIOLATED)
mprj1/wbs_adr_i[11]                     0.500000    2.259081   -1.759081 (VIOLATED)
mprj1/wbs_adr_i[12]                     0.500000    2.252846   -1.752846 (VIOLATED)
mprj1/wbs_adr_i[7]                      0.500000    2.248258   -1.748258 (VIOLATED)
mprj1/wbs_adr_i[10]                     0.500000    2.244987   -1.744986 (VIOLATED)
core/output172/X                        0.500000    2.242821   -1.742821 (VIOLATED)
core/output191/X                        0.500000    2.235209   -1.735209 (VIOLATED)
wbs_dat_o[14]                           0.500000    2.220089   -1.720089 (VIOLATED)
mprj/wbs_adr_i[21]                      0.500000    2.214648   -1.714648 (VIOLATED)
core/output180/X                        0.500000    2.192787   -1.692787 (VIOLATED)
core/output190/X                        0.500000    2.176360   -1.676360 (VIOLATED)
core/output176/X                        0.500000    2.157614   -1.657613 (VIOLATED)
mprj/user_clk                           0.500000    2.152193   -1.652193 (VIOLATED)
mprj/wb_clk_i                           0.500000    2.152125   -1.652125 (VIOLATED)
core/output197/X                        0.500000    2.139917   -1.639917 (VIOLATED)
core/input10/A                          0.500000    2.135523   -1.635523 (VIOLATED)
core/output200/X                        0.500000    2.135489   -1.635489 (VIOLATED)
core/ANTENNA_input10_A/DIODE            0.500000    2.135455   -1.635455 (VIOLATED)
wbs_dat_o[2]                            0.500000    2.128566   -1.628566 (VIOLATED)
wbs_dat_o[5]                            0.500000    2.116573   -1.616573 (VIOLATED)
mprj1/wb_clk_i                          0.500000    2.109033   -1.609033 (VIOLATED)
mprj1/user_clk                          0.500000    2.108884   -1.608884 (VIOLATED)
core/output186/X                        0.500000    2.107622   -1.607622 (VIOLATED)
core/_2445_/A                           0.500000    2.089413   -1.589413 (VIOLATED)
core/_2413_/A                           0.500000    2.089400   -1.589400 (VIOLATED)
core/ANTENNA__2445__A/DIODE             0.500000    2.089379   -1.589379 (VIOLATED)
core/_2477_/A                           0.500000    2.089380   -1.589380 (VIOLATED)
core/ANTENNA__2413__A/DIODE             0.500000    2.089374   -1.589374 (VIOLATED)
core/_2509_/A                           0.500000    2.089363   -1.589363 (VIOLATED)
core/ANTENNA__2509__A/DIODE             0.500000    2.089299   -1.589299 (VIOLATED)
core/ANTENNA__2477__A/DIODE             0.500000    2.089071   -1.589070 (VIOLATED)
wbs_dat_o[9]                            0.500000    2.074797   -1.574797 (VIOLATED)
wbs_dat_o[6]                            0.500000    2.059423   -1.559423 (VIOLATED)
mprj1/Vcc_wl_reset                      0.500000    2.049126   -1.549126 (VIOLATED)
core/output201/X                        0.500000    2.035315   -1.535315 (VIOLATED)
core/_2507_/A                           0.500000    2.033204   -1.533204 (VIOLATED)
core/_2475_/A                           0.500000    2.033185   -1.533185 (VIOLATED)
core/_2443_/A                           0.500000    2.033180   -1.533180 (VIOLATED)
core/_2411_/A                           0.500000    2.033165   -1.533165 (VIOLATED)
core/ANTENNA__2507__A/DIODE             0.500000    2.033140   -1.533140 (VIOLATED)
core/ANTENNA__2443__A/DIODE             0.500000    2.033118   -1.533118 (VIOLATED)
core/ANTENNA__2475__A/DIODE             0.500000    2.032741   -1.532741 (VIOLATED)
core/ANTENNA__2411__A/DIODE             0.500000    2.032694   -1.532694 (VIOLATED)
core/ANTENNA__2403__A/DIODE             0.500000    2.027486   -1.527486 (VIOLATED)
core/_2403_/A                           0.500000    2.027478   -1.527478 (VIOLATED)
core/_2435_/A                           0.500000    2.027461   -1.527460 (VIOLATED)
core/ANTENNA__2435__A/DIODE             0.500000    2.027406   -1.527406 (VIOLATED)
core/_2499_/A                           0.500000    2.020609   -1.520609 (VIOLATED)
core/ANTENNA__2499__A/DIODE             0.500000    2.020607   -1.520607 (VIOLATED)
core/_2467_/A                           0.500000    2.020423   -1.520423 (VIOLATED)
core/ANTENNA__2467__A/DIODE             0.500000    2.020342   -1.520342 (VIOLATED)
mprj/wbs_adr_i[0]                       0.500000    2.005147   -1.505147 (VIOLATED)
mprj1/wbs_adr_i[21]                     0.500000    2.004803   -1.504803 (VIOLATED)
mprj1/Vcc_set                           0.500000    2.001079   -1.501079 (VIOLATED)
mprj1/Vcc_wl_read                       0.500000    1.998499   -1.498498 (VIOLATED)
mprj/Vcc_set                            0.500000    1.996501   -1.496501 (VIOLATED)
core/output179/X                        0.500000    1.995597   -1.495597 (VIOLATED)
core/input12/A                          0.500000    1.990167   -1.490167 (VIOLATED)
core/ANTENNA_input12_A/DIODE            0.500000    1.990127   -1.490127 (VIOLATED)
core/output188/X                        0.500000    1.988284   -1.488284 (VIOLATED)
core/output183/X                        0.500000    1.978681   -1.478681 (VIOLATED)
core/_2409_/A                           0.500000    1.977131   -1.477131 (VIOLATED)
core/_2505_/A                           0.500000    1.977121   -1.477121 (VIOLATED)
core/_2441_/A                           0.500000    1.977105   -1.477104 (VIOLATED)
core/ANTENNA__2409__A/DIODE             0.500000    1.977091   -1.477091 (VIOLATED)
core/_2473_/A                           0.500000    1.977070   -1.477070 (VIOLATED)
core/ANTENNA__2473__A/DIODE             0.500000    1.977029   -1.477028 (VIOLATED)
core/ANTENNA__2505__A/DIODE             0.500000    1.977014   -1.477014 (VIOLATED)
core/ANTENNA__2441__A/DIODE             0.500000    1.977011   -1.477011 (VIOLATED)
core/input14/A                          0.500000    1.976649   -1.476649 (VIOLATED)
core/ANTENNA_input14_A/DIODE            0.500000    1.976608   -1.476608 (VIOLATED)
core/output178/X                        0.500000    1.974863   -1.474863 (VIOLATED)
core/output177/X                        0.500000    1.963766   -1.463766 (VIOLATED)
core/_2399_/A                           0.500000    1.959558   -1.459558 (VIOLATED)
core/_2495_/A                           0.500000    1.959509   -1.459509 (VIOLATED)
core/ANTENNA__2495__A/DIODE             0.500000    1.959493   -1.459493 (VIOLATED)
core/_2431_/A                           0.500000    1.959494   -1.459494 (VIOLATED)
core/ANTENNA__2399__A/DIODE             0.500000    1.959491   -1.459491 (VIOLATED)
core/_2463_/A                           0.500000    1.959482   -1.459482 (VIOLATED)
core/ANTENNA__2431__A/DIODE             0.500000    1.959433   -1.459433 (VIOLATED)
core/ANTENNA__2463__A/DIODE             0.500000    1.959422   -1.459422 (VIOLATED)
core/output174/X                        0.500000    1.953479   -1.453479 (VIOLATED)
mprj/Vcc_wl_read                        0.500000    1.953462   -1.453462 (VIOLATED)
core/input28/A                          0.500000    1.947963   -1.447962 (VIOLATED)
core/ANTENNA_input28_A/DIODE            0.500000    1.947921   -1.447921 (VIOLATED)
core/output181/X                        0.500000    1.943637   -1.443637 (VIOLATED)
core/output184/X                        0.500000    1.925436   -1.425436 (VIOLATED)
core/input27/A                          0.500000    1.901646   -1.401646 (VIOLATED)
core/ANTENNA_input27_A/DIODE            0.500000    1.901604   -1.401604 (VIOLATED)
core/input24/A                          0.500000    1.892883   -1.392882 (VIOLATED)
core/ANTENNA_input24_A/DIODE            0.500000    1.892857   -1.392857 (VIOLATED)
core/output196/X                        0.500000    1.891284   -1.391284 (VIOLATED)
mprj/wbs_adr_i[13]                      0.500000    1.888660   -1.388660 (VIOLATED)
mprj/wbs_adr_i[17]                      0.500000    1.881857   -1.381857 (VIOLATED)
core/input35/A                          0.500000    1.860857   -1.360857 (VIOLATED)
core/ANTENNA_input35_A/DIODE            0.500000    1.860830   -1.360830 (VIOLATED)
core/output185/X                        0.500000    1.851882   -1.351882 (VIOLATED)
mprj/wbs_adr_i[15]                      0.500000    1.851612   -1.351612 (VIOLATED)
core/input13/A                          0.500000    1.848663   -1.348663 (VIOLATED)
core/ANTENNA_input13_A/DIODE            0.500000    1.848622   -1.348622 (VIOLATED)
mprj/wbs_adr_i[24]                      0.500000    1.829012   -1.329012 (VIOLATED)
mprj/wbs_sel_i[2]                       0.500000    1.811000   -1.311000 (VIOLATED)
mprj1/wbs_dat_i[31]                     0.500000    1.805678   -1.305678 (VIOLATED)
core/_2430_/A                           0.500000    1.803059   -1.303059 (VIOLATED)
core/_2494_/A                           0.500000    1.803036   -1.303036 (VIOLATED)
core/ANTENNA__2430__A/DIODE             0.500000    1.802997   -1.302997 (VIOLATED)
core/ANTENNA__2494__A/DIODE             0.500000    1.802976   -1.302976 (VIOLATED)
core/_2398_/A                           0.500000    1.802912   -1.302912 (VIOLATED)
core/_2462_/A                           0.500000    1.802906   -1.302907 (VIOLATED)
core/ANTENNA__2398__A/DIODE             0.500000    1.802852   -1.302852 (VIOLATED)
core/ANTENNA__2462__A/DIODE             0.500000    1.802806   -1.302806 (VIOLATED)
wbs_dat_o[29]                           0.500000    1.799096   -1.299096 (VIOLATED)
core/_2464_/A                           0.500000    1.795287   -1.295287 (VIOLATED)
core/_2496_/A                           0.500000    1.795274   -1.295274 (VIOLATED)
core/ANTENNA__2464__A/DIODE             0.500000    1.795217   -1.295217 (VIOLATED)
core/ANTENNA__2496__A/DIODE             0.500000    1.795208   -1.295208 (VIOLATED)
core/_2400_/A                           0.500000    1.792145   -1.292145 (VIOLATED)
core/_2432_/A                           0.500000    1.791933   -1.291933 (VIOLATED)
core/ANTENNA__2400__A/DIODE             0.500000    1.791176   -1.291176 (VIOLATED)
core/ANTENNA__2432__A/DIODE             0.500000    1.791049   -1.291049 (VIOLATED)
wbs_dat_o[26]                           0.500000    1.788901   -1.288901 (VIOLATED)
core/input25/A                          0.500000    1.785025   -1.285025 (VIOLATED)
core/ANTENNA_input25_A/DIODE            0.500000    1.784998   -1.284998 (VIOLATED)
wbs_dat_o[30]                           0.500000    1.780584   -1.280584 (VIOLATED)
core/_2404_/A                           0.500000    1.778965   -1.278965 (VIOLATED)
core/_2500_/A                           0.500000    1.778946   -1.278946 (VIOLATED)
core/_2436_/A                           0.500000    1.778906   -1.278906 (VIOLATED)
core/ANTENNA__2404__A/DIODE             0.500000    1.778900   -1.278900 (VIOLATED)
core/_2468_/A                           0.500000    1.778881   -1.278881 (VIOLATED)
core/ANTENNA__2500__A/DIODE             0.500000    1.778880   -1.278880 (VIOLATED)
core/ANTENNA__2436__A/DIODE             0.500000    1.778846   -1.278846 (VIOLATED)
core/ANTENNA__2468__A/DIODE             0.500000    1.778821   -1.278821 (VIOLATED)
core/_2472_/A                           0.500000    1.759963   -1.259963 (VIOLATED)
core/_2504_/A                           0.500000    1.759955   -1.259955 (VIOLATED)
core/ANTENNA__2472__A/DIODE             0.500000    1.759818   -1.259818 (VIOLATED)
core/ANTENNA__2504__A/DIODE             0.500000    1.759811   -1.259811 (VIOLATED)
core/input30/A                          0.500000    1.758580   -1.258580 (VIOLATED)
core/ANTENNA_input30_A/DIODE            0.500000    1.758552   -1.258552 (VIOLATED)
mprj/wbs_adr_i[6]                       0.500000    1.758347   -1.258347 (VIOLATED)
core/output192/X                        0.500000    1.758120   -1.258121 (VIOLATED)
core/_2440_/A                           0.500000    1.758007   -1.258007 (VIOLATED)
core/ANTENNA__2440__A/DIODE             0.500000    1.757941   -1.257940 (VIOLATED)
core/_2408_/A                           0.500000    1.757393   -1.257393 (VIOLATED)
core/ANTENNA__2408__A/DIODE             0.500000    1.757142   -1.257142 (VIOLATED)
mprj/wbs_adr_i[25]                      0.500000    1.755874   -1.255874 (VIOLATED)
mprj/wbs_adr_i[14]                      0.500000    1.752358   -1.252358 (VIOLATED)
mprj/wbs_adr_i[18]                      0.500000    1.751835   -1.251835 (VIOLATED)
core/_2465_/A                           0.500000    1.751320   -1.251320 (VIOLATED)
core/_2497_/A                           0.500000    1.751316   -1.251316 (VIOLATED)
core/ANTENNA__2465__A/DIODE             0.500000    1.751256   -1.251256 (VIOLATED)
core/ANTENNA__2497__A/DIODE             0.500000    1.751247   -1.251247 (VIOLATED)
core/_2433_/A                           0.500000    1.750868   -1.250868 (VIOLATED)
core/ANTENNA__2433__A/DIODE             0.500000    1.750801   -1.250801 (VIOLATED)
core/_2401_/A                           0.500000    1.750608   -1.250609 (VIOLATED)
core/ANTENNA__2401__A/DIODE             0.500000    1.750490   -1.250490 (VIOLATED)
core/output189/X                        0.500000    1.750099   -1.250099 (VIOLATED)
core/output194/X                        0.500000    1.746864   -1.246864 (VIOLATED)
mprj/wbs_dat_i[2]                       0.500000    1.745741   -1.245740 (VIOLATED)
mprj/wbs_adr_i[19]                      0.500000    1.738453   -1.238453 (VIOLATED)
core/output193/X                        0.500000    1.715574   -1.215574 (VIOLATED)
mprj/wbs_adr_i[31]                      0.500000    1.713106   -1.213106 (VIOLATED)
mprj/wbs_adr_i[27]                      0.500000    1.707914   -1.207914 (VIOLATED)
core/input16/A                          0.500000    1.707212   -1.207212 (VIOLATED)
core/ANTENNA_input16_A/DIODE            0.500000    1.707094   -1.207094 (VIOLATED)
mprj/wbs_adr_i[26]                      0.500000    1.705903   -1.205903 (VIOLATED)
core/output198/X                        0.500000    1.705160   -1.205160 (VIOLATED)
mprj/wbs_dat_i[21]                      0.500000    1.704978   -1.204978 (VIOLATED)
mprj/wbs_dat_i[31]                      0.500000    1.701801   -1.201801 (VIOLATED)
mprj1/wbs_adr_i[0]                      0.500000    1.698089   -1.198089 (VIOLATED)
mprj1/wbs_dat_i[21]                     0.500000    1.696387   -1.196387 (VIOLATED)
core/input22/A                          0.500000    1.689749   -1.189749 (VIOLATED)
core/ANTENNA_input22_A/DIODE            0.500000    1.689715   -1.189715 (VIOLATED)
mprj1/wbs_dat_i[2]                      0.500000    1.680236   -1.180236 (VIOLATED)
core/output199/X                        0.500000    1.679817   -1.179817 (VIOLATED)
mprj/wbs_adr_i[30]                      0.500000    1.678264   -1.178264 (VIOLATED)
mprj/wbs_adr_i[20]                      0.500000    1.676181   -1.176181 (VIOLATED)
core/output202/X                        0.500000    1.672743   -1.172743 (VIOLATED)
core/input23/A                          0.500000    1.670204   -1.170204 (VIOLATED)
core/ANTENNA_input23_A/DIODE            0.500000    1.670178   -1.170178 (VIOLATED)
mprj/wbs_dat_i[29]                      0.500000    1.655090   -1.155090 (VIOLATED)
mprj1/wbs_dat_i[27]                     0.500000    1.652923   -1.152923 (VIOLATED)
mprj/wbs_dat_i[17]                      0.500000    1.651995   -1.151995 (VIOLATED)
core/input31/A                          0.500000    1.635980   -1.135980 (VIOLATED)
core/ANTENNA_input31_A/DIODE            0.500000    1.635940   -1.135940 (VIOLATED)
mprj1/wbs_dat_i[17]                     0.500000    1.634021   -1.134021 (VIOLATED)
mprj1/wbs_adr_i[17]                     0.500000    1.631543   -1.131543 (VIOLATED)
mprj1/wbs_dat_i[29]                     0.500000    1.631500   -1.131500 (VIOLATED)
mprj/wbs_dat_i[14]                      0.500000    1.631076   -1.131076 (VIOLATED)
mprj/wbs_dat_i[9]                       0.500000    1.630570   -1.130570 (VIOLATED)
mprj/wbs_adr_i[22]                      0.500000    1.628875   -1.128875 (VIOLATED)
mprj1/wbs_dat_i[9]                      0.500000    1.625158   -1.125158 (VIOLATED)
mprj1/wbs_sel_i[2]                      0.500000    1.622239   -1.122239 (VIOLATED)
mprj1/wbs_dat_i[14]                     0.500000    1.621961   -1.121961 (VIOLATED)
core/input20/A                          0.500000    1.612463   -1.112463 (VIOLATED)
core/ANTENNA_input20_A/DIODE            0.500000    1.612421   -1.112421 (VIOLATED)
mprj/wbs_dat_i[13]                      0.500000    1.609093   -1.109093 (VIOLATED)
mprj/wbs_adr_i[2]                       0.500000    1.604716   -1.104716 (VIOLATED)
mprj1/wbs_dat_i[13]                     0.500000    1.602042   -1.102042 (VIOLATED)
mprj/wbs_dat_i[16]                      0.500000    1.600057   -1.100057 (VIOLATED)
mprj1/wbs_dat_i[20]                     0.500000    1.598936   -1.098936 (VIOLATED)
mprj/wbs_dat_i[20]                      0.500000    1.596617   -1.096617 (VIOLATED)
mprj1/wbs_adr_i[13]                     0.500000    1.593796   -1.093796 (VIOLATED)
mprj1/wbs_adr_i[24]                     0.500000    1.593446   -1.093446 (VIOLATED)
mprj1/wbs_adr_i[15]                     0.500000    1.581414   -1.081414 (VIOLATED)
mprj1/wbs_dat_i[16]                     0.500000    1.578972   -1.078972 (VIOLATED)
mprj1/wbs_cyc_i                         0.500000    1.578618   -1.078618 (VIOLATED)
mprj/wbs_dat_i[18]                      0.500000    1.574576   -1.074576 (VIOLATED)
mprj/wbs_dat_i[27]                      0.500000    1.573445   -1.073445 (VIOLATED)
mprj/wbs_dat_i[4]                       0.500000    1.571285   -1.071285 (VIOLATED)
mprj1/wbs_dat_i[18]                     0.500000    1.561785   -1.061785 (VIOLATED)
core/_2471_/A                           0.500000    1.559499   -1.059499 (VIOLATED)
core/_2407_/A                           0.500000    1.559491   -1.059491 (VIOLATED)
core/_2503_/A                           0.500000    1.559467   -1.059467 (VIOLATED)
core/ANTENNA__2471__A/DIODE             0.500000    1.559463   -1.059463 (VIOLATED)
core/_2439_/A                           0.500000    1.559441   -1.059441 (VIOLATED)
core/ANTENNA__2407__A/DIODE             0.500000    1.559436   -1.059436 (VIOLATED)
core/ANTENNA__2503__A/DIODE             0.500000    1.559369   -1.059369 (VIOLATED)
core/ANTENNA__2439__A/DIODE             0.500000    1.559349   -1.059349 (VIOLATED)
mprj/wbs_adr_i[23]                      0.500000    1.557636   -1.057636 (VIOLATED)
mprj/wbs_dat_i[19]                      0.500000    1.555857   -1.055857 (VIOLATED)
mprj1/wbs_adr_i[25]                     0.500000    1.554517   -1.054517 (VIOLATED)
mprj/wbs_dat_i[26]                      0.500000    1.550606   -1.050606 (VIOLATED)
mprj/wbs_dat_i[15]                      0.500000    1.550196   -1.050196 (VIOLATED)
mprj1/wbs_dat_i[15]                     0.500000    1.546216   -1.046216 (VIOLATED)
mprj/wbs_dat_i[22]                      0.500000    1.545841   -1.045841 (VIOLATED)
mprj1/wbs_dat_i[19]                     0.500000    1.544551   -1.044551 (VIOLATED)
mprj/Vcc_wl_reset                       0.500000    1.538290   -1.038290 (VIOLATED)
mprj1/wbs_adr_i[18]                     0.500000    1.538242   -1.038242 (VIOLATED)
core/_2406_/A                           0.500000    1.538049   -1.038049 (VIOLATED)
core/_2438_/A                           0.500000    1.538042   -1.038042 (VIOLATED)
core/_2470_/A                           0.500000    1.538031   -1.038031 (VIOLATED)
core/_2502_/A                           0.500000    1.538015   -1.038015 (VIOLATED)
core/ANTENNA__2406__A/DIODE             0.500000    1.537926   -1.037926 (VIOLATED)
core/ANTENNA__2438__A/DIODE             0.500000    1.537910   -1.037910 (VIOLATED)
core/ANTENNA__2470__A/DIODE             0.500000    1.537700   -1.037700 (VIOLATED)
core/ANTENNA__2502__A/DIODE             0.500000    1.537695   -1.037695 (VIOLATED)
mprj1/wbs_dat_i[22]                     0.500000    1.535228   -1.035228 (VIOLATED)
mprj1/wbs_dat_i[26]                     0.500000    1.534124   -1.034124 (VIOLATED)
mprj1/wbs_adr_i[19]                     0.500000    1.528655   -1.028655 (VIOLATED)
mprj/wbs_cyc_i                          0.500000    1.524275   -1.024275 (VIOLATED)
mprj1/wbs_adr_i[27]                     0.500000    1.518290   -1.018290 (VIOLATED)
core/_2474_/A                           0.500000    1.517231   -1.017231 (VIOLATED)
core/_2410_/A                           0.500000    1.517224   -1.017224 (VIOLATED)
core/ANTENNA__2474__A/DIODE             0.500000    1.517187   -1.017187 (VIOLATED)
core/ANTENNA__2410__A/DIODE             0.500000    1.517151   -1.017151 (VIOLATED)
core/_2506_/A                           0.500000    1.517116   -1.017116 (VIOLATED)
core/_2442_/A                           0.500000    1.517057   -1.017057 (VIOLATED)
core/ANTENNA__2506__A/DIODE             0.500000    1.517051   -1.017051 (VIOLATED)
core/ANTENNA__2442__A/DIODE             0.500000    1.516945   -1.016945 (VIOLATED)
mprj/wbs_dat_i[5]                       0.500000    1.512278   -1.012278 (VIOLATED)
mprj1/wbs_adr_i[26]                     0.500000    1.510596   -1.010596 (VIOLATED)
core/input21/A                          0.500000    1.510491   -1.010491 (VIOLATED)
core/ANTENNA_input21_A/DIODE            0.500000    1.510466   -1.010466 (VIOLATED)
mprj1/Vcc_reset                         0.500000    1.509726   -1.009726 (VIOLATED)
mprj/wbs_adr_i[28]                      0.500000    1.508742   -1.008742 (VIOLATED)
mprj/Vcc_reset                          0.500000    1.504746   -1.004746 (VIOLATED)
mprj1/wbs_adr_i[31]                     0.500000    1.502471   -1.002471 (VIOLATED)
mprj/wbs_adr_i[29]                      0.500000    1.492662   -0.992662 (VIOLATED)
mprj1/wbs_adr_i[20]                     0.500000    1.490142   -0.990142 (VIOLATED)
mprj1/wbs_adr_i[30]                     0.500000    1.487793   -0.987793 (VIOLATED)
mprj1/wbs_dat_i[4]                      0.500000    1.486278   -0.986278 (VIOLATED)
mprj1/wbs_dat_i[25]                     0.500000    1.480549   -0.980549 (VIOLATED)
mprj/wbs_dat_i[25]                      0.500000    1.473996   -0.973996 (VIOLATED)
mprj1/wbs_stb_i                         0.500000    1.463352   -0.963352 (VIOLATED)
mprj1/wbs_adr_i[14]                     0.500000    1.461736   -0.961737 (VIOLATED)
mprj1/wbs_adr_i[6]                      0.500000    1.457452   -0.957452 (VIOLATED)
mprj1/wbs_adr_i[22]                     0.500000    1.455235   -0.955235 (VIOLATED)
mprj/wbs_dat_i[12]                      0.500000    1.450807   -0.950807 (VIOLATED)
mprj/wbs_dat_i[10]                      0.500000    1.440785   -0.940785 (VIOLATED)
mprj1/wbs_dat_i[12]                     0.500000    1.440341   -0.940341 (VIOLATED)
mprj1/wbs_dat_i[5]                      0.500000    1.436859   -0.936859 (VIOLATED)
mprj/wbs_stb_i                          0.500000    1.415719   -0.915719 (VIOLATED)
core/output167/X                        0.500000    1.414866   -0.914866 (VIOLATED)
mprj/wbs_adr_i[8]                       0.500000    1.413417   -0.913417 (VIOLATED)
mprj1/wbs_dat_i[10]                     0.500000    1.401422   -0.901422 (VIOLATED)
mprj1/wbs_adr_i[23]                     0.500000    1.395172   -0.895172 (VIOLATED)
mprj1/wbs_adr_i[2]                      0.500000    1.354318   -0.854318 (VIOLATED)
mprj/wbs_dat_i[11]                      0.500000    1.354035   -0.854035 (VIOLATED)
mprj1/wbs_we_i                          0.500000    1.353922   -0.853922 (VIOLATED)
mprj1/wbs_adr_i[29]                     0.500000    1.352718   -0.852718 (VIOLATED)
core/input29/A                          0.500000    1.352467   -0.852467 (VIOLATED)
core/ANTENNA_input29_A/DIODE            0.500000    1.352426   -0.852426 (VIOLATED)
mprj1/wbs_dat_i[11]                     0.500000    1.348255   -0.848255 (VIOLATED)
mprj1/wbs_adr_i[28]                     0.500000    1.341129   -0.841129 (VIOLATED)
core/output168/X                        0.500000    1.314359   -0.814359 (VIOLATED)
mprj/wbs_we_i                           0.500000    1.294407   -0.794407 (VIOLATED)
core/input32/A                          0.500000    1.262756   -0.762756 (VIOLATED)
core/ANTENNA_input32_A/DIODE            0.500000    1.262717   -0.762717 (VIOLATED)
core/input33/A                          0.500000    1.255644   -0.755644 (VIOLATED)
core/ANTENNA_input33_A/DIODE            0.500000    1.255603   -0.755603 (VIOLATED)
core/input18/A                          0.500000    1.238323   -0.738323 (VIOLATED)
core/ANTENNA_input18_A/DIODE            0.500000    1.238281   -0.738281 (VIOLATED)
mprj/wbs_dat_i[7]                       0.500000    1.228375   -0.728375 (VIOLATED)
mprj/wbs_dat_i[28]                      0.500000    1.223693   -0.723693 (VIOLATED)
mprj/wbs_dat_i[24]                      0.500000    1.223318   -0.723318 (VIOLATED)
mprj1/wbs_dat_i[28]                     0.500000    1.213578   -0.713578 (VIOLATED)
mprj/wbs_dat_i[3]                       0.500000    1.210149   -0.710149 (VIOLATED)
core/output169/X                        0.500000    1.204565   -0.704565 (VIOLATED)
mprj1/wbs_dat_i[24]                     0.500000    1.203518   -0.703518 (VIOLATED)
core/_2501_/A                           0.500000    1.188553   -0.688553 (VIOLATED)
core/_2405_/A                           0.500000    1.188540   -0.688540 (VIOLATED)
core/_2437_/A                           0.500000    1.188520   -0.688520 (VIOLATED)
core/ANTENNA__2501__A/DIODE             0.500000    1.188518   -0.688518 (VIOLATED)
core/ANTENNA__2405__A/DIODE             0.500000    1.188512   -0.688512 (VIOLATED)
core/_2469_/A                           0.500000    1.188499   -0.688499 (VIOLATED)
core/ANTENNA__2437__A/DIODE             0.500000    1.188437   -0.688437 (VIOLATED)
core/ANTENNA__2469__A/DIODE             0.500000    1.188434   -0.688434 (VIOLATED)
mprj1/wbs_dat_i[7]                      0.500000    1.155164   -0.655164 (VIOLATED)
mprj/wbs_dat_i[23]                      0.500000    1.133448   -0.633447 (VIOLATED)
mprj1/wbs_dat_i[23]                     0.500000    1.111987   -0.611987 (VIOLATED)
mprj1/wbs_dat_i[3]                      0.500000    1.109664   -0.609664 (VIOLATED)
mprj/wbs_adr_i[9]                       0.500000    1.108258   -0.608258 (VIOLATED)
mprj1/wbs_adr_i[8]                      0.500000    1.069881   -0.569881 (VIOLATED)
core/input36/A                          0.500000    1.060240   -0.560240 (VIOLATED)
core/ANTENNA_input36_A/DIODE            0.500000    1.060202   -0.560202 (VIOLATED)
mprj1/wbs_adr_i[9]                      0.500000    1.052219   -0.552219 (VIOLATED)
la_oenb[0]                              0.500000    0.970000   -0.470000 (VIOLATED)
la_oenb[100]                            0.500000    0.970000   -0.470000 (VIOLATED)
la_oenb[101]                            0.500000    0.970000   -0.470000 (VIOLATED)
la_oenb[102]                            0.500000    0.970000   -0.470000 (VIOLATED)
la_oenb[103]                            0.500000    0.970000   -0.470000 (VIOLATED)
la_oenb[104]                            0.500000    0.970000   -0.470000 (VIOLATED)
la_oenb[105]                            0.500000    0.970000   -0.470000 (VIOLATED)
la_oenb[106]                            0.500000    0.970000   -0.470000 (VIOLATED)
la_oenb[107]                            0.500000    0.970000   -0.470000 (VIOLATED)
la_oenb[108]                            0.500000    0.970000   -0.470000 (VIOLATED)
la_oenb[109]                            0.500000    0.970000   -0.470000 (VIOLATED)
la_oenb[10]                             0.500000    0.970000   -0.470000 (VIOLATED)
la_oenb[110]                            0.500000    0.970000   -0.470000 (VIOLATED)
la_oenb[111]                            0.500000    0.970000   -0.470000 (VIOLATED)
la_oenb[112]                            0.500000    0.970000   -0.470000 (VIOLATED)
la_oenb[113]                            0.500000    0.970000   -0.470000 (VIOLATED)
la_oenb[114]                            0.500000    0.970000   -0.470000 (VIOLATED)
la_oenb[115]                            0.500000    0.970000   -0.470000 (VIOLATED)
la_oenb[116]                            0.500000    0.970000   -0.470000 (VIOLATED)
la_oenb[117]                            0.500000    0.970000   -0.470000 (VIOLATED)
la_oenb[118]                            0.500000    0.970000   -0.470000 (VIOLATED)
la_oenb[119]                            0.500000    0.970000   -0.470000 (VIOLATED)
la_oenb[11]                             0.500000    0.970000   -0.470000 (VIOLATED)
la_oenb[120]                            0.500000    0.970000   -0.470000 (VIOLATED)
la_oenb[121]                            0.500000    0.970000   -0.470000 (VIOLATED)
la_oenb[122]                            0.500000    0.970000   -0.470000 (VIOLATED)
la_oenb[123]                            0.500000    0.970000   -0.470000 (VIOLATED)
la_oenb[124]                            0.500000    0.970000   -0.470000 (VIOLATED)
la_oenb[125]                            0.500000    0.970000   -0.470000 (VIOLATED)
la_oenb[126]                            0.500000    0.970000   -0.470000 (VIOLATED)
la_oenb[127]                            0.500000    0.970000   -0.470000 (VIOLATED)
la_oenb[12]                             0.500000    0.970000   -0.470000 (VIOLATED)
la_oenb[13]                             0.500000    0.970000   -0.470000 (VIOLATED)
la_oenb[14]                             0.500000    0.970000   -0.470000 (VIOLATED)
la_oenb[15]                             0.500000    0.970000   -0.470000 (VIOLATED)
la_oenb[16]                             0.500000    0.970000   -0.470000 (VIOLATED)
la_oenb[17]                             0.500000    0.970000   -0.470000 (VIOLATED)
la_oenb[18]                             0.500000    0.970000   -0.470000 (VIOLATED)
la_oenb[19]                             0.500000    0.970000   -0.470000 (VIOLATED)
la_oenb[1]                              0.500000    0.970000   -0.470000 (VIOLATED)
la_oenb[20]                             0.500000    0.970000   -0.470000 (VIOLATED)
la_oenb[21]                             0.500000    0.970000   -0.470000 (VIOLATED)
la_oenb[22]                             0.500000    0.970000   -0.470000 (VIOLATED)
la_oenb[23]                             0.500000    0.970000   -0.470000 (VIOLATED)
la_oenb[24]                             0.500000    0.970000   -0.470000 (VIOLATED)
la_oenb[25]                             0.500000    0.970000   -0.470000 (VIOLATED)
la_oenb[26]                             0.500000    0.970000   -0.470000 (VIOLATED)
la_oenb[27]                             0.500000    0.970000   -0.470000 (VIOLATED)
la_oenb[28]                             0.500000    0.970000   -0.470000 (VIOLATED)
la_oenb[29]                             0.500000    0.970000   -0.470000 (VIOLATED)
la_oenb[2]                              0.500000    0.970000   -0.470000 (VIOLATED)
la_oenb[30]                             0.500000    0.970000   -0.470000 (VIOLATED)
la_oenb[31]                             0.500000    0.970000   -0.470000 (VIOLATED)
la_oenb[32]                             0.500000    0.970000   -0.470000 (VIOLATED)
la_oenb[33]                             0.500000    0.970000   -0.470000 (VIOLATED)
la_oenb[34]                             0.500000    0.970000   -0.470000 (VIOLATED)
la_oenb[35]                             0.500000    0.970000   -0.470000 (VIOLATED)
la_oenb[36]                             0.500000    0.970000   -0.470000 (VIOLATED)
la_oenb[37]                             0.500000    0.970000   -0.470000 (VIOLATED)
la_oenb[38]                             0.500000    0.970000   -0.470000 (VIOLATED)
la_oenb[39]                             0.500000    0.970000   -0.470000 (VIOLATED)
la_oenb[3]                              0.500000    0.970000   -0.470000 (VIOLATED)
la_oenb[40]                             0.500000    0.970000   -0.470000 (VIOLATED)
la_oenb[41]                             0.500000    0.970000   -0.470000 (VIOLATED)
la_oenb[42]                             0.500000    0.970000   -0.470000 (VIOLATED)
la_oenb[43]                             0.500000    0.970000   -0.470000 (VIOLATED)
la_oenb[44]                             0.500000    0.970000   -0.470000 (VIOLATED)
la_oenb[45]                             0.500000    0.970000   -0.470000 (VIOLATED)
la_oenb[46]                             0.500000    0.970000   -0.470000 (VIOLATED)
la_oenb[47]                             0.500000    0.970000   -0.470000 (VIOLATED)
la_oenb[48]                             0.500000    0.970000   -0.470000 (VIOLATED)
la_oenb[49]                             0.500000    0.970000   -0.470000 (VIOLATED)
la_oenb[4]                              0.500000    0.970000   -0.470000 (VIOLATED)
la_oenb[50]                             0.500000    0.970000   -0.470000 (VIOLATED)
la_oenb[51]                             0.500000    0.970000   -0.470000 (VIOLATED)
la_oenb[52]                             0.500000    0.970000   -0.470000 (VIOLATED)
la_oenb[53]                             0.500000    0.970000   -0.470000 (VIOLATED)
la_oenb[54]                             0.500000    0.970000   -0.470000 (VIOLATED)
la_oenb[55]                             0.500000    0.970000   -0.470000 (VIOLATED)
la_oenb[56]                             0.500000    0.970000   -0.470000 (VIOLATED)
la_oenb[57]                             0.500000    0.970000   -0.470000 (VIOLATED)
la_oenb[58]                             0.500000    0.970000   -0.470000 (VIOLATED)
la_oenb[59]                             0.500000    0.970000   -0.470000 (VIOLATED)
la_oenb[5]                              0.500000    0.970000   -0.470000 (VIOLATED)
la_oenb[60]                             0.500000    0.970000   -0.470000 (VIOLATED)
la_oenb[61]                             0.500000    0.970000   -0.470000 (VIOLATED)
la_oenb[62]                             0.500000    0.970000   -0.470000 (VIOLATED)
la_oenb[63]                             0.500000    0.970000   -0.470000 (VIOLATED)
la_oenb[64]                             0.500000    0.970000   -0.470000 (VIOLATED)
la_oenb[65]                             0.500000    0.970000   -0.470000 (VIOLATED)
la_oenb[66]                             0.500000    0.970000   -0.470000 (VIOLATED)
la_oenb[67]                             0.500000    0.970000   -0.470000 (VIOLATED)
la_oenb[68]                             0.500000    0.970000   -0.470000 (VIOLATED)
la_oenb[69]                             0.500000    0.970000   -0.470000 (VIOLATED)
la_oenb[6]                              0.500000    0.970000   -0.470000 (VIOLATED)
la_oenb[70]                             0.500000    0.970000   -0.470000 (VIOLATED)
la_oenb[71]                             0.500000    0.970000   -0.470000 (VIOLATED)
la_oenb[72]                             0.500000    0.970000   -0.470000 (VIOLATED)
la_oenb[73]                             0.500000    0.970000   -0.470000 (VIOLATED)
la_oenb[74]                             0.500000    0.970000   -0.470000 (VIOLATED)
la_oenb[75]                             0.500000    0.970000   -0.470000 (VIOLATED)
la_oenb[76]                             0.500000    0.970000   -0.470000 (VIOLATED)
la_oenb[77]                             0.500000    0.970000   -0.470000 (VIOLATED)
la_oenb[78]                             0.500000    0.970000   -0.470000 (VIOLATED)
la_oenb[79]                             0.500000    0.970000   -0.470000 (VIOLATED)
la_oenb[7]                              0.500000    0.970000   -0.470000 (VIOLATED)
la_oenb[80]                             0.500000    0.970000   -0.470000 (VIOLATED)
la_oenb[81]                             0.500000    0.970000   -0.470000 (VIOLATED)
la_oenb[82]                             0.500000    0.970000   -0.470000 (VIOLATED)
la_oenb[83]                             0.500000    0.970000   -0.470000 (VIOLATED)
la_oenb[84]                             0.500000    0.970000   -0.470000 (VIOLATED)
la_oenb[85]                             0.500000    0.970000   -0.470000 (VIOLATED)
la_oenb[86]                             0.500000    0.970000   -0.470000 (VIOLATED)
la_oenb[87]                             0.500000    0.970000   -0.470000 (VIOLATED)
la_oenb[88]                             0.500000    0.970000   -0.470000 (VIOLATED)
la_oenb[89]                             0.500000    0.970000   -0.470000 (VIOLATED)
la_oenb[8]                              0.500000    0.970000   -0.470000 (VIOLATED)
la_oenb[90]                             0.500000    0.970000   -0.470000 (VIOLATED)
la_oenb[91]                             0.500000    0.970000   -0.470000 (VIOLATED)
la_oenb[92]                             0.500000    0.970000   -0.470000 (VIOLATED)
la_oenb[93]                             0.500000    0.970000   -0.470000 (VIOLATED)
la_oenb[94]                             0.500000    0.970000   -0.470000 (VIOLATED)
la_oenb[95]                             0.500000    0.970000   -0.470000 (VIOLATED)
la_oenb[96]                             0.500000    0.970000   -0.470000 (VIOLATED)
la_oenb[97]                             0.500000    0.970000   -0.470000 (VIOLATED)
la_oenb[98]                             0.500000    0.970000   -0.470000 (VIOLATED)
la_oenb[99]                             0.500000    0.970000   -0.470000 (VIOLATED)
la_oenb[9]                              0.500000    0.970000   -0.470000 (VIOLATED)
mprj/wbs_dat_i[6]                       0.500000    0.967281   -0.467281 (VIOLATED)
mprj1/wbs_dat_i[6]                      0.500000    0.943632   -0.443632 (VIOLATED)
wbs_adr_i[0]                            0.500000    0.920000   -0.420000 (VIOLATED)
wbs_adr_i[10]                           0.500000    0.920000   -0.420000 (VIOLATED)
wbs_adr_i[11]                           0.500000    0.920000   -0.420000 (VIOLATED)
wbs_adr_i[12]                           0.500000    0.920000   -0.420000 (VIOLATED)
wbs_adr_i[13]                           0.500000    0.920000   -0.420000 (VIOLATED)
wbs_adr_i[14]                           0.500000    0.920000   -0.420000 (VIOLATED)
wbs_adr_i[15]                           0.500000    0.920000   -0.420000 (VIOLATED)
wbs_adr_i[16]                           0.500000    0.920000   -0.420000 (VIOLATED)
wbs_adr_i[17]                           0.500000    0.920000   -0.420000 (VIOLATED)
wbs_adr_i[18]                           0.500000    0.920000   -0.420000 (VIOLATED)
wbs_adr_i[19]                           0.500000    0.920000   -0.420000 (VIOLATED)
wbs_adr_i[1]                            0.500000    0.920000   -0.420000 (VIOLATED)
wbs_adr_i[20]                           0.500000    0.920000   -0.420000 (VIOLATED)
wbs_adr_i[21]                           0.500000    0.920000   -0.420000 (VIOLATED)
wbs_adr_i[22]                           0.500000    0.920000   -0.420000 (VIOLATED)
wbs_adr_i[23]                           0.500000    0.920000   -0.420000 (VIOLATED)
wbs_adr_i[24]                           0.500000    0.920000   -0.420000 (VIOLATED)
wbs_adr_i[25]                           0.500000    0.920000   -0.420000 (VIOLATED)
wbs_adr_i[26]                           0.500000    0.920000   -0.420000 (VIOLATED)
wbs_adr_i[27]                           0.500000    0.920000   -0.420000 (VIOLATED)
wbs_adr_i[28]                           0.500000    0.920000   -0.420000 (VIOLATED)
wbs_adr_i[29]                           0.500000    0.920000   -0.420000 (VIOLATED)
wbs_adr_i[2]                            0.500000    0.920000   -0.420000 (VIOLATED)
wbs_adr_i[30]                           0.500000    0.920000   -0.420000 (VIOLATED)
wbs_adr_i[31]                           0.500000    0.920000   -0.420000 (VIOLATED)
wbs_adr_i[3]                            0.500000    0.920000   -0.420000 (VIOLATED)
wbs_adr_i[4]                            0.500000    0.920000   -0.420000 (VIOLATED)
wbs_adr_i[5]                            0.500000    0.920000   -0.420000 (VIOLATED)
wbs_adr_i[6]                            0.500000    0.920000   -0.420000 (VIOLATED)
wbs_adr_i[7]                            0.500000    0.920000   -0.420000 (VIOLATED)
wbs_adr_i[8]                            0.500000    0.920000   -0.420000 (VIOLATED)
wbs_adr_i[9]                            0.500000    0.920000   -0.420000 (VIOLATED)
mprj/wbs_sel_i[0]                       0.500000    0.902036   -0.402036 (VIOLATED)
la_data_in[0]                           0.500000    0.860000   -0.360000 (VIOLATED)
la_data_in[100]                         0.500000    0.860000   -0.360000 (VIOLATED)
la_data_in[101]                         0.500000    0.860000   -0.360000 (VIOLATED)
la_data_in[102]                         0.500000    0.860000   -0.360000 (VIOLATED)
la_data_in[103]                         0.500000    0.860000   -0.360000 (VIOLATED)
la_data_in[104]                         0.500000    0.860000   -0.360000 (VIOLATED)
la_data_in[105]                         0.500000    0.860000   -0.360000 (VIOLATED)
la_data_in[106]                         0.500000    0.860000   -0.360000 (VIOLATED)
la_data_in[107]                         0.500000    0.860000   -0.360000 (VIOLATED)
la_data_in[108]                         0.500000    0.860000   -0.360000 (VIOLATED)
la_data_in[109]                         0.500000    0.860000   -0.360000 (VIOLATED)
la_data_in[10]                          0.500000    0.860000   -0.360000 (VIOLATED)
la_data_in[110]                         0.500000    0.860000   -0.360000 (VIOLATED)
la_data_in[111]                         0.500000    0.860000   -0.360000 (VIOLATED)
la_data_in[112]                         0.500000    0.860000   -0.360000 (VIOLATED)
la_data_in[113]                         0.500000    0.860000   -0.360000 (VIOLATED)
la_data_in[114]                         0.500000    0.860000   -0.360000 (VIOLATED)
la_data_in[115]                         0.500000    0.860000   -0.360000 (VIOLATED)
la_data_in[116]                         0.500000    0.860000   -0.360000 (VIOLATED)
la_data_in[117]                         0.500000    0.860000   -0.360000 (VIOLATED)
la_data_in[118]                         0.500000    0.860000   -0.360000 (VIOLATED)
la_data_in[119]                         0.500000    0.860000   -0.360000 (VIOLATED)
la_data_in[11]                          0.500000    0.860000   -0.360000 (VIOLATED)
la_data_in[120]                         0.500000    0.860000   -0.360000 (VIOLATED)
la_data_in[121]                         0.500000    0.860000   -0.360000 (VIOLATED)
la_data_in[122]                         0.500000    0.860000   -0.360000 (VIOLATED)
la_data_in[123]                         0.500000    0.860000   -0.360000 (VIOLATED)
la_data_in[124]                         0.500000    0.860000   -0.360000 (VIOLATED)
la_data_in[125]                         0.500000    0.860000   -0.360000 (VIOLATED)
la_data_in[126]                         0.500000    0.860000   -0.360000 (VIOLATED)
la_data_in[127]                         0.500000    0.860000   -0.360000 (VIOLATED)
la_data_in[12]                          0.500000    0.860000   -0.360000 (VIOLATED)
la_data_in[13]                          0.500000    0.860000   -0.360000 (VIOLATED)
la_data_in[14]                          0.500000    0.860000   -0.360000 (VIOLATED)
la_data_in[15]                          0.500000    0.860000   -0.360000 (VIOLATED)
la_data_in[16]                          0.500000    0.860000   -0.360000 (VIOLATED)
la_data_in[17]                          0.500000    0.860000   -0.360000 (VIOLATED)
la_data_in[18]                          0.500000    0.860000   -0.360000 (VIOLATED)
la_data_in[19]                          0.500000    0.860000   -0.360000 (VIOLATED)
la_data_in[1]                           0.500000    0.860000   -0.360000 (VIOLATED)
la_data_in[20]                          0.500000    0.860000   -0.360000 (VIOLATED)
la_data_in[21]                          0.500000    0.860000   -0.360000 (VIOLATED)
la_data_in[22]                          0.500000    0.860000   -0.360000 (VIOLATED)
la_data_in[23]                          0.500000    0.860000   -0.360000 (VIOLATED)
la_data_in[24]                          0.500000    0.860000   -0.360000 (VIOLATED)
la_data_in[25]                          0.500000    0.860000   -0.360000 (VIOLATED)
la_data_in[26]                          0.500000    0.860000   -0.360000 (VIOLATED)
la_data_in[27]                          0.500000    0.860000   -0.360000 (VIOLATED)
la_data_in[28]                          0.500000    0.860000   -0.360000 (VIOLATED)
la_data_in[29]                          0.500000    0.860000   -0.360000 (VIOLATED)
la_data_in[2]                           0.500000    0.860000   -0.360000 (VIOLATED)
la_data_in[30]                          0.500000    0.860000   -0.360000 (VIOLATED)
la_data_in[31]                          0.500000    0.860000   -0.360000 (VIOLATED)
la_data_in[32]                          0.500000    0.860000   -0.360000 (VIOLATED)
la_data_in[33]                          0.500000    0.860000   -0.360000 (VIOLATED)
la_data_in[34]                          0.500000    0.860000   -0.360000 (VIOLATED)
la_data_in[35]                          0.500000    0.860000   -0.360000 (VIOLATED)
la_data_in[36]                          0.500000    0.860000   -0.360000 (VIOLATED)
la_data_in[37]                          0.500000    0.860000   -0.360000 (VIOLATED)
la_data_in[38]                          0.500000    0.860000   -0.360000 (VIOLATED)
la_data_in[39]                          0.500000    0.860000   -0.360000 (VIOLATED)
la_data_in[3]                           0.500000    0.860000   -0.360000 (VIOLATED)
la_data_in[40]                          0.500000    0.860000   -0.360000 (VIOLATED)
la_data_in[41]                          0.500000    0.860000   -0.360000 (VIOLATED)
la_data_in[42]                          0.500000    0.860000   -0.360000 (VIOLATED)
la_data_in[43]                          0.500000    0.860000   -0.360000 (VIOLATED)
la_data_in[44]                          0.500000    0.860000   -0.360000 (VIOLATED)
la_data_in[45]                          0.500000    0.860000   -0.360000 (VIOLATED)
la_data_in[46]                          0.500000    0.860000   -0.360000 (VIOLATED)
la_data_in[47]                          0.500000    0.860000   -0.360000 (VIOLATED)
la_data_in[48]                          0.500000    0.860000   -0.360000 (VIOLATED)
la_data_in[49]                          0.500000    0.860000   -0.360000 (VIOLATED)
la_data_in[4]                           0.500000    0.860000   -0.360000 (VIOLATED)
la_data_in[50]                          0.500000    0.860000   -0.360000 (VIOLATED)
la_data_in[51]                          0.500000    0.860000   -0.360000 (VIOLATED)
la_data_in[52]                          0.500000    0.860000   -0.360000 (VIOLATED)
la_data_in[53]                          0.500000    0.860000   -0.360000 (VIOLATED)
la_data_in[54]                          0.500000    0.860000   -0.360000 (VIOLATED)
la_data_in[55]                          0.500000    0.860000   -0.360000 (VIOLATED)
la_data_in[56]                          0.500000    0.860000   -0.360000 (VIOLATED)
la_data_in[57]                          0.500000    0.860000   -0.360000 (VIOLATED)
la_data_in[58]                          0.500000    0.860000   -0.360000 (VIOLATED)
la_data_in[59]                          0.500000    0.860000   -0.360000 (VIOLATED)
la_data_in[5]                           0.500000    0.860000   -0.360000 (VIOLATED)
la_data_in[60]                          0.500000    0.860000   -0.360000 (VIOLATED)
la_data_in[61]                          0.500000    0.860000   -0.360000 (VIOLATED)
la_data_in[62]                          0.500000    0.860000   -0.360000 (VIOLATED)
la_data_in[63]                          0.500000    0.860000   -0.360000 (VIOLATED)
la_data_in[64]                          0.500000    0.860000   -0.360000 (VIOLATED)
la_data_in[65]                          0.500000    0.860000   -0.360000 (VIOLATED)
la_data_in[66]                          0.500000    0.860000   -0.360000 (VIOLATED)
la_data_in[67]                          0.500000    0.860000   -0.360000 (VIOLATED)
la_data_in[68]                          0.500000    0.860000   -0.360000 (VIOLATED)
la_data_in[69]                          0.500000    0.860000   -0.360000 (VIOLATED)
la_data_in[6]                           0.500000    0.860000   -0.360000 (VIOLATED)
la_data_in[70]                          0.500000    0.860000   -0.360000 (VIOLATED)
la_data_in[71]                          0.500000    0.860000   -0.360000 (VIOLATED)
la_data_in[72]                          0.500000    0.860000   -0.360000 (VIOLATED)
la_data_in[73]                          0.500000    0.860000   -0.360000 (VIOLATED)
la_data_in[74]                          0.500000    0.860000   -0.360000 (VIOLATED)
la_data_in[75]                          0.500000    0.860000   -0.360000 (VIOLATED)
la_data_in[76]                          0.500000    0.860000   -0.360000 (VIOLATED)
la_data_in[77]                          0.500000    0.860000   -0.360000 (VIOLATED)
la_data_in[78]                          0.500000    0.860000   -0.360000 (VIOLATED)
la_data_in[79]                          0.500000    0.860000   -0.360000 (VIOLATED)
la_data_in[7]                           0.500000    0.860000   -0.360000 (VIOLATED)
la_data_in[80]                          0.500000    0.860000   -0.360000 (VIOLATED)
la_data_in[81]                          0.500000    0.860000   -0.360000 (VIOLATED)
la_data_in[82]                          0.500000    0.860000   -0.360000 (VIOLATED)
la_data_in[83]                          0.500000    0.860000   -0.360000 (VIOLATED)
la_data_in[84]                          0.500000    0.860000   -0.360000 (VIOLATED)
la_data_in[85]                          0.500000    0.860000   -0.360000 (VIOLATED)
la_data_in[86]                          0.500000    0.860000   -0.360000 (VIOLATED)
la_data_in[87]                          0.500000    0.860000   -0.360000 (VIOLATED)
la_data_in[88]                          0.500000    0.860000   -0.360000 (VIOLATED)
la_data_in[89]                          0.500000    0.860000   -0.360000 (VIOLATED)
la_data_in[8]                           0.500000    0.860000   -0.360000 (VIOLATED)
la_data_in[90]                          0.500000    0.860000   -0.360000 (VIOLATED)
la_data_in[91]                          0.500000    0.860000   -0.360000 (VIOLATED)
la_data_in[92]                          0.500000    0.860000   -0.360000 (VIOLATED)
la_data_in[93]                          0.500000    0.860000   -0.360000 (VIOLATED)
la_data_in[94]                          0.500000    0.860000   -0.360000 (VIOLATED)
la_data_in[95]                          0.500000    0.860000   -0.360000 (VIOLATED)
la_data_in[96]                          0.500000    0.860000   -0.360000 (VIOLATED)
la_data_in[97]                          0.500000    0.860000   -0.360000 (VIOLATED)
la_data_in[98]                          0.500000    0.860000   -0.360000 (VIOLATED)
la_data_in[99]                          0.500000    0.860000   -0.360000 (VIOLATED)
la_data_in[9]                           0.500000    0.860000   -0.360000 (VIOLATED)
wbs_dat_i[0]                            0.500000    0.840000   -0.340000 (VIOLATED)
wbs_dat_i[10]                           0.500000    0.840000   -0.340000 (VIOLATED)
wbs_dat_i[11]                           0.500000    0.840000   -0.340000 (VIOLATED)
wbs_dat_i[12]                           0.500000    0.840000   -0.340000 (VIOLATED)
wbs_dat_i[13]                           0.500000    0.840000   -0.340000 (VIOLATED)
wbs_dat_i[14]                           0.500000    0.840000   -0.340000 (VIOLATED)
wbs_dat_i[15]                           0.500000    0.840000   -0.340000 (VIOLATED)
wbs_dat_i[16]                           0.500000    0.840000   -0.340000 (VIOLATED)
wbs_dat_i[17]                           0.500000    0.840000   -0.340000 (VIOLATED)
wbs_dat_i[18]                           0.500000    0.840000   -0.340000 (VIOLATED)
wbs_dat_i[19]                           0.500000    0.840000   -0.340000 (VIOLATED)
wbs_dat_i[1]                            0.500000    0.840000   -0.340000 (VIOLATED)
wbs_dat_i[20]                           0.500000    0.840000   -0.340000 (VIOLATED)
wbs_dat_i[21]                           0.500000    0.840000   -0.340000 (VIOLATED)
wbs_dat_i[22]                           0.500000    0.840000   -0.340000 (VIOLATED)
wbs_dat_i[23]                           0.500000    0.840000   -0.340000 (VIOLATED)
wbs_dat_i[24]                           0.500000    0.840000   -0.340000 (VIOLATED)
wbs_dat_i[25]                           0.500000    0.840000   -0.340000 (VIOLATED)
wbs_dat_i[26]                           0.500000    0.840000   -0.340000 (VIOLATED)
wbs_dat_i[27]                           0.500000    0.840000   -0.340000 (VIOLATED)
wbs_dat_i[28]                           0.500000    0.840000   -0.340000 (VIOLATED)
wbs_dat_i[29]                           0.500000    0.840000   -0.340000 (VIOLATED)
wbs_dat_i[2]                            0.500000    0.840000   -0.340000 (VIOLATED)
wbs_dat_i[30]                           0.500000    0.840000   -0.340000 (VIOLATED)
wbs_dat_i[31]                           0.500000    0.840000   -0.340000 (VIOLATED)
wbs_dat_i[3]                            0.500000    0.840000   -0.340000 (VIOLATED)
wbs_dat_i[4]                            0.500000    0.840000   -0.340000 (VIOLATED)
wbs_dat_i[5]                            0.500000    0.840000   -0.340000 (VIOLATED)
wbs_dat_i[6]                            0.500000    0.840000   -0.340000 (VIOLATED)
wbs_dat_i[7]                            0.500000    0.840000   -0.340000 (VIOLATED)
wbs_dat_i[8]                            0.500000    0.840000   -0.340000 (VIOLATED)
wbs_dat_i[9]                            0.500000    0.840000   -0.340000 (VIOLATED)
core/input37/A                          0.500000    0.785517   -0.285517 (VIOLATED)
core/ANTENNA_input37_A/DIODE            0.500000    0.785485   -0.285485 (VIOLATED)
mprj/wbs_sel_i[1]                       0.500000    0.762300   -0.262300 (VIOLATED)
core/input38/A                          0.500000    0.754759   -0.254759 (VIOLATED)
core/ANTENNA_input38_A/DIODE            0.500000    0.754726   -0.254726 (VIOLATED)
mprj/wbs_sel_i[3]                       0.500000    0.708742   -0.208742 (VIOLATED)
mprj1/wbs_sel_i[0]                      0.500000    0.679582   -0.179582 (VIOLATED)
io_out[0]                               0.500000    0.630116   -0.130116 (VIOLATED)
wb_clk_i                                0.500000    0.610000   -0.110000 (VIOLATED)
core/input6/A                           0.500000    0.596141   -0.096141 (VIOLATED)
core/ANTENNA_input6_A/DIODE             0.500000    0.596112   -0.096112 (VIOLATED)
mprj/ScanInDL                           0.500000    0.560674   -0.060674 (VIOLATED)
mprj1/wbs_sel_i[1]                      0.500000    0.559544   -0.059544 (VIOLATED)
mprj1/wbs_sel_i[3]                      0.500000    0.553832   -0.053832 (VIOLATED)
mprj1/ScanInDL                          0.500000    0.527039   -0.027039 (VIOLATED)

max fanout

Pin                                   Limit Fanout  Slack
---------------------------------------------------------
core/clkbuf_0_wb_clk_i/X                 10     33    -23 (VIOLATED)
core/fanout221/X                         10     21    -11 (VIOLATED)
core/fanout226/X                         10     21    -11 (VIOLATED)
core/fanout302/X                         10     21    -11 (VIOLATED)
core/fanout334/X                         10     21    -11 (VIOLATED)
core/clkbuf_4_0_0_wb_clk_i/X             10     15     -5 (VIOLATED)
core/fanout329/X                         10     15     -5 (VIOLATED)
core/clkbuf_4_8_0_wb_clk_i/X             10     14     -4 (VIOLATED)
core/clkbuf_4_12_0_wb_clk_i/X            10     13     -3 (VIOLATED)
core/clkbuf_4_14_0_wb_clk_i/X            10     13     -3 (VIOLATED)
core/clkbuf_4_9_0_wb_clk_i/X             10     13     -3 (VIOLATED)
core/clkbuf_4_13_0_wb_clk_i/X            10     12     -2 (VIOLATED)
core/clkbuf_4_15_0_wb_clk_i/X            10     12     -2 (VIOLATED)
core/clkbuf_4_10_0_wb_clk_i/X            10     11        (VIOLATED)
core/clkbuf_4_1_0_wb_clk_i/X             10     11        (VIOLATED)
core/clkbuf_4_3_0_wb_clk_i/X             10     11        (VIOLATED)
core/fanout225/X                         10     11        (VIOLATED)
core/input26/X                           10     11        (VIOLATED)

max capacitance

Pin                                        Limit         Cap       Slack
------------------------------------------------------------------------
core/output195/X                        0.417490    0.790946   -0.373456 (VIOLATED)
core/output173/X                        0.417490    0.741082   -0.323592 (VIOLATED)
core/output175/X                        0.417490    0.720796   -0.303306 (VIOLATED)
core/output182/X                        0.417490    0.718908   -0.301418 (VIOLATED)
core/output171/X                        0.417490    0.703059   -0.285569 (VIOLATED)
core/output190/X                        0.417490    0.678963   -0.261473 (VIOLATED)
core/output187/X                        0.417490    0.664347   -0.246857 (VIOLATED)
core/output197/X                        0.417490    0.664227   -0.246737 (VIOLATED)
core/output170/X                        0.417490    0.657267   -0.239777 (VIOLATED)
core/output191/X                        0.417490    0.654752   -0.237262 (VIOLATED)
core/output172/X                        0.417490    0.633625   -0.216135 (VIOLATED)
core/output196/X                        0.417490    0.624301   -0.206811 (VIOLATED)
core/output180/X                        0.417490    0.618914   -0.201424 (VIOLATED)
core/output200/X                        0.417490    0.614378   -0.196888 (VIOLATED)
core/output186/X                        0.417490    0.607679   -0.190189 (VIOLATED)
core/output176/X                        0.417490    0.596054   -0.178564 (VIOLATED)
core/output201/X                        0.417490    0.588715   -0.171225 (VIOLATED)
core/output188/X                        0.417490    0.578365   -0.160875 (VIOLATED)
core/output179/X                        0.417490    0.574231   -0.156741 (VIOLATED)
core/output183/X                        0.417490    0.564889   -0.147399 (VIOLATED)
core/output178/X                        0.417490    0.564184   -0.146694 (VIOLATED)
core/output177/X                        0.417490    0.560850   -0.143360 (VIOLATED)
core/output174/X                        0.417490    0.557348   -0.139858 (VIOLATED)
core/output181/X                        0.417490    0.553944   -0.136454 (VIOLATED)
core/output184/X                        0.417490    0.548270   -0.130780 (VIOLATED)
core/output185/X                        0.417490    0.529058   -0.111568 (VIOLATED)
core/output193/X                        0.417490    0.498366   -0.080875 (VIOLATED)
core/output198/X                        0.417490    0.495519   -0.078029 (VIOLATED)
core/output192/X                        0.417490    0.486545   -0.069055 (VIOLATED)
core/output202/X                        0.417490    0.486054   -0.068564 (VIOLATED)
core/output199/X                        0.417490    0.485855   -0.068365 (VIOLATED)
core/output189/X                        0.417490    0.484202   -0.066712 (VIOLATED)
core/output194/X                        0.417490    0.483530   -0.066039 (VIOLATED)



===========================================================================
report_parasitic_annotation -report_unannotated
============================================================================
Found 329 unannotated drivers.
 analog_io[13]
 analog_io[14]
 analog_io[15]
 analog_io[16]
 analog_io[17]
 analog_io[18]
 analog_io[19]
 analog_io[20]
 analog_io[21]
 analog_io[22]
 analog_io[23]
 analog_io[24]
 analog_io[25]
 analog_io[26]
 analog_io[27]
 analog_io[28]
 analog_io[4]
 io_in[0]
 io_in[10]
 io_in[11]
 io_in[12]
 io_in[13]
 io_in[14]
 io_in[15]
 io_in[16]
 io_in[17]
 io_in[18]
 io_in[19]
 io_in[20]
 io_in[21]
 io_in[22]
 io_in[23]
 io_in[24]
 io_in[25]
 io_in[26]
 io_in[27]
 io_in[28]
 io_in[29]
 io_in[30]
 io_in[31]
 io_in[32]
 io_in[33]
 io_in[34]
 io_in[35]
 io_in[36]
 io_in[37]
 io_in[3]
 io_in[6]
 io_in[7]
 io_in[8]
 io_in[9]
 la_data_in[0]
 la_data_in[100]
 la_data_in[101]
 la_data_in[102]
 la_data_in[103]
 la_data_in[104]
 la_data_in[105]
 la_data_in[106]
 la_data_in[107]
 la_data_in[108]
 la_data_in[109]
 la_data_in[10]
 la_data_in[110]
 la_data_in[111]
 la_data_in[112]
 la_data_in[113]
 la_data_in[114]
 la_data_in[115]
 la_data_in[116]
 la_data_in[117]
 la_data_in[118]
 la_data_in[119]
 la_data_in[11]
 la_data_in[120]
 la_data_in[121]
 la_data_in[122]
 la_data_in[123]
 la_data_in[124]
 la_data_in[125]
 la_data_in[126]
 la_data_in[127]
 la_data_in[12]
 la_data_in[13]
 la_data_in[14]
 la_data_in[15]
 la_data_in[16]
 la_data_in[17]
 la_data_in[18]
 la_data_in[19]
 la_data_in[1]
 la_data_in[20]
 la_data_in[21]
 la_data_in[22]
 la_data_in[23]
 la_data_in[24]
 la_data_in[25]
 la_data_in[26]
 la_data_in[27]
 la_data_in[28]
 la_data_in[29]
 la_data_in[2]
 la_data_in[30]
 la_data_in[31]
 la_data_in[32]
 la_data_in[33]
 la_data_in[34]
 la_data_in[35]
 la_data_in[36]
 la_data_in[37]
 la_data_in[38]
 la_data_in[39]
 la_data_in[3]
 la_data_in[40]
 la_data_in[41]
 la_data_in[42]
 la_data_in[43]
 la_data_in[44]
 la_data_in[45]
 la_data_in[46]
 la_data_in[47]
 la_data_in[48]
 la_data_in[49]
 la_data_in[4]
 la_data_in[50]
 la_data_in[51]
 la_data_in[52]
 la_data_in[53]
 la_data_in[54]
 la_data_in[55]
 la_data_in[56]
 la_data_in[57]
 la_data_in[58]
 la_data_in[59]
 la_data_in[5]
 la_data_in[60]
 la_data_in[61]
 la_data_in[62]
 la_data_in[63]
 la_data_in[64]
 la_data_in[65]
 la_data_in[66]
 la_data_in[67]
 la_data_in[68]
 la_data_in[69]
 la_data_in[6]
 la_data_in[70]
 la_data_in[71]
 la_data_in[72]
 la_data_in[73]
 la_data_in[74]
 la_data_in[75]
 la_data_in[76]
 la_data_in[77]
 la_data_in[78]
 la_data_in[79]
 la_data_in[7]
 la_data_in[80]
 la_data_in[81]
 la_data_in[82]
 la_data_in[83]
 la_data_in[84]
 la_data_in[85]
 la_data_in[86]
 la_data_in[87]
 la_data_in[88]
 la_data_in[89]
 la_data_in[8]
 la_data_in[90]
 la_data_in[91]
 la_data_in[92]
 la_data_in[93]
 la_data_in[94]
 la_data_in[95]
 la_data_in[96]
 la_data_in[97]
 la_data_in[98]
 la_data_in[99]
 la_data_in[9]
 la_oenb[0]
 la_oenb[100]
 la_oenb[101]
 la_oenb[102]
 la_oenb[103]
 la_oenb[104]
 la_oenb[105]
 la_oenb[106]
 la_oenb[107]
 la_oenb[108]
 la_oenb[109]
 la_oenb[10]
 la_oenb[110]
 la_oenb[111]
 la_oenb[112]
 la_oenb[113]
 la_oenb[114]
 la_oenb[115]
 la_oenb[116]
 la_oenb[117]
 la_oenb[118]
 la_oenb[119]
 la_oenb[11]
 la_oenb[120]
 la_oenb[121]
 la_oenb[122]
 la_oenb[123]
 la_oenb[124]
 la_oenb[125]
 la_oenb[126]
 la_oenb[127]
 la_oenb[12]
 la_oenb[13]
 la_oenb[14]
 la_oenb[15]
 la_oenb[16]
 la_oenb[17]
 la_oenb[18]
 la_oenb[19]
 la_oenb[1]
 la_oenb[20]
 la_oenb[21]
 la_oenb[22]
 la_oenb[23]
 la_oenb[24]
 la_oenb[25]
 la_oenb[26]
 la_oenb[27]
 la_oenb[28]
 la_oenb[29]
 la_oenb[2]
 la_oenb[30]
 la_oenb[31]
 la_oenb[32]
 la_oenb[33]
 la_oenb[34]
 la_oenb[35]
 la_oenb[36]
 la_oenb[37]
 la_oenb[38]
 la_oenb[39]
 la_oenb[3]
 la_oenb[40]
 la_oenb[41]
 la_oenb[42]
 la_oenb[43]
 la_oenb[44]
 la_oenb[45]
 la_oenb[46]
 la_oenb[47]
 la_oenb[48]
 la_oenb[49]
 la_oenb[4]
 la_oenb[50]
 la_oenb[51]
 la_oenb[52]
 la_oenb[53]
 la_oenb[54]
 la_oenb[55]
 la_oenb[56]
 la_oenb[57]
 la_oenb[58]
 la_oenb[59]
 la_oenb[5]
 la_oenb[60]
 la_oenb[61]
 la_oenb[62]
 la_oenb[63]
 la_oenb[64]
 la_oenb[65]
 la_oenb[66]
 la_oenb[67]
 la_oenb[68]
 la_oenb[69]
 la_oenb[6]
 la_oenb[70]
 la_oenb[71]
 la_oenb[72]
 la_oenb[73]
 la_oenb[74]
 la_oenb[75]
 la_oenb[76]
 la_oenb[77]
 la_oenb[78]
 la_oenb[79]
 la_oenb[7]
 la_oenb[80]
 la_oenb[81]
 la_oenb[82]
 la_oenb[83]
 la_oenb[84]
 la_oenb[85]
 la_oenb[86]
 la_oenb[87]
 la_oenb[88]
 la_oenb[89]
 la_oenb[8]
 la_oenb[90]
 la_oenb[91]
 la_oenb[92]
 la_oenb[93]
 la_oenb[94]
 la_oenb[95]
 la_oenb[96]
 la_oenb[97]
 la_oenb[98]
 la_oenb[99]
 la_oenb[9]
 user_clock2
 core/clkload0/Y
 core/clkload1/Y
 core/clkload10/Y
 core/clkload11/Y
 core/clkload12/Y
 core/clkload13/Y
 core/clkload14/Y
 core/clkload2/Y
 core/clkload3/Y
 core/clkload4/Y
 core/clkload5/Y
 core/clkload6/Y
 core/clkload7/X
 core/clkload8/Y
 core/clkload9/Y
 mprj/VDDA
 mprj/VDDC
 mprj/VSS
 mprj1/VDDA
 mprj1/VDDC
 mprj1/VSS
Found 0 partially unannotated drivers.

===========================================================================
max slew violation count 735
max fanout violation count 18
max cap violation count 33
============================================================================

===========================================================================
check_setup -verbose -unconstrained_endpoints -multiple_clock -no_clock -no_input_delay -loops -generated_clocks
===========================================================================
Warning: There are 68 input ports missing set_input_delay.
  analog_io[0]
  analog_io[10]
  analog_io[11]
  analog_io[12]
  analog_io[13]
  analog_io[14]
  analog_io[15]
  analog_io[16]
  analog_io[17]
  analog_io[18]
  analog_io[19]
  analog_io[1]
  analog_io[20]
  analog_io[21]
  analog_io[22]
  analog_io[23]
  analog_io[24]
  analog_io[25]
  analog_io[26]
  analog_io[27]
  analog_io[28]
  analog_io[2]
  analog_io[3]
  analog_io[4]
  analog_io[5]
  analog_io[6]
  analog_io[7]
  analog_io[8]
  analog_io[9]
  io_in[0]
  io_in[10]
  io_in[11]
  io_in[12]
  io_in[13]
  io_in[14]
  io_in[15]
  io_in[16]
  io_in[17]
  io_in[18]
  io_in[19]
  io_in[1]
  io_in[20]
  io_in[21]
  io_in[22]
  io_in[23]
  io_in[24]
  io_in[25]
  io_in[26]
  io_in[27]
  io_in[28]
  io_in[29]
  io_in[2]
  io_in[30]
  io_in[31]
  io_in[32]
  io_in[33]
  io_in[34]
  io_in[35]
  io_in[36]
  io_in[37]
  io_in[3]
  io_in[4]
  io_in[5]
  io_in[6]
  io_in[7]
  io_in[8]
  io_in[9]
  user_clock2
Warning: There are 236 unconstrained endpoints.
  analog_io[0]
  analog_io[10]
  analog_io[11]
  analog_io[12]
  analog_io[13]
  analog_io[14]
  analog_io[15]
  analog_io[16]
  analog_io[17]
  analog_io[18]
  analog_io[19]
  analog_io[1]
  analog_io[20]
  analog_io[21]
  analog_io[22]
  analog_io[23]
  analog_io[24]
  analog_io[25]
  analog_io[26]
  analog_io[27]
  analog_io[28]
  analog_io[2]
  analog_io[3]
  analog_io[4]
  analog_io[5]
  analog_io[6]
  analog_io[7]
  analog_io[8]
  analog_io[9]
  io_oeb[0]
  io_oeb[10]
  io_oeb[11]
  io_oeb[12]
  io_oeb[13]
  io_oeb[14]
  io_oeb[15]
  io_oeb[16]
  io_oeb[17]
  io_oeb[18]
  io_oeb[19]
  io_oeb[1]
  io_oeb[20]
  io_oeb[21]
  io_oeb[22]
  io_oeb[23]
  io_oeb[24]
  io_oeb[25]
  io_oeb[26]
  io_oeb[27]
  io_oeb[28]
  io_oeb[29]
  io_oeb[2]
  io_oeb[30]
  io_oeb[31]
  io_oeb[32]
  io_oeb[33]
  io_oeb[34]
  io_oeb[35]
  io_oeb[36]
  io_oeb[37]
  io_oeb[3]
  io_oeb[4]
  io_oeb[5]
  io_oeb[6]
  io_oeb[7]
  io_oeb[8]
  io_oeb[9]
  io_out[0]
  io_out[10]
  io_out[11]
  io_out[12]
  io_out[13]
  io_out[14]
  io_out[15]
  io_out[16]
  io_out[17]
  io_out[18]
  io_out[19]
  io_out[1]
  io_out[20]
  io_out[21]
  io_out[22]
  io_out[23]
  io_out[24]
  io_out[25]
  io_out[26]
  io_out[27]
  io_out[28]
  io_out[29]
  io_out[2]
  io_out[30]
  io_out[31]
  io_out[32]
  io_out[33]
  io_out[34]
  io_out[35]
  io_out[36]
  io_out[37]
  io_out[3]
  io_out[4]
  io_out[5]
  io_out[6]
  io_out[7]
  io_out[8]
  io_out[9]
  la_data_out[0]
  la_data_out[100]
  la_data_out[101]
  la_data_out[102]
  la_data_out[103]
  la_data_out[104]
  la_data_out[105]
  la_data_out[106]
  la_data_out[107]
  la_data_out[108]
  la_data_out[109]
  la_data_out[10]
  la_data_out[110]
  la_data_out[111]
  la_data_out[112]
  la_data_out[113]
  la_data_out[114]
  la_data_out[115]
  la_data_out[116]
  la_data_out[117]
  la_data_out[118]
  la_data_out[119]
  la_data_out[11]
  la_data_out[120]
  la_data_out[121]
  la_data_out[122]
  la_data_out[123]
  la_data_out[124]
  la_data_out[125]
  la_data_out[126]
  la_data_out[127]
  la_data_out[12]
  la_data_out[13]
  la_data_out[14]
  la_data_out[15]
  la_data_out[16]
  la_data_out[17]
  la_data_out[18]
  la_data_out[19]
  la_data_out[1]
  la_data_out[20]
  la_data_out[21]
  la_data_out[22]
  la_data_out[23]
  la_data_out[24]
  la_data_out[25]
  la_data_out[26]
  la_data_out[27]
  la_data_out[28]
  la_data_out[29]
  la_data_out[2]
  la_data_out[30]
  la_data_out[31]
  la_data_out[32]
  la_data_out[33]
  la_data_out[34]
  la_data_out[35]
  la_data_out[36]
  la_data_out[37]
  la_data_out[38]
  la_data_out[39]
  la_data_out[3]
  la_data_out[40]
  la_data_out[41]
  la_data_out[42]
  la_data_out[43]
  la_data_out[44]
  la_data_out[45]
  la_data_out[46]
  la_data_out[47]
  la_data_out[48]
  la_data_out[49]
  la_data_out[4]
  la_data_out[50]
  la_data_out[51]
  la_data_out[52]
  la_data_out[53]
  la_data_out[54]
  la_data_out[55]
  la_data_out[56]
  la_data_out[57]
  la_data_out[58]
  la_data_out[59]
  la_data_out[5]
  la_data_out[60]
  la_data_out[61]
  la_data_out[62]
  la_data_out[63]
  la_data_out[64]
  la_data_out[65]
  la_data_out[66]
  la_data_out[67]
  la_data_out[68]
  la_data_out[69]
  la_data_out[6]
  la_data_out[70]
  la_data_out[71]
  la_data_out[72]
  la_data_out[73]
  la_data_out[74]
  la_data_out[75]
  la_data_out[76]
  la_data_out[77]
  la_data_out[78]
  la_data_out[79]
  la_data_out[7]
  la_data_out[80]
  la_data_out[81]
  la_data_out[82]
  la_data_out[83]
  la_data_out[84]
  la_data_out[85]
  la_data_out[86]
  la_data_out[87]
  la_data_out[88]
  la_data_out[89]
  la_data_out[8]
  la_data_out[90]
  la_data_out[91]
  la_data_out[92]
  la_data_out[93]
  la_data_out[94]
  la_data_out[95]
  la_data_out[96]
  la_data_out[97]
  la_data_out[98]
  la_data_out[99]
  la_data_out[9]
  user_irq[0]
  user_irq[1]
  user_irq[2]
