
===========================================================================
 report_power
============================================================================
======================= max_ff_n40C_1v95 Corner ===================================

Group                    Internal    Switching      Leakage        Total
                            Power        Power        Power        Power (Watts)
------------------------------------------------------------------------
Sequential           3.451925e-04 8.003122e-06 3.872581e-09 3.531995e-04  17.8%
Combinational        4.113530e-04 3.031618e-04 3.487352e-08 7.145497e-04  36.1%
Clock                1.130826e-04 1.658261e-04 2.002741e-09 2.789108e-04  14.1%
Macro                6.283521e-04 6.980891e-06 4.605000e-09 6.353376e-04  32.1%
Pad                  0.000000e+00 0.000000e+00 0.000000e+00 0.000000e+00   0.0%
------------------------------------------------------------------------
Total                1.497981e-03 4.839724e-04 4.535381e-08 1.981999e-03 100.0%
                            75.6%        24.4%         0.0%

