Clock: wb_clk_i
Sources: wb_clk_i 
Generated: no
Virtual: yes
Propagated: no
Period: 25.000000

===========================================================================
report_clock_properties
============================================================================
Clock                   Period          Waveform
----------------------------------------------------
wb_clk_i             25.000000    0.000000 12.500000

===========================================================================
report_clock_latency
============================================================================
Clock wb_clk_i
rise -> rise
    min     max
0.000000 0.000000 source latency
0.444586         network latency _2272_/CLK
        0.473552 network latency _2245_/CLK
---------------
0.444586 0.473552 latency
        0.028967 skew

fall -> fall
    min     max
0.000000 0.000000 source latency
0.357733         network latency _2272_/CLK
        0.379376 network latency _2245_/CLK
---------------
0.357733 0.379376 latency
        0.021642 skew



===========================================================================
report_clock_min_period
============================================================================
wb_clk_i period_min = 4.19 fmax = 238.57
