
===========================================================================
 report_power
============================================================================
======================= min_ff_n40C_1v95 Corner ===================================

Group                    Internal    Switching      Leakage        Total
                            Power        Power        Power        Power (Watts)
------------------------------------------------------------------------
Sequential           3.717078e-04 1.265405e-05 3.830392e-09 3.843657e-04  21.5%
Combinational        6.913156e-04 4.481754e-04 3.455467e-08 1.139526e-03  63.8%
Clock                1.100217e-04 1.519202e-04 2.002733e-09 2.619439e-04  14.7%
Macro                0.000000e+00 0.000000e+00 0.000000e+00 0.000000e+00   0.0%
Pad                  0.000000e+00 0.000000e+00 0.000000e+00 0.000000e+00   0.0%
------------------------------------------------------------------------
Total                1.173044e-03 6.127506e-04 4.038778e-08 1.785835e-03 100.0%
                            65.7%        34.3%         0.0%

