
===========================================================================
 report_power
============================================================================
======================= nom_tt_025C_1v80 Corner ===================================

Group                    Internal    Switching      Leakage        Total
                            Power        Power        Power        Power (Watts)
------------------------------------------------------------------------
Sequential           2.966626e-04 6.352673e-06 2.049262e-09 3.030173e-04  17.1%
Combinational        3.529738e-04 2.460908e-04 1.151722e-08 5.990762e-04  33.9%
Clock                9.616981e-05 1.338140e-04 1.104702e-09 2.299849e-04  13.0%
Macro                6.283521e-04 6.731076e-06 4.605000e-09 6.350878e-04  35.9%
Pad                  0.000000e+00 0.000000e+00 0.000000e+00 0.000000e+00   0.0%
------------------------------------------------------------------------
Total                1.374157e-03 3.929886e-04 1.927619e-08 1.767165e-03 100.0%
                            77.8%        22.2%         0.0%

