
===========================================================================
 report_power
============================================================================
======================= min_ss_100C_1v60 Corner ===================================

Group                    Internal    Switching      Leakage        Total
                            Power        Power        Power        Power (Watts)
------------------------------------------------------------------------
Sequential           2.282510e-04 4.658932e-06 3.119400e-06 2.360293e-04  15.5%
Combinational        2.791622e-04 1.839826e-04 1.332150e-05 4.764663e-04  31.2%
Clock                7.847025e-05 9.950114e-05 3.100121e-07 1.782814e-04  11.7%
Macro                6.283521e-04 6.491126e-06 4.605000e-09 6.348478e-04  41.6%
Pad                  0.000000e+00 0.000000e+00 0.000000e+00 0.000000e+00   0.0%
------------------------------------------------------------------------
Total                1.214235e-03 2.946338e-04 1.675547e-05 1.525624e-03 100.0%
                            79.6%        19.3%         1.1%

