
===========================================================================
 report_power
============================================================================
======================= max_ss_100C_1v60 Corner ===================================

Group                    Internal    Switching      Leakage        Total
                            Power        Power        Power        Power (Watts)
------------------------------------------------------------------------
Sequential           2.281836e-04 4.981900e-06 3.119400e-06 2.362849e-04  15.2%
Combinational        2.794747e-04 1.991777e-04 1.332150e-05 4.919739e-04  31.7%
Clock                7.835050e-05 1.088632e-04 3.100121e-07 1.875237e-04  12.1%
Macro                6.283521e-04 6.981338e-06 4.605000e-09 6.353380e-04  41.0%
Pad                  0.000000e+00 0.000000e+00 0.000000e+00 0.000000e+00   0.0%
------------------------------------------------------------------------
Total                1.214360e-03 3.200045e-04 1.675547e-05 1.551120e-03 100.0%
                            78.3%        20.6%         1.1%

