
===========================================================================
 report_power
============================================================================
======================= nom_ss_100C_1v60 Corner ===================================

Group                    Internal    Switching      Leakage        Total
                            Power        Power        Power        Power (Watts)
------------------------------------------------------------------------
Sequential           2.468007e-04 8.075445e-06 3.137277e-06 2.580134e-04  20.9%
Combinational        4.767810e-04 3.047118e-04 1.326260e-05 7.947554e-04  64.3%
Clock                7.883069e-05 1.042801e-04 3.100077e-07 1.834208e-04  14.8%
Macro                0.000000e+00 0.000000e+00 0.000000e+00 0.000000e+00   0.0%
Pad                  0.000000e+00 0.000000e+00 0.000000e+00 0.000000e+00   0.0%
------------------------------------------------------------------------
Total                8.024108e-04 4.170674e-04 1.670985e-05 1.236188e-03 100.0%
                            64.9%        33.7%         1.4%

