Clock: wb_clk_i
Sources: wb_clk_i 
Generated: no
Virtual: yes
Propagated: no
Period: 25.000000

===========================================================================
report_clock_properties
============================================================================
Clock                   Period          Waveform
----------------------------------------------------
wb_clk_i             25.000000    0.000000 12.500000

===========================================================================
report_clock_latency
============================================================================
Clock wb_clk_i
rise -> rise
    min     max
0.000000 0.000000 source latency
1.191230         network latency _2272_/CLK
        1.257198 network latency _2245_/CLK
---------------
1.191230 1.257198 latency
        0.065968 skew

fall -> fall
    min     max
0.000000 0.000000 source latency
0.986038         network latency _2272_/CLK
        1.037614 network latency _2245_/CLK
---------------
0.986038 1.037614 latency
        0.051576 skew



===========================================================================
report_clock_min_period
============================================================================
wb_clk_i period_min = 12.90 fmax = 77.53
