Clock: wb_clk_i
Sources: wb_clk_i 
Generated: no
Virtual: yes
Propagated: no
Period: 25.000000

===========================================================================
report_clock_properties
============================================================================
Clock                   Period          Waveform
----------------------------------------------------
wb_clk_i             25.000000    0.000000 12.500000

===========================================================================
report_clock_latency
============================================================================
Clock wb_clk_i
rise -> rise
    min     max
4.650000 5.570000 source latency
5.399555         network latency mprj1/wb_clk_i
        7.290524 network latency core/_2245_/CLK
---------------
10.049555 12.860523 latency
        2.810969 skew

fall -> fall
    min     max
4.650000 5.570000 source latency
5.398032         network latency mprj1/wb_clk_i
        7.641658 network latency core/_2245_/CLK
---------------
10.048032 13.211658 latency
        3.163626 skew



===========================================================================
report_clock_min_period
============================================================================
wb_clk_i period_min = 6.51 fmax = 153.68
