
===========================================================================
 report_power
============================================================================
======================= max_tt_025C_1v80 Corner ===================================

Group                    Internal    Switching      Leakage        Total
                            Power        Power        Power        Power (Watts)
------------------------------------------------------------------------
Sequential           2.966738e-04 6.542731e-06 2.049262e-09 3.032186e-04  17.0%
Combinational        3.532751e-04 2.551165e-04 1.151722e-08 6.084032e-04  34.1%
Clock                9.621454e-05 1.396146e-04 1.104702e-09 2.358302e-04  13.2%
Macro                6.283521e-04 6.981072e-06 4.605000e-09 6.353378e-04  35.6%
Pad                  0.000000e+00 0.000000e+00 0.000000e+00 0.000000e+00   0.0%
------------------------------------------------------------------------
Total                1.374515e-03 4.082546e-04 1.927619e-08 1.782789e-03 100.0%
                            77.1%        22.9%         0.0%

