┏━━━━━━━━━━━━━━━━━━━━━━┳━━━━━━━━━━┳━━━━━━━━━━┳━━━━━━━━━━┳━━━━━━━━━━┳━━━━━━━━━━━┳━━━━━━━━━━┳━━━━━━━━━━━┳━━━━━━━━━━┳━━━━━━━━━━━┳━━━━━━━━━━┳━━━━━━━━━━━┳━━━━━━━━━━┓
┃                      ┃ Hold     ┃ Reg to   ┃          ┃          ┃ of which  ┃ Setup    ┃           ┃          ┃           ┃ of which ┃           ┃          ┃
┃                      ┃ Worst    ┃ Reg      ┃          ┃ Hold Vio ┃ reg to    ┃ Worst    ┃ Reg to    ┃ Setup    ┃ Setup Vio ┃ reg to   ┃ Max Cap   ┃ Max Slew ┃
┃ Corner/Group         ┃ Slack    ┃ Paths    ┃ Hold TNS ┃ Count    ┃ reg       ┃ Slack    ┃ Reg Paths ┃ TNS      ┃ Count     ┃ reg      ┃ Violatio… ┃ Violati… ┃
┡━━━━━━━━━━━━━━━━━━━━━━╇━━━━━━━━━━╇━━━━━━━━━━╇━━━━━━━━━━╇━━━━━━━━━━╇━━━━━━━━━━━╇━━━━━━━━━━╇━━━━━━━━━━━╇━━━━━━━━━━╇━━━━━━━━━━━╇━━━━━━━━━━╇━━━━━━━━━━━╇━━━━━━━━━━┩
│ Overall              │ 1.5935   │ 2.0283   │ 0.0000   │ 0        │ 0         │ 7.7297   │ N/A       │ 0.0000   │ 0         │ 0        │ 36        │ 1548     │
│ nom_tt_025C_1v80     │ 1.9742   │ 3.1348   │ 0.0000   │ 0        │ 0         │ 9.8720   │ N/A       │ 0.0000   │ 0         │ 0        │ 36        │ 907      │
│ nom_ss_100C_1v60     │ 1.7342   │ 5.8352   │ 0.0000   │ 0        │ 0         │ 7.8627   │ N/A       │ 0.0000   │ 0         │ 0        │ 36        │ 1535     │
│ nom_ff_n40C_1v95     │ 2.0100   │ 2.0348   │ 0.0000   │ 0        │ 0         │ 9.8720   │ N/A       │ 0.0000   │ 0         │ 0        │ 33        │ 732      │
│ min_tt_025C_1v80     │ 2.0629   │ 3.1235   │ 0.0000   │ 0        │ 0         │ 10.0429  │ N/A       │ 0.0000   │ 0         │ 0        │ 35        │ 747      │
│ min_ss_100C_1v60     │ 1.8183   │ 5.8208   │ 0.0000   │ 0        │ 0         │ 8.0326   │ N/A       │ 0.0000   │ 0         │ 0        │ 36        │ 1516     │
│ min_ff_n40C_1v95     │ 1.8293   │ 2.0283   │ 0.0000   │ 0        │ 0         │ 10.0429  │ N/A       │ 0.0000   │ 0         │ 0        │ 33        │ 727      │
│ max_tt_025C_1v80     │ 1.8408   │ 3.1467   │ 0.0000   │ 0        │ 0         │ 9.7109   │ N/A       │ 0.0000   │ 0         │ 0        │ 36        │ 1129     │
│ max_ss_100C_1v60     │ 1.5935   │ N/A      │ 0.0000   │ 0        │ 0         │ 7.7297   │ N/A       │ 0.0000   │ 0         │ 0        │ 36        │ 1548     │
│ max_ff_n40C_1v95     │ 2.0416   │ 2.0416   │ 0.0000   │ 0        │ 0         │ 9.7109   │ N/A       │ 0.0000   │ 0         │ 0        │ 33        │ 735      │
└──────────────────────┴──────────┴──────────┴──────────┴──────────┴───────────┴──────────┴───────────┴──────────┴───────────┴──────────┴───────────┴──────────┘
