
===========================================================================
 report_power
============================================================================
======================= min_tt_025C_1v80 Corner ===================================

Group                    Internal    Switching      Leakage        Total
                            Power        Power        Power        Power (Watts)
------------------------------------------------------------------------
Sequential           2.966520e-04 6.133967e-06 2.049262e-09 3.027880e-04  17.3%
Combinational        3.526549e-04 2.358853e-04 1.151722e-08 5.885517e-04  33.6%
Clock                9.611699e-05 1.277657e-04 1.104702e-09 2.238838e-04  12.8%
Macro                6.283521e-04 6.490861e-06 4.605000e-09 6.348476e-04  36.3%
Pad                  0.000000e+00 0.000000e+00 0.000000e+00 0.000000e+00   0.0%
------------------------------------------------------------------------
Total                1.373776e-03 3.762757e-04 1.927619e-08 1.750071e-03 100.0%
                            78.5%        21.5%         0.0%

