┏━━━━━━━━━━━━━━━━━━━━━━┳━━━━━━━━━━┳━━━━━━━━━━┳━━━━━━━━━━┳━━━━━━━━━━┳━━━━━━━━━━━┳━━━━━━━━━━┳━━━━━━━━━━━┳━━━━━━━━━━┳━━━━━━━━━━━┳━━━━━━━━━━┳━━━━━━━━━━━┳━━━━━━━━━━┓
┃                      ┃ Hold     ┃ Reg to   ┃          ┃          ┃ of which  ┃ Setup    ┃           ┃          ┃           ┃ of which ┃           ┃          ┃
┃                      ┃ Worst    ┃ Reg      ┃          ┃ Hold Vio ┃ reg to    ┃ Worst    ┃ Reg to    ┃ Setup    ┃ Setup Vio ┃ reg to   ┃ Max Cap   ┃ Max Slew ┃
┃ Corner/Group         ┃ Slack    ┃ Paths    ┃ Hold TNS ┃ Count    ┃ reg       ┃ Slack    ┃ Reg Paths ┃ TNS      ┃ Count     ┃ reg      ┃ Violatio… ┃ Violati… ┃
┡━━━━━━━━━━━━━━━━━━━━━━╇━━━━━━━━━━╇━━━━━━━━━━╇━━━━━━━━━━╇━━━━━━━━━━╇━━━━━━━━━━━╇━━━━━━━━━━╇━━━━━━━━━━━╇━━━━━━━━━━╇━━━━━━━━━━━╇━━━━━━━━━━╇━━━━━━━━━━━╇━━━━━━━━━━┩
│ Overall              │ 2.0282   │ 2.0282   │ 0.0000   │ 0        │ 0         │ 8.1397   │ N/A       │ 0.0000   │ 0         │ 0        │ 1         │ 454      │
│ nom_tt_025C_1v80     │ 3.1347   │ 3.1347   │ 0.0000   │ 0        │ 0         │ 13.3657  │ N/A       │ 0.0000   │ 0         │ 0        │ 1         │ 0        │
│ nom_ss_100C_1v60     │ 3.7604   │ 6.3794   │ 0.0000   │ 0        │ 0         │ 8.2030   │ N/A       │ 0.0000   │ 0         │ 0        │ 1         │ 294      │
│ nom_ff_n40C_1v95     │ 2.0348   │ 2.0348   │ 0.0000   │ 0        │ 0         │ 13.8441  │ N/A       │ 0.0000   │ 0         │ 0        │ 1         │ 0        │
│ min_tt_025C_1v80     │ 3.1234   │ 3.1234   │ 0.0000   │ 0        │ 0         │ 13.4150  │ N/A       │ 0.0000   │ 0         │ 0        │ 1         │ 0        │
│ min_ss_100C_1v60     │ 3.7705   │ 6.3601   │ 0.0000   │ 0        │ 0         │ 8.2854   │ N/A       │ 0.0000   │ 0         │ 0        │ 1         │ 90       │
│ min_ff_n40C_1v95     │ 2.0282   │ 2.0282   │ 0.0000   │ 0        │ 0         │ 13.8767  │ N/A       │ 0.0000   │ 0         │ 0        │ 1         │ 0        │
│ max_tt_025C_1v80     │ 3.1467   │ 3.1467   │ 0.0000   │ 0        │ 0         │ 13.3400  │ N/A       │ 0.0000   │ 0         │ 0        │ 1         │ 0        │
│ max_ss_100C_1v60     │ 3.7423   │ 6.3991   │ 0.0000   │ 0        │ 0         │ 8.1397   │ N/A       │ 0.0000   │ 0         │ 0        │ 1         │ 454      │
│ max_ff_n40C_1v95     │ 2.0416   │ 2.0416   │ 0.0000   │ 0        │ 0         │ 13.8268  │ N/A       │ 0.0000   │ 0         │ 0        │ 1         │ 0        │
└──────────────────────┴──────────┴──────────┴──────────┴──────────┴───────────┴──────────┴───────────┴──────────┴───────────┴──────────┴───────────┴──────────┘
