┏━━━━━━━┳━━━━━━━━━┳━━━━━━━━━━┳━━━━━━━━━━━━━━━┳━━━━━━━━━━━━━━━━━━━━┳━━━━━━━┓
┃ P / R ┃ Partial ┃ Required ┃ Net           ┃ Pin                ┃ Layer ┃
┡━━━━━━━╇━━━━━━━━━╇━━━━━━━━━━╇━━━━━━━━━━━━━━━╇━━━━━━━━━━━━━━━━━━━━╇━━━━━━━┩
│ 1.78  │ 4946.22 │ 2773.88  │ wbs_dat_i[4]  │ core/wbs_dat_i[4]  │ met3  │
│ 1.73  │ 4796.29 │ 2773.88  │ wbs_dat_i[6]  │ core/wbs_dat_i[6]  │ met5  │
│ 1.68  │ 4653.19 │ 2773.88  │ wbs_dat_i[9]  │ core/wbs_dat_i[9]  │ met3  │
│ 1.63  │ 4527.67 │ 2773.88  │ wbs_dat_i[5]  │ core/wbs_dat_i[5]  │ met3  │
│ 1.62  │ 4480.15 │ 2773.88  │ wbs_dat_i[11] │ core/wbs_dat_i[11] │ met3  │
│ 1.60  │ 4429.94 │ 2773.88  │ wbs_dat_i[14] │ core/wbs_dat_i[14] │ met3  │
│ 1.58  │ 4380.38 │ 2773.88  │ wbs_adr_i[2]  │ core/wbs_adr_i[2]  │ met3  │
│ 1.55  │ 4310.34 │ 2773.88  │ wbs_dat_i[15] │ core/wbs_dat_i[15] │ met3  │
│ 1.53  │ 4242.50 │ 2773.88  │ wbs_adr_i[14] │ core/wbs_adr_i[14] │ met3  │
│ 1.51  │ 4197.56 │ 2773.88  │ wbs_dat_i[10] │ core/wbs_dat_i[10] │ met3  │
│ 1.51  │ 4188.35 │ 2773.88  │ wbs_adr_i[15] │ core/wbs_adr_i[15] │ met3  │
│ 1.51  │ 4183.11 │ 2773.88  │ wbs_adr_i[13] │ core/wbs_adr_i[13] │ met3  │
│ 1.38  │ 3831.52 │ 2773.88  │ wbs_dat_i[20] │ core/wbs_dat_i[20] │ met3  │
│ 1.14  │ 3171.95 │ 2773.88  │ wbs_stb_i     │ core/wbs_stb_i     │ met3  │
│ 1.14  │ 3155.47 │ 2773.88  │ wbs_we_i      │ core/wbs_we_i      │ met3  │
└───────┴─────────┴──────────┴───────────────┴────────────────────┴───────┘
