
===========================================================================
report_checks -unconstrained
===========================================================================
======================= nom_ff_n40C_1v95 Corner ===================================

Startpoint: wb_rst_i (input port clocked by wb_clk_i)
Endpoint: core/_2306_ (recovery check against rising-edge clock wb_clk_i)
Path Group: asynchronous
Path Type: max

Fanout         Cap        Slew       Delay        Time   Description
---------------------------------------------------------------------------------------------
                                  0.000000    0.000000   clock wb_clk_i (rise edge)
                                  5.570000    5.570000   clock network delay (propagated)
                                 12.500000   18.070000 v input external delay
     6    1.034028    0.000000    0.000000   18.070000 v wb_rst_i (in)
                                                         wb_rst_i (net)
                      2.302778    1.151388   19.221388 v core/input9/A (sky130_fd_sc_hd__buf_1)
     1    0.013740    0.088933    0.508182   19.729570 v core/input9/X (sky130_fd_sc_hd__buf_1)
                                                         core/net9 (net)
                      0.088933    0.001005   19.730576 v core/fanout329/A (sky130_fd_sc_hd__buf_4)
    15    0.097033    0.091170    0.170857   19.901432 v core/fanout329/X (sky130_fd_sc_hd__buf_4)
                                                         core/net329 (net)
                      0.094917    0.014438   19.915871 v core/fanout328/A (sky130_fd_sc_hd__clkbuf_4)
     5    0.049393    0.076390    0.163249   20.079119 v core/fanout328/X (sky130_fd_sc_hd__clkbuf_4)
                                                         core/net328 (net)
                      0.076390    0.000487   20.079607 v core/fanout325/A (sky130_fd_sc_hd__clkbuf_4)
     8    0.051334    0.078360    0.158428   20.238033 v core/fanout325/X (sky130_fd_sc_hd__clkbuf_4)
                                                         core/net325 (net)
                      0.078645    0.003698   20.241732 v core/fanout323/A (sky130_fd_sc_hd__buf_4)
    10    0.062457    0.066097    0.151200   20.392933 v core/fanout323/X (sky130_fd_sc_hd__buf_4)
                                                         core/net323 (net)
                      0.066274    0.002986   20.395918 v core/_2144_/A (sky130_fd_sc_hd__inv_2)
     1    0.004528    0.027976    0.044619   20.440536 ^ core/_2144_/Y (sky130_fd_sc_hd__inv_2)
                                                         core/_0082_ (net)
                      0.027976    0.000101   20.440638 ^ core/_2306_/RESET_B (sky130_fd_sc_hd__dfrtp_4)
                                             20.440638   data arrival time

                                 25.000000   25.000000   clock wb_clk_i (rise edge)
                                  4.650000   29.650000   clock source latency
     6    0.586277    0.610000    0.000000   29.650000 ^ wb_clk_i (in)
                                                         wb_clk_i (net)
                      2.021908    0.705954   30.355953 ^ core/clkbuf_0_wb_clk_i/A (sky130_fd_sc_hd__clkbuf_16)
    33    0.213424    0.193625    0.217558   30.573511 ^ core/clkbuf_0_wb_clk_i/X (sky130_fd_sc_hd__clkbuf_16)
                                                         core/clknet_0_wb_clk_i (net)
                      0.194272    0.008782   30.582293 ^ core/clkbuf_4_13_0_wb_clk_i/A (sky130_fd_sc_hd__clkbuf_8)
    12    0.044629    0.068940    0.146017   30.728310 ^ core/clkbuf_4_13_0_wb_clk_i/X (sky130_fd_sc_hd__clkbuf_8)
                                                         core/clknet_4_13_0_wb_clk_i (net)
                      0.068954    0.000970   30.729280 ^ core/_2306_/CLK (sky130_fd_sc_hd__dfrtp_4)
                                 -0.250000   30.479279   clock uncertainty
                                  0.000000   30.479279   clock reconvergence pessimism
                                  0.137953   30.617231   library recovery time
                                             30.617231   data required time
---------------------------------------------------------------------------------------------
                                             30.617231   data required time
                                            -20.440638   data arrival time
---------------------------------------------------------------------------------------------
                                             10.176592   slack (MET)


Startpoint: wb_rst_i (input port clocked by wb_clk_i)
Endpoint: mprj1 (rising edge-triggered flip-flop clocked by wb_clk_i)
Path Group: wb_clk_i
Path Type: max

Fanout         Cap        Slew       Delay        Time   Description
---------------------------------------------------------------------------------------------
                                  0.000000    0.000000   clock wb_clk_i (rise edge)
                                  5.570000    5.570000   clock network delay (propagated)
                                 12.500000   18.070000 ^ input external delay
     6    1.034249    0.000000    0.000000   18.070000 ^ wb_rst_i (in)
                                                         wb_rst_i (net)
                      1.931378    0.965690   19.035688 ^ mprj1/wb_rst_i (Neuromorphic_X1_wb)
                                             19.035688   data arrival time

                                 25.000000   25.000000   clock wb_clk_i (rise edge)
                                  4.650000   29.650000   clock source latency
     6    0.586277    0.610000    0.000000   29.650000 ^ wb_clk_i (in)
                                                         wb_clk_i (net)
                      1.844680    0.617339   30.267338 ^ mprj1/wb_clk_i (Neuromorphic_X1_wb)
                                 -0.250000   30.017338   clock uncertainty
                                  0.000000   30.017338   clock reconvergence pessimism
                                 -1.109624   28.907713   library setup time
                                             28.907713   data required time
---------------------------------------------------------------------------------------------
                                             28.907713   data required time
                                            -19.035688   data arrival time
---------------------------------------------------------------------------------------------
                                              9.872024   slack (MET)




===========================================================================
report_checks --slack_max -0.01
============================================================================
======================= nom_ff_n40C_1v95 Corner ===================================

No paths found.


===========================================================================
 report_check_types -max_slew -max_cap -max_fanout -violators
============================================================================
======================= nom_ff_n40C_1v95 Corner ===================================

max slew

Pin                                        Limit        Slew       Slack
------------------------------------------------------------------------
wbs_dat_o[4]                            0.500000    3.370043   -2.870043 (VIOLATED)
wbs_dat_o[27]                           0.500000    3.351091   -2.851091 (VIOLATED)
wbs_dat_o[3]                            0.500000    3.266373   -2.766373 (VIOLATED)
wbs_dat_o[31]                           0.500000    3.239473   -2.739473 (VIOLATED)
wbs_dat_o[11]                           0.500000    2.948660   -2.448660 (VIOLATED)
wbs_dat_o[13]                           0.500000    2.864285   -2.364284 (VIOLATED)
wbs_dat_o[24]                           0.500000    2.696589   -2.196589 (VIOLATED)
wbs_dat_o[0]                            0.500000    2.678313   -2.178313 (VIOLATED)
wbs_dat_o[28]                           0.500000    2.673315   -2.173315 (VIOLATED)
wbs_ack_o                               0.500000    2.666438   -2.166438 (VIOLATED)
mprj/wbs_adr_i[5]                       0.500000    2.640805   -2.140805 (VIOLATED)
core/output195/X                        0.500000    2.630473   -2.130473 (VIOLATED)
wbs_dat_o[23]                           0.500000    2.583652   -2.083652 (VIOLATED)
core/output173/X                        0.500000    2.578770   -2.078770 (VIOLATED)
wbs_dat_o[7]                            0.500000    2.542856   -2.042856 (VIOLATED)
wbs_dat_o[1]                            0.500000    2.533495   -2.033495 (VIOLATED)
core/output175/X                        0.500000    2.510710   -2.010710 (VIOLATED)
wbs_dat_o[10]                           0.500000    2.496650   -1.996650 (VIOLATED)
core/input26/A                          0.500000    2.480050   -1.980050 (VIOLATED)
core/ANTENNA_input26_A/DIODE            0.500000    2.480042   -1.980042 (VIOLATED)
wbs_dat_o[25]                           0.500000    2.458688   -1.958688 (VIOLATED)
core/output182/X                        0.500000    2.450022   -1.950022 (VIOLATED)
core/output171/X                        0.500000    2.442549   -1.942549 (VIOLATED)
core/input15/A                          0.500000    2.430229   -1.930229 (VIOLATED)
core/ANTENNA_input15_A/DIODE            0.500000    2.430193   -1.930193 (VIOLATED)
wbs_dat_o[18]                           0.500000    2.425881   -1.925881 (VIOLATED)
core/input17/A                          0.500000    2.386135   -1.886135 (VIOLATED)
core/ANTENNA_input17_A/DIODE            0.500000    2.386120   -1.886120 (VIOLATED)
mprj1/wbs_adr_i[5]                      0.500000    2.381449   -1.881449 (VIOLATED)
wbs_dat_o[8]                            0.500000    2.369352   -1.869352 (VIOLATED)
wbs_dat_o[17]                           0.500000    2.353690   -1.853690 (VIOLATED)
mprj/wbs_dat_i[1]                       0.500000    2.352098   -1.852098 (VIOLATED)
mprj/wbs_adr_i[1]                       0.500000    2.347303   -1.847303 (VIOLATED)
core/output187/X                        0.500000    2.333775   -1.833775 (VIOLATED)
mprj/wbs_adr_i[3]                       0.500000    2.320808   -1.820808 (VIOLATED)
core/input9/A                           0.500000    2.303656   -1.803656 (VIOLATED)
core/ANTENNA_input9_A/DIODE             0.500000    2.303640   -1.803640 (VIOLATED)
mprj/wbs_adr_i[4]                       0.500000    2.303625   -1.803625 (VIOLATED)
wbs_dat_o[12]                           0.500000    2.292275   -1.792275 (VIOLATED)
core/input11/A                          0.500000    2.291137   -1.791136 (VIOLATED)
core/ANTENNA_input11_A/DIODE            0.500000    2.291121   -1.791121 (VIOLATED)
mprj1/wbs_dat_i[1]                      0.500000    2.281215   -1.781215 (VIOLATED)
wbs_dat_o[20]                           0.500000    2.281114   -1.781114 (VIOLATED)
wbs_dat_o[16]                           0.500000    2.279850   -1.779849 (VIOLATED)
mprj/wbs_adr_i[16]                      0.500000    2.276675   -1.776676 (VIOLATED)
core/output170/X                        0.500000    2.271064   -1.771064 (VIOLATED)
core/input19/A                          0.500000    2.258027   -1.758027 (VIOLATED)
core/ANTENNA_input19_A/DIODE            0.500000    2.258011   -1.758011 (VIOLATED)
core/_2444_/A                           0.500000    2.254575   -1.754575 (VIOLATED)
core/_2412_/A                           0.500000    2.254567   -1.754567 (VIOLATED)
core/ANTENNA__2412__A/DIODE             0.500000    2.254563   -1.754563 (VIOLATED)
core/ANTENNA__2444__A/DIODE             0.500000    2.254564   -1.754564 (VIOLATED)
core/_2476_/A                           0.500000    2.254550   -1.754550 (VIOLATED)
core/_2508_/A                           0.500000    2.254531   -1.754531 (VIOLATED)
core/ANTENNA__2476__A/DIODE             0.500000    2.254499   -1.754499 (VIOLATED)
core/ANTENNA__2508__A/DIODE             0.500000    2.254497   -1.754497 (VIOLATED)
mprj/wbs_adr_i[11]                      0.500000    2.252986   -1.752986 (VIOLATED)
wbs_dat_o[15]                           0.500000    2.251309   -1.751309 (VIOLATED)
mprj/wbs_adr_i[12]                      0.500000    2.227371   -1.727371 (VIOLATED)
mprj/wbs_adr_i[7]                       0.500000    2.219053   -1.719053 (VIOLATED)
mprj/user_rst                           0.500000    2.217363   -1.717363 (VIOLATED)
mprj/wb_rst_i                           0.500000    2.216645   -1.716645 (VIOLATED)
wbs_dat_o[19]                           0.500000    2.214825   -1.714825 (VIOLATED)
core/output197/X                        0.500000    2.212147   -1.712147 (VIOLATED)
core/output190/X                        0.500000    2.193095   -1.693095 (VIOLATED)
core/output172/X                        0.500000    2.191957   -1.691957 (VIOLATED)
wbs_dat_o[21]                           0.500000    2.186871   -1.686871 (VIOLATED)
core/output191/X                        0.500000    2.184981   -1.684981 (VIOLATED)
mprj/wbs_dat_i[0]                       0.500000    2.179830   -1.679830 (VIOLATED)
mprj/wbs_adr_i[10]                      0.500000    2.175288   -1.675288 (VIOLATED)
core/output180/X                        0.500000    2.143581   -1.643581 (VIOLATED)
wbs_dat_o[14]                           0.500000    2.142542   -1.642542 (VIOLATED)
mprj1/wbs_adr_i[1]                      0.500000    2.133572   -1.633572 (VIOLATED)
mprj1/wbs_adr_i[3]                      0.500000    2.132991   -1.632991 (VIOLATED)
mprj1/wbs_dat_i[0]                      0.500000    2.126379   -1.626379 (VIOLATED)
wbs_dat_o[22]                           0.500000    2.113367   -1.613367 (VIOLATED)
core/output176/X                        0.500000    2.103772   -1.603772 (VIOLATED)
mprj1/wbs_adr_i[4]                      0.500000    2.102045   -1.602045 (VIOLATED)
core/output186/X                        0.500000    2.089062   -1.589062 (VIOLATED)
core/input34/A                          0.500000    2.087471   -1.587470 (VIOLATED)
core/ANTENNA_input34_A/DIODE            0.500000    2.087457   -1.587457 (VIOLATED)
core/output200/X                        0.500000    2.079368   -1.579368 (VIOLATED)
mprj/wbs_dat_i[30]                      0.500000    2.078841   -1.578841 (VIOLATED)
mprj1/wbs_dat_i[30]                     0.500000    2.045855   -1.545855 (VIOLATED)
mprj1/wbs_adr_i[16]                     0.500000    2.029891   -1.529891 (VIOLATED)
mprj1/wbs_adr_i[11]                     0.500000    2.022061   -1.522061 (VIOLATED)
core/clkbuf_0_wb_clk_i/A                0.500000    2.021908   -1.521908 (VIOLATED)
core/ANTENNA_clkbuf_0_wb_clk_i_A/DIODE    0.500000    2.021740   -1.521740 (VIOLATED)
core/output201/X                        0.500000    2.016096   -1.516096 (VIOLATED)
mprj1/wbs_adr_i[7]                      0.500000    1.995103   -1.495103 (VIOLATED)
mprj1/wbs_adr_i[10]                     0.500000    1.993098   -1.493098 (VIOLATED)
mprj1/wbs_adr_i[12]                     0.500000    1.992626   -1.492626 (VIOLATED)
wbs_dat_o[2]                            0.500000    1.980662   -1.480661 (VIOLATED)
wbs_dat_o[5]                            0.500000    1.973978   -1.473978 (VIOLATED)
core/output179/X                        0.500000    1.968277   -1.468277 (VIOLATED)
mprj/wbs_adr_i[21]                      0.500000    1.957514   -1.457514 (VIOLATED)
core/output188/X                        0.500000    1.947089   -1.447088 (VIOLATED)
core/output196/X                        0.500000    1.946565   -1.446565 (VIOLATED)
wbs_dat_o[6]                            0.500000    1.939477   -1.439477 (VIOLATED)
core/output174/X                        0.500000    1.938086   -1.438085 (VIOLATED)
wbs_dat_o[9]                            0.500000    1.936223   -1.436223 (VIOLATED)
mprj1/wb_rst_i                          0.500000    1.931378   -1.431378 (VIOLATED)
mprj1/user_rst                          0.500000    1.931111   -1.431111 (VIOLATED)
core/output178/X                        0.500000    1.930510   -1.430510 (VIOLATED)
core/output183/X                        0.500000    1.919322   -1.419322 (VIOLATED)
core/output177/X                        0.500000    1.907823   -1.407823 (VIOLATED)
mprj/wbs_dat_i[8]                       0.500000    1.905280   -1.405280 (VIOLATED)
core/input10/A                          0.500000    1.895242   -1.395242 (VIOLATED)
core/ANTENNA_input10_A/DIODE            0.500000    1.895219   -1.395219 (VIOLATED)
mprj1/wbs_dat_i[8]                      0.500000    1.894824   -1.394824 (VIOLATED)
core/output181/X                        0.500000    1.885167   -1.385167 (VIOLATED)
mprj/user_clk                           0.500000    1.879040   -1.379040 (VIOLATED)
mprj/wb_clk_i                           0.500000    1.878981   -1.378981 (VIOLATED)
core/output184/X                        0.500000    1.866929   -1.366929 (VIOLATED)
mprj1/wb_clk_i                          0.500000    1.844680   -1.344680 (VIOLATED)
mprj1/user_clk                          0.500000    1.844551   -1.344551 (VIOLATED)
core/_2445_/A                           0.500000    1.831110   -1.331110 (VIOLATED)
core/ANTENNA__2445__A/DIODE             0.500000    1.831101   -1.331101 (VIOLATED)
core/ANTENNA__2413__A/DIODE             0.500000    1.831098   -1.331098 (VIOLATED)
core/_2413_/A                           0.500000    1.831099   -1.331099 (VIOLATED)
core/_2477_/A                           0.500000    1.831082   -1.331082 (VIOLATED)
core/_2509_/A                           0.500000    1.831067   -1.331067 (VIOLATED)
core/ANTENNA__2509__A/DIODE             0.500000    1.831034   -1.331034 (VIOLATED)
core/ANTENNA__2477__A/DIODE             0.500000    1.830968   -1.330968 (VIOLATED)
core/output185/X                        0.500000    1.824331   -1.324331 (VIOLATED)
core/ANTENNA__2403__A/DIODE             0.500000    1.800694   -1.300694 (VIOLATED)
core/_2403_/A                           0.500000    1.800690   -1.300690 (VIOLATED)
core/_2435_/A                           0.500000    1.800675   -1.300675 (VIOLATED)
core/ANTENNA__2435__A/DIODE             0.500000    1.800650   -1.300650 (VIOLATED)
core/ANTENNA__2499__A/DIODE             0.500000    1.794878   -1.294878 (VIOLATED)
core/_2499_/A                           0.500000    1.794860   -1.294860 (VIOLATED)
core/_2467_/A                           0.500000    1.794703   -1.294703 (VIOLATED)
core/ANTENNA__2467__A/DIODE             0.500000    1.794655   -1.294655 (VIOLATED)
mprj/wbs_adr_i[0]                       0.500000    1.793772   -1.293772 (VIOLATED)
mprj1/wbs_adr_i[21]                     0.500000    1.793748   -1.293748 (VIOLATED)
core/_2507_/A                           0.500000    1.782306   -1.282306 (VIOLATED)
core/_2443_/A                           0.500000    1.782290   -1.282290 (VIOLATED)
core/ANTENNA__2507__A/DIODE             0.500000    1.782275   -1.282275 (VIOLATED)
core/_2475_/A                           0.500000    1.782276   -1.282276 (VIOLATED)
core/_2411_/A                           0.500000    1.782263   -1.282263 (VIOLATED)
core/ANTENNA__2443__A/DIODE             0.500000    1.782260   -1.282260 (VIOLATED)
core/ANTENNA__2475__A/DIODE             0.500000    1.782125   -1.282125 (VIOLATED)
core/ANTENNA__2411__A/DIODE             0.500000    1.782087   -1.282087 (VIOLATED)
core/input12/A                          0.500000    1.772519   -1.272519 (VIOLATED)
core/ANTENNA_input12_A/DIODE            0.500000    1.772504   -1.272504 (VIOLATED)
core/input14/A                          0.500000    1.763660   -1.263660 (VIOLATED)
core/ANTENNA_input14_A/DIODE            0.500000    1.763644   -1.263644 (VIOLATED)
core/_2409_/A                           0.500000    1.738187   -1.238187 (VIOLATED)
core/_2505_/A                           0.500000    1.738179   -1.238179 (VIOLATED)
core/ANTENNA__2409__A/DIODE             0.500000    1.738172   -1.238172 (VIOLATED)
core/_2441_/A                           0.500000    1.738164   -1.238165 (VIOLATED)
core/_2473_/A                           0.500000    1.738135   -1.238135 (VIOLATED)
core/ANTENNA__2473__A/DIODE             0.500000    1.738119   -1.238119 (VIOLATED)
core/ANTENNA__2505__A/DIODE             0.500000    1.738107   -1.238107 (VIOLATED)
core/ANTENNA__2441__A/DIODE             0.500000    1.738106   -1.238105 (VIOLATED)
core/_2399_/A                           0.500000    1.736199   -1.236199 (VIOLATED)
core/_2495_/A                           0.500000    1.736182   -1.236182 (VIOLATED)
core/ANTENNA__2399__A/DIODE             0.500000    1.736167   -1.236167 (VIOLATED)
core/ANTENNA__2495__A/DIODE             0.500000    1.736166   -1.236166 (VIOLATED)
core/_2431_/A                           0.500000    1.736161   -1.236161 (VIOLATED)
core/_2463_/A                           0.500000    1.736150   -1.236150 (VIOLATED)
core/ANTENNA__2431__A/DIODE             0.500000    1.736132   -1.236132 (VIOLATED)
core/ANTENNA__2463__A/DIODE             0.500000    1.736122   -1.236122 (VIOLATED)
core/input28/A                          0.500000    1.714458   -1.214458 (VIOLATED)
core/ANTENNA_input28_A/DIODE            0.500000    1.714442   -1.214443 (VIOLATED)
mprj/wbs_adr_i[13]                      0.500000    1.693771   -1.193771 (VIOLATED)
wbs_dat_o[26]                           0.500000    1.690567   -1.190567 (VIOLATED)
mprj1/Vcc_wl_reset                      0.500000    1.688954   -1.188954 (VIOLATED)
core/input24/A                          0.500000    1.687227   -1.187227 (VIOLATED)
core/ANTENNA_input24_A/DIODE            0.500000    1.687218   -1.187218 (VIOLATED)
wbs_dat_o[29]                           0.500000    1.686788   -1.186788 (VIOLATED)
mprj/wbs_adr_i[17]                      0.500000    1.686574   -1.186574 (VIOLATED)
core/output193/X                        0.500000    1.685571   -1.185571 (VIOLATED)
core/output198/X                        0.500000    1.677558   -1.177558 (VIOLATED)
wbs_dat_o[30]                           0.500000    1.671605   -1.171605 (VIOLATED)
core/output199/X                        0.500000    1.668949   -1.168949 (VIOLATED)
core/output189/X                        0.500000    1.667615   -1.167615 (VIOLATED)
mprj/wbs_adr_i[15]                      0.500000    1.667425   -1.167425 (VIOLATED)
core/output192/X                        0.500000    1.662352   -1.162352 (VIOLATED)
core/input13/A                          0.500000    1.654057   -1.154056 (VIOLATED)
core/ANTENNA_input13_A/DIODE            0.500000    1.654041   -1.154041 (VIOLATED)
core/output194/X                        0.500000    1.652025   -1.152025 (VIOLATED)
mprj/wbs_adr_i[24]                      0.500000    1.650057   -1.150057 (VIOLATED)
core/input27/A                          0.500000    1.649880   -1.149880 (VIOLATED)
core/ANTENNA_input27_A/DIODE            0.500000    1.649863   -1.149864 (VIOLATED)
core/output202/X                        0.500000    1.646736   -1.146736 (VIOLATED)
core/_2430_/A                           0.500000    1.618110   -1.118110 (VIOLATED)
core/_2494_/A                           0.500000    1.618096   -1.118096 (VIOLATED)
core/ANTENNA__2430__A/DIODE             0.500000    1.618080   -1.118080 (VIOLATED)
core/ANTENNA__2494__A/DIODE             0.500000    1.618068   -1.118068 (VIOLATED)
core/_2462_/A                           0.500000    1.617996   -1.117996 (VIOLATED)
core/_2398_/A                           0.500000    1.617992   -1.117992 (VIOLATED)
core/ANTENNA__2398__A/DIODE             0.500000    1.617964   -1.117964 (VIOLATED)
core/ANTENNA__2462__A/DIODE             0.500000    1.617954   -1.117954 (VIOLATED)
core/input35/A                          0.500000    1.612851   -1.112851 (VIOLATED)
core/ANTENNA_input35_A/DIODE            0.500000    1.612841   -1.112841 (VIOLATED)
core/input25/A                          0.500000    1.612196   -1.112196 (VIOLATED)
core/ANTENNA_input25_A/DIODE            0.500000    1.612187   -1.112187 (VIOLATED)
mprj1/wbs_dat_i[31]                     0.500000    1.605557   -1.105557 (VIOLATED)
core/_2464_/A                           0.500000    1.603915   -1.103915 (VIOLATED)
core/_2496_/A                           0.500000    1.603907   -1.103907 (VIOLATED)
core/ANTENNA__2464__A/DIODE             0.500000    1.603879   -1.103879 (VIOLATED)
core/ANTENNA__2496__A/DIODE             0.500000    1.603871   -1.103871 (VIOLATED)
core/_2400_/A                           0.500000    1.601224   -1.101224 (VIOLATED)
core/_2432_/A                           0.500000    1.601043   -1.101043 (VIOLATED)
core/ANTENNA__2400__A/DIODE             0.500000    1.600750   -1.100750 (VIOLATED)
core/ANTENNA__2432__A/DIODE             0.500000    1.600643   -1.100643 (VIOLATED)
mprj/wbs_adr_i[18]                      0.500000    1.592924   -1.092924 (VIOLATED)
mprj/wbs_adr_i[25]                      0.500000    1.592704   -1.092704 (VIOLATED)
core/_2404_/A                           0.500000    1.591626   -1.091626 (VIOLATED)
core/_2500_/A                           0.500000    1.591613   -1.091613 (VIOLATED)
core/ANTENNA__2404__A/DIODE             0.500000    1.591595   -1.091595 (VIOLATED)
core/_2436_/A                           0.500000    1.591583   -1.091583 (VIOLATED)
core/ANTENNA__2500__A/DIODE             0.500000    1.591581   -1.091581 (VIOLATED)
core/_2468_/A                           0.500000    1.591561   -1.091561 (VIOLATED)
core/ANTENNA__2436__A/DIODE             0.500000    1.591554   -1.091554 (VIOLATED)
core/ANTENNA__2468__A/DIODE             0.500000    1.591533   -1.091533 (VIOLATED)
core/input30/A                          0.500000    1.588684   -1.088684 (VIOLATED)
core/ANTENNA_input30_A/DIODE            0.500000    1.588674   -1.088674 (VIOLATED)
mprj/wbs_adr_i[14]                      0.500000    1.580305   -1.080305 (VIOLATED)
mprj/wbs_adr_i[19]                      0.500000    1.577399   -1.077399 (VIOLATED)
core/_2465_/A                           0.500000    1.575198   -1.075198 (VIOLATED)
core/_2497_/A                           0.500000    1.575195   -1.075195 (VIOLATED)
core/ANTENNA__2465__A/DIODE             0.500000    1.575165   -1.075165 (VIOLATED)
core/ANTENNA__2497__A/DIODE             0.500000    1.575157   -1.075157 (VIOLATED)
core/_2433_/A                           0.500000    1.574919   -1.074919 (VIOLATED)
core/ANTENNA__2433__A/DIODE             0.500000    1.574887   -1.074887 (VIOLATED)
core/_2401_/A                           0.500000    1.574803   -1.074803 (VIOLATED)
core/ANTENNA__2401__A/DIODE             0.500000    1.574724   -1.074724 (VIOLATED)
mprj/wbs_adr_i[6]                       0.500000    1.573018   -1.073018 (VIOLATED)
core/_2472_/A                           0.500000    1.570291   -1.070291 (VIOLATED)
core/_2504_/A                           0.500000    1.570287   -1.070287 (VIOLATED)
core/ANTENNA__2472__A/DIODE             0.500000    1.570225   -1.070225 (VIOLATED)
core/ANTENNA__2504__A/DIODE             0.500000    1.570222   -1.070222 (VIOLATED)
core/_2440_/A                           0.500000    1.568934   -1.068934 (VIOLATED)
core/ANTENNA__2440__A/DIODE             0.500000    1.568903   -1.068903 (VIOLATED)
core/_2408_/A                           0.500000    1.568716   -1.068716 (VIOLATED)
core/ANTENNA__2408__A/DIODE             0.500000    1.568526   -1.068526 (VIOLATED)
mprj/wbs_adr_i[27]                      0.500000    1.558292   -1.058292 (VIOLATED)
mprj/wbs_adr_i[31]                      0.500000    1.556333   -1.056333 (VIOLATED)
mprj/wbs_dat_i[2]                       0.500000    1.556264   -1.056264 (VIOLATED)
mprj1/Vcc_set                           0.500000    1.554237   -1.054237 (VIOLATED)
mprj1/wbs_adr_i[0]                      0.500000    1.552790   -1.052790 (VIOLATED)
mprj/wbs_adr_i[26]                      0.500000    1.550550   -1.050550 (VIOLATED)
mprj1/Vcc_wl_read                       0.500000    1.548712   -1.048712 (VIOLATED)
mprj/Vcc_set                            0.500000    1.548066   -1.048066 (VIOLATED)
core/input16/A                          0.500000    1.543018   -1.043018 (VIOLATED)
core/ANTENNA_input16_A/DIODE            0.500000    1.542965   -1.042965 (VIOLATED)
mprj/wbs_dat_i[21]                      0.500000    1.538840   -1.038840 (VIOLATED)
mprj/wbs_adr_i[30]                      0.500000    1.535980   -1.035980 (VIOLATED)
mprj1/wbs_dat_i[21]                     0.500000    1.533447   -1.033447 (VIOLATED)
mprj/wbs_adr_i[20]                      0.500000    1.533302   -1.033302 (VIOLATED)
mprj/wbs_dat_i[31]                      0.500000    1.528619   -1.028619 (VIOLATED)
core/input22/A                          0.500000    1.523739   -1.023740 (VIOLATED)
core/ANTENNA_input22_A/DIODE            0.500000    1.523728   -1.023728 (VIOLATED)
mprj/Vcc_wl_read                        0.500000    1.515210   -1.015210 (VIOLATED)
mprj1/wbs_dat_i[2]                      0.500000    1.511799   -1.011799 (VIOLATED)
mprj/wbs_sel_i[2]                       0.500000    1.506294   -1.006294 (VIOLATED)
core/input23/A                          0.500000    1.494794   -0.994794 (VIOLATED)
core/ANTENNA_input23_A/DIODE            0.500000    1.494785   -0.994785 (VIOLATED)
mprj1/wbs_adr_i[17]                     0.500000    1.491739   -0.991739 (VIOLATED)
mprj/wbs_dat_i[17]                      0.500000    1.490868   -0.990868 (VIOLATED)
mprj/wbs_adr_i[22]                      0.500000    1.488379   -0.988379 (VIOLATED)
mprj/wbs_dat_i[29]                      0.500000    1.482480   -0.982480 (VIOLATED)
mprj1/wbs_dat_i[27]                     0.500000    1.480258   -0.980257 (VIOLATED)
mprj/wbs_dat_i[14]                      0.500000    1.478513   -0.978513 (VIOLATED)
mprj1/wbs_dat_i[17]                     0.500000    1.477683   -0.977683 (VIOLATED)
mprj1/wbs_dat_i[14]                     0.500000    1.472396   -0.972396 (VIOLATED)
core/input31/A                          0.500000    1.469946   -0.969946 (VIOLATED)
core/ANTENNA_input31_A/DIODE            0.500000    1.469931   -0.969931 (VIOLATED)
mprj1/wbs_dat_i[29]                     0.500000    1.466638   -0.966638 (VIOLATED)
mprj1/wbs_adr_i[24]                     0.500000    1.465350   -0.965350 (VIOLATED)
mprj1/wbs_cyc_i                         0.500000    1.464991   -0.964991 (VIOLATED)
mprj/wbs_adr_i[2]                       0.500000    1.462243   -0.962243 (VIOLATED)
mprj1/wbs_adr_i[13]                     0.500000    1.462121   -0.962121 (VIOLATED)
core/input20/A                          0.500000    1.454006   -0.954006 (VIOLATED)
core/ANTENNA_input20_A/DIODE            0.500000    1.453990   -0.953990 (VIOLATED)
mprj1/wbs_adr_i[15]                     0.500000    1.452785   -0.952785 (VIOLATED)
mprj/wbs_dat_i[16]                      0.500000    1.452647   -0.952647 (VIOLATED)
mprj/wbs_dat_i[13]                      0.500000    1.448484   -0.948484 (VIOLATED)
mprj1/wbs_dat_i[13]                     0.500000    1.443216   -0.943216 (VIOLATED)
mprj1/wbs_dat_i[16]                     0.500000    1.438151   -0.938151 (VIOLATED)
mprj1/wbs_adr_i[25]                     0.500000    1.432268   -0.932268 (VIOLATED)
mprj/wbs_dat_i[4]                       0.500000    1.432101   -0.932101 (VIOLATED)
mprj/wbs_adr_i[23]                      0.500000    1.431589   -0.931589 (VIOLATED)
mprj/wbs_dat_i[9]                       0.500000    1.429708   -0.929708 (VIOLATED)
mprj/wbs_cyc_i                          0.500000    1.427630   -0.927630 (VIOLATED)
mprj/wbs_dat_i[18]                      0.500000    1.427511   -0.927511 (VIOLATED)
mprj/wbs_dat_i[27]                      0.500000    1.426712   -0.926712 (VIOLATED)
mprj1/wbs_dat_i[9]                      0.500000    1.425705   -0.925705 (VIOLATED)
mprj1/wbs_adr_i[18]                     0.500000    1.422394   -0.922394 (VIOLATED)
mprj/wbs_dat_i[15]                      0.500000    1.420401   -0.920401 (VIOLATED)
mprj1/wbs_dat_i[18]                     0.500000    1.418407   -0.918407 (VIOLATED)
core/_2471_/A                           0.500000    1.417523   -0.917523 (VIOLATED)
core/_2407_/A                           0.500000    1.417517   -0.917517 (VIOLATED)
core/ANTENNA__2471__A/DIODE             0.500000    1.417511   -0.917511 (VIOLATED)
core/_2503_/A                           0.500000    1.417496   -0.917496 (VIOLATED)
core/ANTENNA__2407__A/DIODE             0.500000    1.417490   -0.917490 (VIOLATED)
core/_2439_/A                           0.500000    1.417473   -0.917473 (VIOLATED)
core/ANTENNA__2503__A/DIODE             0.500000    1.417433   -0.917433 (VIOLATED)
core/ANTENNA__2439__A/DIODE             0.500000    1.417416   -0.917416 (VIOLATED)
mprj1/wbs_dat_i[15]                     0.500000    1.417311   -0.917311 (VIOLATED)
mprj/wbs_dat_i[19]                      0.500000    1.415993   -0.915993 (VIOLATED)
mprj1/wbs_adr_i[19]                     0.500000    1.412609   -0.912609 (VIOLATED)
mprj1/wbs_dat_i[20]                     0.500000    1.412441   -0.912441 (VIOLATED)
mprj/wbs_dat_i[20]                      0.500000    1.411698   -0.911698 (VIOLATED)
mprj1/wbs_dat_i[19]                     0.500000    1.407812   -0.907812 (VIOLATED)
mprj/wbs_dat_i[22]                      0.500000    1.406440   -0.906440 (VIOLATED)
mprj/wbs_dat_i[26]                      0.500000    1.405932   -0.905932 (VIOLATED)
mprj1/wbs_adr_i[27]                     0.500000    1.405290   -0.905290 (VIOLATED)
mprj1/wbs_dat_i[22]                     0.500000    1.398189   -0.898189 (VIOLATED)
mprj1/wbs_adr_i[26]                     0.500000    1.395737   -0.895737 (VIOLATED)
mprj1/wbs_dat_i[26]                     0.500000    1.394343   -0.894343 (VIOLATED)
mprj1/wbs_adr_i[31]                     0.500000    1.389948   -0.889948 (VIOLATED)
core/_2406_/A                           0.500000    1.389195   -0.889195 (VIOLATED)
core/_2438_/A                           0.500000    1.389190   -0.889190 (VIOLATED)
core/_2470_/A                           0.500000    1.389181   -0.889181 (VIOLATED)
core/_2502_/A                           0.500000    1.389168   -0.889168 (VIOLATED)
core/ANTENNA__2406__A/DIODE             0.500000    1.389111   -0.889111 (VIOLATED)
core/ANTENNA__2438__A/DIODE             0.500000    1.389097   -0.889097 (VIOLATED)
core/ANTENNA__2470__A/DIODE             0.500000    1.389030   -0.889030 (VIOLATED)
core/ANTENNA__2502__A/DIODE             0.500000    1.389027   -0.889027 (VIOLATED)
mprj/wbs_adr_i[28]                      0.500000    1.388643   -0.888643 (VIOLATED)
mprj1/wbs_adr_i[20]                     0.500000    1.385361   -0.885361 (VIOLATED)
mprj/wbs_adr_i[29]                      0.500000    1.384192   -0.884192 (VIOLATED)
mprj1/wbs_adr_i[30]                     0.500000    1.382715   -0.882715 (VIOLATED)
core/input21/A                          0.500000    1.380257   -0.880257 (VIOLATED)
core/ANTENNA_input21_A/DIODE            0.500000    1.380248   -0.880248 (VIOLATED)
mprj/wbs_dat_i[5]                       0.500000    1.369309   -0.869309 (VIOLATED)
core/_2474_/A                           0.500000    1.369102   -0.869102 (VIOLATED)
core/_2410_/A                           0.500000    1.369096   -0.869096 (VIOLATED)
core/ANTENNA__2474__A/DIODE             0.500000    1.369084   -0.869084 (VIOLATED)
core/ANTENNA__2410__A/DIODE             0.500000    1.369054   -0.869054 (VIOLATED)
core/_2506_/A                           0.500000    1.369040   -0.869040 (VIOLATED)
core/ANTENNA__2506__A/DIODE             0.500000    1.369009   -0.869009 (VIOLATED)
core/_2442_/A                           0.500000    1.369004   -0.869004 (VIOLATED)
core/ANTENNA__2442__A/DIODE             0.500000    1.368949   -0.868949 (VIOLATED)
mprj1/wbs_dat_i[4]                      0.500000    1.364109   -0.864109 (VIOLATED)
core/output167/X                        0.500000    1.358188   -0.858188 (VIOLATED)
mprj1/wbs_sel_i[2]                      0.500000    1.357906   -0.857906 (VIOLATED)
mprj1/wbs_dat_i[25]                     0.500000    1.356285   -0.856285 (VIOLATED)
mprj1/wbs_adr_i[22]                     0.500000    1.352098   -0.852098 (VIOLATED)
mprj/wbs_dat_i[25]                      0.500000    1.350824   -0.850824 (VIOLATED)
mprj1/wbs_adr_i[14]                     0.500000    1.349633   -0.849633 (VIOLATED)
mprj1/wbs_stb_i                         0.500000    1.347900   -0.847900 (VIOLATED)
mprj1/wbs_adr_i[6]                      0.500000    1.338970   -0.838970 (VIOLATED)
mprj/wbs_dat_i[12]                      0.500000    1.333243   -0.833243 (VIOLATED)
mprj1/wbs_dat_i[12]                     0.500000    1.326310   -0.826310 (VIOLATED)
mprj/wbs_dat_i[10]                      0.500000    1.319392   -0.819392 (VIOLATED)
mprj/wbs_stb_i                          0.500000    1.315069   -0.815069 (VIOLATED)
mprj1/wbs_dat_i[5]                      0.500000    1.314225   -0.814225 (VIOLATED)
mprj/wbs_adr_i[8]                       0.500000    1.309479   -0.809479 (VIOLATED)
mprj1/wbs_adr_i[23]                     0.500000    1.301601   -0.801601 (VIOLATED)
mprj1/wbs_dat_i[10]                     0.500000    1.288380   -0.788380 (VIOLATED)
mprj1/wbs_adr_i[29]                     0.500000    1.271947   -0.771947 (VIOLATED)
mprj/Vcc_wl_reset                       0.500000    1.269426   -0.769426 (VIOLATED)
mprj1/wbs_adr_i[2]                      0.500000    1.265196   -0.765196 (VIOLATED)
mprj1/wbs_we_i                          0.500000    1.255571   -0.755571 (VIOLATED)
mprj1/wbs_adr_i[28]                     0.500000    1.254518   -0.754517 (VIOLATED)
mprj/wbs_dat_i[11]                      0.500000    1.254169   -0.754169 (VIOLATED)
core/output168/X                        0.500000    1.250845   -0.750845 (VIOLATED)
mprj1/wbs_dat_i[11]                     0.500000    1.249708   -0.749708 (VIOLATED)
mprj/wbs_we_i                           0.500000    1.215200   -0.715200 (VIOLATED)
core/input29/A                          0.500000    1.209178   -0.709178 (VIOLATED)
core/ANTENNA_input29_A/DIODE            0.500000    1.209162   -0.709162 (VIOLATED)
mprj1/Vcc_reset                         0.500000    1.160670   -0.660670 (VIOLATED)
core/output169/X                        0.500000    1.158646   -0.658646 (VIOLATED)
mprj/Vcc_reset                          0.500000    1.158143   -0.658143 (VIOLATED)
core/input32/A                          0.500000    1.156128   -0.656128 (VIOLATED)
core/ANTENNA_input32_A/DIODE            0.500000    1.156113   -0.656113 (VIOLATED)
core/input33/A                          0.500000    1.153375   -0.653375 (VIOLATED)
core/ANTENNA_input33_A/DIODE            0.500000    1.153359   -0.653359 (VIOLATED)
mprj/wbs_dat_i[24]                      0.500000    1.137149   -0.637149 (VIOLATED)
mprj/wbs_dat_i[28]                      0.500000    1.134759   -0.634759 (VIOLATED)
mprj/wbs_dat_i[7]                       0.500000    1.133500   -0.633500 (VIOLATED)
mprj1/wbs_dat_i[28]                     0.500000    1.127110   -0.627110 (VIOLATED)
mprj1/wbs_dat_i[24]                     0.500000    1.122709   -0.622709 (VIOLATED)
core/_2501_/A                           0.500000    1.103041   -0.603041 (VIOLATED)
core/ANTENNA__2501__A/DIODE             0.500000    1.103030   -0.603030 (VIOLATED)
core/_2405_/A                           0.500000    1.103030   -0.603030 (VIOLATED)
core/ANTENNA__2405__A/DIODE             0.500000    1.103027   -0.603027 (VIOLATED)
core/_2437_/A                           0.500000    1.103013   -0.603013 (VIOLATED)
core/_2469_/A                           0.500000    1.102994   -0.602994 (VIOLATED)
core/ANTENNA__2437__A/DIODE             0.500000    1.102961   -0.602961 (VIOLATED)
core/ANTENNA__2469__A/DIODE             0.500000    1.102959   -0.602959 (VIOLATED)
mprj/wbs_dat_i[3]                       0.500000    1.097324   -0.597324 (VIOLATED)
mprj1/wbs_dat_i[7]                      0.500000    1.079805   -0.579805 (VIOLATED)
core/input18/A                          0.500000    1.068145   -0.568145 (VIOLATED)
core/ANTENNA_input18_A/DIODE            0.500000    1.068128   -0.568128 (VIOLATED)
mprj/wbs_dat_i[23]                      0.500000    1.061342   -0.561342 (VIOLATED)
mprj/wbs_adr_i[9]                       0.500000    1.060472   -0.560472 (VIOLATED)
mprj1/wbs_dat_i[23]                     0.500000    1.047202   -0.547202 (VIOLATED)
mprj1/wbs_adr_i[8]                      0.500000    1.029754   -0.529754 (VIOLATED)
mprj1/wbs_dat_i[3]                      0.500000    1.029244   -0.529244 (VIOLATED)
mprj1/wbs_adr_i[9]                      0.500000    1.017172   -0.517172 (VIOLATED)
la_oenb[0]                              0.500000    0.970000   -0.470000 (VIOLATED)
la_oenb[100]                            0.500000    0.970000   -0.470000 (VIOLATED)
la_oenb[101]                            0.500000    0.970000   -0.470000 (VIOLATED)
la_oenb[102]                            0.500000    0.970000   -0.470000 (VIOLATED)
la_oenb[103]                            0.500000    0.970000   -0.470000 (VIOLATED)
la_oenb[104]                            0.500000    0.970000   -0.470000 (VIOLATED)
la_oenb[105]                            0.500000    0.970000   -0.470000 (VIOLATED)
la_oenb[106]                            0.500000    0.970000   -0.470000 (VIOLATED)
la_oenb[107]                            0.500000    0.970000   -0.470000 (VIOLATED)
la_oenb[108]                            0.500000    0.970000   -0.470000 (VIOLATED)
la_oenb[109]                            0.500000    0.970000   -0.470000 (VIOLATED)
la_oenb[10]                             0.500000    0.970000   -0.470000 (VIOLATED)
la_oenb[110]                            0.500000    0.970000   -0.470000 (VIOLATED)
la_oenb[111]                            0.500000    0.970000   -0.470000 (VIOLATED)
la_oenb[112]                            0.500000    0.970000   -0.470000 (VIOLATED)
la_oenb[113]                            0.500000    0.970000   -0.470000 (VIOLATED)
la_oenb[114]                            0.500000    0.970000   -0.470000 (VIOLATED)
la_oenb[115]                            0.500000    0.970000   -0.470000 (VIOLATED)
la_oenb[116]                            0.500000    0.970000   -0.470000 (VIOLATED)
la_oenb[117]                            0.500000    0.970000   -0.470000 (VIOLATED)
la_oenb[118]                            0.500000    0.970000   -0.470000 (VIOLATED)
la_oenb[119]                            0.500000    0.970000   -0.470000 (VIOLATED)
la_oenb[11]                             0.500000    0.970000   -0.470000 (VIOLATED)
la_oenb[120]                            0.500000    0.970000   -0.470000 (VIOLATED)
la_oenb[121]                            0.500000    0.970000   -0.470000 (VIOLATED)
la_oenb[122]                            0.500000    0.970000   -0.470000 (VIOLATED)
la_oenb[123]                            0.500000    0.970000   -0.470000 (VIOLATED)
la_oenb[124]                            0.500000    0.970000   -0.470000 (VIOLATED)
la_oenb[125]                            0.500000    0.970000   -0.470000 (VIOLATED)
la_oenb[126]                            0.500000    0.970000   -0.470000 (VIOLATED)
la_oenb[127]                            0.500000    0.970000   -0.470000 (VIOLATED)
la_oenb[12]                             0.500000    0.970000   -0.470000 (VIOLATED)
la_oenb[13]                             0.500000    0.970000   -0.470000 (VIOLATED)
la_oenb[14]                             0.500000    0.970000   -0.470000 (VIOLATED)
la_oenb[15]                             0.500000    0.970000   -0.470000 (VIOLATED)
la_oenb[16]                             0.500000    0.970000   -0.470000 (VIOLATED)
la_oenb[17]                             0.500000    0.970000   -0.470000 (VIOLATED)
la_oenb[18]                             0.500000    0.970000   -0.470000 (VIOLATED)
la_oenb[19]                             0.500000    0.970000   -0.470000 (VIOLATED)
la_oenb[1]                              0.500000    0.970000   -0.470000 (VIOLATED)
la_oenb[20]                             0.500000    0.970000   -0.470000 (VIOLATED)
la_oenb[21]                             0.500000    0.970000   -0.470000 (VIOLATED)
la_oenb[22]                             0.500000    0.970000   -0.470000 (VIOLATED)
la_oenb[23]                             0.500000    0.970000   -0.470000 (VIOLATED)
la_oenb[24]                             0.500000    0.970000   -0.470000 (VIOLATED)
la_oenb[25]                             0.500000    0.970000   -0.470000 (VIOLATED)
la_oenb[26]                             0.500000    0.970000   -0.470000 (VIOLATED)
la_oenb[27]                             0.500000    0.970000   -0.470000 (VIOLATED)
la_oenb[28]                             0.500000    0.970000   -0.470000 (VIOLATED)
la_oenb[29]                             0.500000    0.970000   -0.470000 (VIOLATED)
la_oenb[2]                              0.500000    0.970000   -0.470000 (VIOLATED)
la_oenb[30]                             0.500000    0.970000   -0.470000 (VIOLATED)
la_oenb[31]                             0.500000    0.970000   -0.470000 (VIOLATED)
la_oenb[32]                             0.500000    0.970000   -0.470000 (VIOLATED)
la_oenb[33]                             0.500000    0.970000   -0.470000 (VIOLATED)
la_oenb[34]                             0.500000    0.970000   -0.470000 (VIOLATED)
la_oenb[35]                             0.500000    0.970000   -0.470000 (VIOLATED)
la_oenb[36]                             0.500000    0.970000   -0.470000 (VIOLATED)
la_oenb[37]                             0.500000    0.970000   -0.470000 (VIOLATED)
la_oenb[38]                             0.500000    0.970000   -0.470000 (VIOLATED)
la_oenb[39]                             0.500000    0.970000   -0.470000 (VIOLATED)
la_oenb[3]                              0.500000    0.970000   -0.470000 (VIOLATED)
la_oenb[40]                             0.500000    0.970000   -0.470000 (VIOLATED)
la_oenb[41]                             0.500000    0.970000   -0.470000 (VIOLATED)
la_oenb[42]                             0.500000    0.970000   -0.470000 (VIOLATED)
la_oenb[43]                             0.500000    0.970000   -0.470000 (VIOLATED)
la_oenb[44]                             0.500000    0.970000   -0.470000 (VIOLATED)
la_oenb[45]                             0.500000    0.970000   -0.470000 (VIOLATED)
la_oenb[46]                             0.500000    0.970000   -0.470000 (VIOLATED)
la_oenb[47]                             0.500000    0.970000   -0.470000 (VIOLATED)
la_oenb[48]                             0.500000    0.970000   -0.470000 (VIOLATED)
la_oenb[49]                             0.500000    0.970000   -0.470000 (VIOLATED)
la_oenb[4]                              0.500000    0.970000   -0.470000 (VIOLATED)
la_oenb[50]                             0.500000    0.970000   -0.470000 (VIOLATED)
la_oenb[51]                             0.500000    0.970000   -0.470000 (VIOLATED)
la_oenb[52]                             0.500000    0.970000   -0.470000 (VIOLATED)
la_oenb[53]                             0.500000    0.970000   -0.470000 (VIOLATED)
la_oenb[54]                             0.500000    0.970000   -0.470000 (VIOLATED)
la_oenb[55]                             0.500000    0.970000   -0.470000 (VIOLATED)
la_oenb[56]                             0.500000    0.970000   -0.470000 (VIOLATED)
la_oenb[57]                             0.500000    0.970000   -0.470000 (VIOLATED)
la_oenb[58]                             0.500000    0.970000   -0.470000 (VIOLATED)
la_oenb[59]                             0.500000    0.970000   -0.470000 (VIOLATED)
la_oenb[5]                              0.500000    0.970000   -0.470000 (VIOLATED)
la_oenb[60]                             0.500000    0.970000   -0.470000 (VIOLATED)
la_oenb[61]                             0.500000    0.970000   -0.470000 (VIOLATED)
la_oenb[62]                             0.500000    0.970000   -0.470000 (VIOLATED)
la_oenb[63]                             0.500000    0.970000   -0.470000 (VIOLATED)
la_oenb[64]                             0.500000    0.970000   -0.470000 (VIOLATED)
la_oenb[65]                             0.500000    0.970000   -0.470000 (VIOLATED)
la_oenb[66]                             0.500000    0.970000   -0.470000 (VIOLATED)
la_oenb[67]                             0.500000    0.970000   -0.470000 (VIOLATED)
la_oenb[68]                             0.500000    0.970000   -0.470000 (VIOLATED)
la_oenb[69]                             0.500000    0.970000   -0.470000 (VIOLATED)
la_oenb[6]                              0.500000    0.970000   -0.470000 (VIOLATED)
la_oenb[70]                             0.500000    0.970000   -0.470000 (VIOLATED)
la_oenb[71]                             0.500000    0.970000   -0.470000 (VIOLATED)
la_oenb[72]                             0.500000    0.970000   -0.470000 (VIOLATED)
la_oenb[73]                             0.500000    0.970000   -0.470000 (VIOLATED)
la_oenb[74]                             0.500000    0.970000   -0.470000 (VIOLATED)
la_oenb[75]                             0.500000    0.970000   -0.470000 (VIOLATED)
la_oenb[76]                             0.500000    0.970000   -0.470000 (VIOLATED)
la_oenb[77]                             0.500000    0.970000   -0.470000 (VIOLATED)
la_oenb[78]                             0.500000    0.970000   -0.470000 (VIOLATED)
la_oenb[79]                             0.500000    0.970000   -0.470000 (VIOLATED)
la_oenb[7]                              0.500000    0.970000   -0.470000 (VIOLATED)
la_oenb[80]                             0.500000    0.970000   -0.470000 (VIOLATED)
la_oenb[81]                             0.500000    0.970000   -0.470000 (VIOLATED)
la_oenb[82]                             0.500000    0.970000   -0.470000 (VIOLATED)
la_oenb[83]                             0.500000    0.970000   -0.470000 (VIOLATED)
la_oenb[84]                             0.500000    0.970000   -0.470000 (VIOLATED)
la_oenb[85]                             0.500000    0.970000   -0.470000 (VIOLATED)
la_oenb[86]                             0.500000    0.970000   -0.470000 (VIOLATED)
la_oenb[87]                             0.500000    0.970000   -0.470000 (VIOLATED)
la_oenb[88]                             0.500000    0.970000   -0.470000 (VIOLATED)
la_oenb[89]                             0.500000    0.970000   -0.470000 (VIOLATED)
la_oenb[8]                              0.500000    0.970000   -0.470000 (VIOLATED)
la_oenb[90]                             0.500000    0.970000   -0.470000 (VIOLATED)
la_oenb[91]                             0.500000    0.970000   -0.470000 (VIOLATED)
la_oenb[92]                             0.500000    0.970000   -0.470000 (VIOLATED)
la_oenb[93]                             0.500000    0.970000   -0.470000 (VIOLATED)
la_oenb[94]                             0.500000    0.970000   -0.470000 (VIOLATED)
la_oenb[95]                             0.500000    0.970000   -0.470000 (VIOLATED)
la_oenb[96]                             0.500000    0.970000   -0.470000 (VIOLATED)
la_oenb[97]                             0.500000    0.970000   -0.470000 (VIOLATED)
la_oenb[98]                             0.500000    0.970000   -0.470000 (VIOLATED)
la_oenb[99]                             0.500000    0.970000   -0.470000 (VIOLATED)
la_oenb[9]                              0.500000    0.970000   -0.470000 (VIOLATED)
mprj/wbs_dat_i[6]                       0.500000    0.931983   -0.431983 (VIOLATED)
wbs_adr_i[0]                            0.500000    0.920000   -0.420000 (VIOLATED)
wbs_adr_i[10]                           0.500000    0.920000   -0.420000 (VIOLATED)
wbs_adr_i[11]                           0.500000    0.920000   -0.420000 (VIOLATED)
wbs_adr_i[12]                           0.500000    0.920000   -0.420000 (VIOLATED)
wbs_adr_i[13]                           0.500000    0.920000   -0.420000 (VIOLATED)
wbs_adr_i[14]                           0.500000    0.920000   -0.420000 (VIOLATED)
wbs_adr_i[15]                           0.500000    0.920000   -0.420000 (VIOLATED)
wbs_adr_i[16]                           0.500000    0.920000   -0.420000 (VIOLATED)
wbs_adr_i[17]                           0.500000    0.920000   -0.420000 (VIOLATED)
wbs_adr_i[18]                           0.500000    0.920000   -0.420000 (VIOLATED)
wbs_adr_i[19]                           0.500000    0.920000   -0.420000 (VIOLATED)
wbs_adr_i[1]                            0.500000    0.920000   -0.420000 (VIOLATED)
wbs_adr_i[20]                           0.500000    0.920000   -0.420000 (VIOLATED)
wbs_adr_i[21]                           0.500000    0.920000   -0.420000 (VIOLATED)
wbs_adr_i[22]                           0.500000    0.920000   -0.420000 (VIOLATED)
wbs_adr_i[23]                           0.500000    0.920000   -0.420000 (VIOLATED)
wbs_adr_i[24]                           0.500000    0.920000   -0.420000 (VIOLATED)
wbs_adr_i[25]                           0.500000    0.920000   -0.420000 (VIOLATED)
wbs_adr_i[26]                           0.500000    0.920000   -0.420000 (VIOLATED)
wbs_adr_i[27]                           0.500000    0.920000   -0.420000 (VIOLATED)
wbs_adr_i[28]                           0.500000    0.920000   -0.420000 (VIOLATED)
wbs_adr_i[29]                           0.500000    0.920000   -0.420000 (VIOLATED)
wbs_adr_i[2]                            0.500000    0.920000   -0.420000 (VIOLATED)
wbs_adr_i[30]                           0.500000    0.920000   -0.420000 (VIOLATED)
wbs_adr_i[31]                           0.500000    0.920000   -0.420000 (VIOLATED)
wbs_adr_i[3]                            0.500000    0.920000   -0.420000 (VIOLATED)
wbs_adr_i[4]                            0.500000    0.920000   -0.420000 (VIOLATED)
wbs_adr_i[5]                            0.500000    0.920000   -0.420000 (VIOLATED)
wbs_adr_i[6]                            0.500000    0.920000   -0.420000 (VIOLATED)
wbs_adr_i[7]                            0.500000    0.920000   -0.420000 (VIOLATED)
wbs_adr_i[8]                            0.500000    0.920000   -0.420000 (VIOLATED)
wbs_adr_i[9]                            0.500000    0.920000   -0.420000 (VIOLATED)
mprj1/wbs_dat_i[6]                      0.500000    0.914926   -0.414926 (VIOLATED)
la_data_in[0]                           0.500000    0.860000   -0.360000 (VIOLATED)
la_data_in[100]                         0.500000    0.860000   -0.360000 (VIOLATED)
la_data_in[101]                         0.500000    0.860000   -0.360000 (VIOLATED)
la_data_in[102]                         0.500000    0.860000   -0.360000 (VIOLATED)
la_data_in[103]                         0.500000    0.860000   -0.360000 (VIOLATED)
la_data_in[104]                         0.500000    0.860000   -0.360000 (VIOLATED)
la_data_in[105]                         0.500000    0.860000   -0.360000 (VIOLATED)
la_data_in[106]                         0.500000    0.860000   -0.360000 (VIOLATED)
la_data_in[107]                         0.500000    0.860000   -0.360000 (VIOLATED)
la_data_in[108]                         0.500000    0.860000   -0.360000 (VIOLATED)
la_data_in[109]                         0.500000    0.860000   -0.360000 (VIOLATED)
la_data_in[10]                          0.500000    0.860000   -0.360000 (VIOLATED)
la_data_in[110]                         0.500000    0.860000   -0.360000 (VIOLATED)
la_data_in[111]                         0.500000    0.860000   -0.360000 (VIOLATED)
la_data_in[112]                         0.500000    0.860000   -0.360000 (VIOLATED)
la_data_in[113]                         0.500000    0.860000   -0.360000 (VIOLATED)
la_data_in[114]                         0.500000    0.860000   -0.360000 (VIOLATED)
la_data_in[115]                         0.500000    0.860000   -0.360000 (VIOLATED)
la_data_in[116]                         0.500000    0.860000   -0.360000 (VIOLATED)
la_data_in[117]                         0.500000    0.860000   -0.360000 (VIOLATED)
la_data_in[118]                         0.500000    0.860000   -0.360000 (VIOLATED)
la_data_in[119]                         0.500000    0.860000   -0.360000 (VIOLATED)
la_data_in[11]                          0.500000    0.860000   -0.360000 (VIOLATED)
la_data_in[120]                         0.500000    0.860000   -0.360000 (VIOLATED)
la_data_in[121]                         0.500000    0.860000   -0.360000 (VIOLATED)
la_data_in[122]                         0.500000    0.860000   -0.360000 (VIOLATED)
la_data_in[123]                         0.500000    0.860000   -0.360000 (VIOLATED)
la_data_in[124]                         0.500000    0.860000   -0.360000 (VIOLATED)
la_data_in[125]                         0.500000    0.860000   -0.360000 (VIOLATED)
la_data_in[126]                         0.500000    0.860000   -0.360000 (VIOLATED)
la_data_in[127]                         0.500000    0.860000   -0.360000 (VIOLATED)
la_data_in[12]                          0.500000    0.860000   -0.360000 (VIOLATED)
la_data_in[13]                          0.500000    0.860000   -0.360000 (VIOLATED)
la_data_in[14]                          0.500000    0.860000   -0.360000 (VIOLATED)
la_data_in[15]                          0.500000    0.860000   -0.360000 (VIOLATED)
la_data_in[16]                          0.500000    0.860000   -0.360000 (VIOLATED)
la_data_in[17]                          0.500000    0.860000   -0.360000 (VIOLATED)
la_data_in[18]                          0.500000    0.860000   -0.360000 (VIOLATED)
la_data_in[19]                          0.500000    0.860000   -0.360000 (VIOLATED)
la_data_in[1]                           0.500000    0.860000   -0.360000 (VIOLATED)
la_data_in[20]                          0.500000    0.860000   -0.360000 (VIOLATED)
la_data_in[21]                          0.500000    0.860000   -0.360000 (VIOLATED)
la_data_in[22]                          0.500000    0.860000   -0.360000 (VIOLATED)
la_data_in[23]                          0.500000    0.860000   -0.360000 (VIOLATED)
la_data_in[24]                          0.500000    0.860000   -0.360000 (VIOLATED)
la_data_in[25]                          0.500000    0.860000   -0.360000 (VIOLATED)
la_data_in[26]                          0.500000    0.860000   -0.360000 (VIOLATED)
la_data_in[27]                          0.500000    0.860000   -0.360000 (VIOLATED)
la_data_in[28]                          0.500000    0.860000   -0.360000 (VIOLATED)
la_data_in[29]                          0.500000    0.860000   -0.360000 (VIOLATED)
la_data_in[2]                           0.500000    0.860000   -0.360000 (VIOLATED)
la_data_in[30]                          0.500000    0.860000   -0.360000 (VIOLATED)
la_data_in[31]                          0.500000    0.860000   -0.360000 (VIOLATED)
la_data_in[32]                          0.500000    0.860000   -0.360000 (VIOLATED)
la_data_in[33]                          0.500000    0.860000   -0.360000 (VIOLATED)
la_data_in[34]                          0.500000    0.860000   -0.360000 (VIOLATED)
la_data_in[35]                          0.500000    0.860000   -0.360000 (VIOLATED)
la_data_in[36]                          0.500000    0.860000   -0.360000 (VIOLATED)
la_data_in[37]                          0.500000    0.860000   -0.360000 (VIOLATED)
la_data_in[38]                          0.500000    0.860000   -0.360000 (VIOLATED)
la_data_in[39]                          0.500000    0.860000   -0.360000 (VIOLATED)
la_data_in[3]                           0.500000    0.860000   -0.360000 (VIOLATED)
la_data_in[40]                          0.500000    0.860000   -0.360000 (VIOLATED)
la_data_in[41]                          0.500000    0.860000   -0.360000 (VIOLATED)
la_data_in[42]                          0.500000    0.860000   -0.360000 (VIOLATED)
la_data_in[43]                          0.500000    0.860000   -0.360000 (VIOLATED)
la_data_in[44]                          0.500000    0.860000   -0.360000 (VIOLATED)
la_data_in[45]                          0.500000    0.860000   -0.360000 (VIOLATED)
la_data_in[46]                          0.500000    0.860000   -0.360000 (VIOLATED)
la_data_in[47]                          0.500000    0.860000   -0.360000 (VIOLATED)
la_data_in[48]                          0.500000    0.860000   -0.360000 (VIOLATED)
la_data_in[49]                          0.500000    0.860000   -0.360000 (VIOLATED)
la_data_in[4]                           0.500000    0.860000   -0.360000 (VIOLATED)
la_data_in[50]                          0.500000    0.860000   -0.360000 (VIOLATED)
la_data_in[51]                          0.500000    0.860000   -0.360000 (VIOLATED)
la_data_in[52]                          0.500000    0.860000   -0.360000 (VIOLATED)
la_data_in[53]                          0.500000    0.860000   -0.360000 (VIOLATED)
la_data_in[54]                          0.500000    0.860000   -0.360000 (VIOLATED)
la_data_in[55]                          0.500000    0.860000   -0.360000 (VIOLATED)
la_data_in[56]                          0.500000    0.860000   -0.360000 (VIOLATED)
la_data_in[57]                          0.500000    0.860000   -0.360000 (VIOLATED)
la_data_in[58]                          0.500000    0.860000   -0.360000 (VIOLATED)
la_data_in[59]                          0.500000    0.860000   -0.360000 (VIOLATED)
la_data_in[5]                           0.500000    0.860000   -0.360000 (VIOLATED)
la_data_in[60]                          0.500000    0.860000   -0.360000 (VIOLATED)
la_data_in[61]                          0.500000    0.860000   -0.360000 (VIOLATED)
la_data_in[62]                          0.500000    0.860000   -0.360000 (VIOLATED)
la_data_in[63]                          0.500000    0.860000   -0.360000 (VIOLATED)
la_data_in[64]                          0.500000    0.860000   -0.360000 (VIOLATED)
la_data_in[65]                          0.500000    0.860000   -0.360000 (VIOLATED)
la_data_in[66]                          0.500000    0.860000   -0.360000 (VIOLATED)
la_data_in[67]                          0.500000    0.860000   -0.360000 (VIOLATED)
la_data_in[68]                          0.500000    0.860000   -0.360000 (VIOLATED)
la_data_in[69]                          0.500000    0.860000   -0.360000 (VIOLATED)
la_data_in[6]                           0.500000    0.860000   -0.360000 (VIOLATED)
la_data_in[70]                          0.500000    0.860000   -0.360000 (VIOLATED)
la_data_in[71]                          0.500000    0.860000   -0.360000 (VIOLATED)
la_data_in[72]                          0.500000    0.860000   -0.360000 (VIOLATED)
la_data_in[73]                          0.500000    0.860000   -0.360000 (VIOLATED)
la_data_in[74]                          0.500000    0.860000   -0.360000 (VIOLATED)
la_data_in[75]                          0.500000    0.860000   -0.360000 (VIOLATED)
la_data_in[76]                          0.500000    0.860000   -0.360000 (VIOLATED)
la_data_in[77]                          0.500000    0.860000   -0.360000 (VIOLATED)
la_data_in[78]                          0.500000    0.860000   -0.360000 (VIOLATED)
la_data_in[79]                          0.500000    0.860000   -0.360000 (VIOLATED)
la_data_in[7]                           0.500000    0.860000   -0.360000 (VIOLATED)
la_data_in[80]                          0.500000    0.860000   -0.360000 (VIOLATED)
la_data_in[81]                          0.500000    0.860000   -0.360000 (VIOLATED)
la_data_in[82]                          0.500000    0.860000   -0.360000 (VIOLATED)
la_data_in[83]                          0.500000    0.860000   -0.360000 (VIOLATED)
la_data_in[84]                          0.500000    0.860000   -0.360000 (VIOLATED)
la_data_in[85]                          0.500000    0.860000   -0.360000 (VIOLATED)
la_data_in[86]                          0.500000    0.860000   -0.360000 (VIOLATED)
la_data_in[87]                          0.500000    0.860000   -0.360000 (VIOLATED)
la_data_in[88]                          0.500000    0.860000   -0.360000 (VIOLATED)
la_data_in[89]                          0.500000    0.860000   -0.360000 (VIOLATED)
la_data_in[8]                           0.500000    0.860000   -0.360000 (VIOLATED)
la_data_in[90]                          0.500000    0.860000   -0.360000 (VIOLATED)
la_data_in[91]                          0.500000    0.860000   -0.360000 (VIOLATED)
la_data_in[92]                          0.500000    0.860000   -0.360000 (VIOLATED)
la_data_in[93]                          0.500000    0.860000   -0.360000 (VIOLATED)
la_data_in[94]                          0.500000    0.860000   -0.360000 (VIOLATED)
la_data_in[95]                          0.500000    0.860000   -0.360000 (VIOLATED)
la_data_in[96]                          0.500000    0.860000   -0.360000 (VIOLATED)
la_data_in[97]                          0.500000    0.860000   -0.360000 (VIOLATED)
la_data_in[98]                          0.500000    0.860000   -0.360000 (VIOLATED)
la_data_in[99]                          0.500000    0.860000   -0.360000 (VIOLATED)
la_data_in[9]                           0.500000    0.860000   -0.360000 (VIOLATED)
core/input36/A                          0.500000    0.853900   -0.353900 (VIOLATED)
core/ANTENNA_input36_A/DIODE            0.500000    0.853887   -0.353887 (VIOLATED)
wbs_dat_i[0]                            0.500000    0.840000   -0.340000 (VIOLATED)
wbs_dat_i[10]                           0.500000    0.840000   -0.340000 (VIOLATED)
wbs_dat_i[11]                           0.500000    0.840000   -0.340000 (VIOLATED)
wbs_dat_i[12]                           0.500000    0.840000   -0.340000 (VIOLATED)
wbs_dat_i[13]                           0.500000    0.840000   -0.340000 (VIOLATED)
wbs_dat_i[14]                           0.500000    0.840000   -0.340000 (VIOLATED)
wbs_dat_i[15]                           0.500000    0.840000   -0.340000 (VIOLATED)
wbs_dat_i[16]                           0.500000    0.840000   -0.340000 (VIOLATED)
wbs_dat_i[17]                           0.500000    0.840000   -0.340000 (VIOLATED)
wbs_dat_i[18]                           0.500000    0.840000   -0.340000 (VIOLATED)
wbs_dat_i[19]                           0.500000    0.840000   -0.340000 (VIOLATED)
wbs_dat_i[1]                            0.500000    0.840000   -0.340000 (VIOLATED)
wbs_dat_i[20]                           0.500000    0.840000   -0.340000 (VIOLATED)
wbs_dat_i[21]                           0.500000    0.840000   -0.340000 (VIOLATED)
wbs_dat_i[22]                           0.500000    0.840000   -0.340000 (VIOLATED)
wbs_dat_i[23]                           0.500000    0.840000   -0.340000 (VIOLATED)
wbs_dat_i[24]                           0.500000    0.840000   -0.340000 (VIOLATED)
wbs_dat_i[25]                           0.500000    0.840000   -0.340000 (VIOLATED)
wbs_dat_i[26]                           0.500000    0.840000   -0.340000 (VIOLATED)
wbs_dat_i[27]                           0.500000    0.840000   -0.340000 (VIOLATED)
wbs_dat_i[28]                           0.500000    0.840000   -0.340000 (VIOLATED)
wbs_dat_i[29]                           0.500000    0.840000   -0.340000 (VIOLATED)
wbs_dat_i[2]                            0.500000    0.840000   -0.340000 (VIOLATED)
wbs_dat_i[30]                           0.500000    0.840000   -0.340000 (VIOLATED)
wbs_dat_i[31]                           0.500000    0.840000   -0.340000 (VIOLATED)
wbs_dat_i[3]                            0.500000    0.840000   -0.340000 (VIOLATED)
wbs_dat_i[4]                            0.500000    0.840000   -0.340000 (VIOLATED)
wbs_dat_i[5]                            0.500000    0.840000   -0.340000 (VIOLATED)
wbs_dat_i[6]                            0.500000    0.840000   -0.340000 (VIOLATED)
wbs_dat_i[7]                            0.500000    0.840000   -0.340000 (VIOLATED)
wbs_dat_i[8]                            0.500000    0.840000   -0.340000 (VIOLATED)
wbs_dat_i[9]                            0.500000    0.840000   -0.340000 (VIOLATED)
mprj/wbs_sel_i[0]                       0.500000    0.729733   -0.229733 (VIOLATED)
core/input37/A                          0.500000    0.692258   -0.192258 (VIOLATED)
core/ANTENNA_input37_A/DIODE            0.500000    0.692247   -0.192247 (VIOLATED)
core/input38/A                          0.500000    0.660787   -0.160787 (VIOLATED)
core/ANTENNA_input38_A/DIODE            0.500000    0.660775   -0.160775 (VIOLATED)
mprj/wbs_sel_i[1]                       0.500000    0.624547   -0.124547 (VIOLATED)
wb_clk_i                                0.500000    0.610000   -0.110000 (VIOLATED)
mprj/wbs_sel_i[3]                       0.500000    0.602480   -0.102480 (VIOLATED)
mprj1/wbs_sel_i[0]                      0.500000    0.572318   -0.072318 (VIOLATED)
core/input6/A                           0.500000    0.533639   -0.033639 (VIOLATED)
core/ANTENNA_input6_A/DIODE             0.500000    0.533629   -0.033629 (VIOLATED)
mprj/ScanInDL                           0.500000    0.523724   -0.023724 (VIOLATED)
io_out[0]                               0.500000    0.519514   -0.019514 (VIOLATED)

max fanout

Pin                                   Limit Fanout  Slack
---------------------------------------------------------
core/clkbuf_0_wb_clk_i/X                 10     33    -23 (VIOLATED)
core/fanout221/X                         10     21    -11 (VIOLATED)
core/fanout226/X                         10     21    -11 (VIOLATED)
core/fanout302/X                         10     21    -11 (VIOLATED)
core/fanout334/X                         10     21    -11 (VIOLATED)
core/clkbuf_4_0_0_wb_clk_i/X             10     15     -5 (VIOLATED)
core/fanout329/X                         10     15     -5 (VIOLATED)
core/clkbuf_4_8_0_wb_clk_i/X             10     14     -4 (VIOLATED)
core/clkbuf_4_12_0_wb_clk_i/X            10     13     -3 (VIOLATED)
core/clkbuf_4_14_0_wb_clk_i/X            10     13     -3 (VIOLATED)
core/clkbuf_4_9_0_wb_clk_i/X             10     13     -3 (VIOLATED)
core/clkbuf_4_13_0_wb_clk_i/X            10     12     -2 (VIOLATED)
core/clkbuf_4_15_0_wb_clk_i/X            10     12     -2 (VIOLATED)
core/clkbuf_4_10_0_wb_clk_i/X            10     11        (VIOLATED)
core/clkbuf_4_1_0_wb_clk_i/X             10     11        (VIOLATED)
core/clkbuf_4_3_0_wb_clk_i/X             10     11        (VIOLATED)
core/fanout225/X                         10     11        (VIOLATED)
core/input26/X                           10     11        (VIOLATED)

max capacitance

Pin                                        Limit         Cap       Slack
------------------------------------------------------------------------
core/output195/X                        0.417490    0.756573   -0.339083 (VIOLATED)
core/output173/X                        0.417490    0.720558   -0.303068 (VIOLATED)
core/output175/X                        0.417490    0.701828   -0.284338 (VIOLATED)
core/output171/X                        0.417490    0.681749   -0.264259 (VIOLATED)
core/output182/X                        0.417490    0.675346   -0.257856 (VIOLATED)
core/output197/X                        0.417490    0.658891   -0.241401 (VIOLATED)
core/output190/X                        0.417490    0.655441   -0.237951 (VIOLATED)
core/output187/X                        0.417490    0.654011   -0.236521 (VIOLATED)
core/output170/X                        0.417490    0.639295   -0.221805 (VIOLATED)
core/output191/X                        0.417490    0.628060   -0.210570 (VIOLATED)
core/output172/X                        0.417490    0.614584   -0.197094 (VIOLATED)
core/output196/X                        0.417490    0.609070   -0.191580 (VIOLATED)
core/output180/X                        0.417490    0.601021   -0.183531 (VIOLATED)
core/output186/X                        0.417490    0.592554   -0.175064 (VIOLATED)
core/output200/X                        0.417490    0.589554   -0.172064 (VIOLATED)
core/output176/X                        0.417490    0.582362   -0.164872 (VIOLATED)
core/output201/X                        0.417490    0.575547   -0.158057 (VIOLATED)
core/output179/X                        0.417490    0.558949   -0.141459 (VIOLATED)
core/output188/X                        0.417490    0.558042   -0.140552 (VIOLATED)
core/output174/X                        0.417490    0.547009   -0.129519 (VIOLATED)
core/output178/X                        0.417490    0.545374   -0.127884 (VIOLATED)
core/output183/X                        0.417490    0.542290   -0.124800 (VIOLATED)
core/output177/X                        0.417490    0.539058   -0.121568 (VIOLATED)
core/output181/X                        0.417490    0.532095   -0.114605 (VIOLATED)
core/output184/X                        0.417490    0.526617   -0.109127 (VIOLATED)
core/output185/X                        0.417490    0.515671   -0.098181 (VIOLATED)
core/output193/X                        0.417490    0.482652   -0.065162 (VIOLATED)
core/output198/X                        0.417490    0.480723   -0.063232 (VIOLATED)
core/output199/X                        0.417490    0.476253   -0.058763 (VIOLATED)
core/output202/X                        0.417490    0.471804   -0.054314 (VIOLATED)
core/output189/X                        0.417490    0.462247   -0.044757 (VIOLATED)
core/output192/X                        0.417490    0.460818   -0.043328 (VIOLATED)
core/output194/X                        0.417490    0.458097   -0.040607 (VIOLATED)



===========================================================================
report_parasitic_annotation -report_unannotated
============================================================================
Found 329 unannotated drivers.
 analog_io[13]
 analog_io[14]
 analog_io[15]
 analog_io[16]
 analog_io[17]
 analog_io[18]
 analog_io[19]
 analog_io[20]
 analog_io[21]
 analog_io[22]
 analog_io[23]
 analog_io[24]
 analog_io[25]
 analog_io[26]
 analog_io[27]
 analog_io[28]
 analog_io[4]
 io_in[0]
 io_in[10]
 io_in[11]
 io_in[12]
 io_in[13]
 io_in[14]
 io_in[15]
 io_in[16]
 io_in[17]
 io_in[18]
 io_in[19]
 io_in[20]
 io_in[21]
 io_in[22]
 io_in[23]
 io_in[24]
 io_in[25]
 io_in[26]
 io_in[27]
 io_in[28]
 io_in[29]
 io_in[30]
 io_in[31]
 io_in[32]
 io_in[33]
 io_in[34]
 io_in[35]
 io_in[36]
 io_in[37]
 io_in[3]
 io_in[6]
 io_in[7]
 io_in[8]
 io_in[9]
 la_data_in[0]
 la_data_in[100]
 la_data_in[101]
 la_data_in[102]
 la_data_in[103]
 la_data_in[104]
 la_data_in[105]
 la_data_in[106]
 la_data_in[107]
 la_data_in[108]
 la_data_in[109]
 la_data_in[10]
 la_data_in[110]
 la_data_in[111]
 la_data_in[112]
 la_data_in[113]
 la_data_in[114]
 la_data_in[115]
 la_data_in[116]
 la_data_in[117]
 la_data_in[118]
 la_data_in[119]
 la_data_in[11]
 la_data_in[120]
 la_data_in[121]
 la_data_in[122]
 la_data_in[123]
 la_data_in[124]
 la_data_in[125]
 la_data_in[126]
 la_data_in[127]
 la_data_in[12]
 la_data_in[13]
 la_data_in[14]
 la_data_in[15]
 la_data_in[16]
 la_data_in[17]
 la_data_in[18]
 la_data_in[19]
 la_data_in[1]
 la_data_in[20]
 la_data_in[21]
 la_data_in[22]
 la_data_in[23]
 la_data_in[24]
 la_data_in[25]
 la_data_in[26]
 la_data_in[27]
 la_data_in[28]
 la_data_in[29]
 la_data_in[2]
 la_data_in[30]
 la_data_in[31]
 la_data_in[32]
 la_data_in[33]
 la_data_in[34]
 la_data_in[35]
 la_data_in[36]
 la_data_in[37]
 la_data_in[38]
 la_data_in[39]
 la_data_in[3]
 la_data_in[40]
 la_data_in[41]
 la_data_in[42]
 la_data_in[43]
 la_data_in[44]
 la_data_in[45]
 la_data_in[46]
 la_data_in[47]
 la_data_in[48]
 la_data_in[49]
 la_data_in[4]
 la_data_in[50]
 la_data_in[51]
 la_data_in[52]
 la_data_in[53]
 la_data_in[54]
 la_data_in[55]
 la_data_in[56]
 la_data_in[57]
 la_data_in[58]
 la_data_in[59]
 la_data_in[5]
 la_data_in[60]
 la_data_in[61]
 la_data_in[62]
 la_data_in[63]
 la_data_in[64]
 la_data_in[65]
 la_data_in[66]
 la_data_in[67]
 la_data_in[68]
 la_data_in[69]
 la_data_in[6]
 la_data_in[70]
 la_data_in[71]
 la_data_in[72]
 la_data_in[73]
 la_data_in[74]
 la_data_in[75]
 la_data_in[76]
 la_data_in[77]
 la_data_in[78]
 la_data_in[79]
 la_data_in[7]
 la_data_in[80]
 la_data_in[81]
 la_data_in[82]
 la_data_in[83]
 la_data_in[84]
 la_data_in[85]
 la_data_in[86]
 la_data_in[87]
 la_data_in[88]
 la_data_in[89]
 la_data_in[8]
 la_data_in[90]
 la_data_in[91]
 la_data_in[92]
 la_data_in[93]
 la_data_in[94]
 la_data_in[95]
 la_data_in[96]
 la_data_in[97]
 la_data_in[98]
 la_data_in[99]
 la_data_in[9]
 la_oenb[0]
 la_oenb[100]
 la_oenb[101]
 la_oenb[102]
 la_oenb[103]
 la_oenb[104]
 la_oenb[105]
 la_oenb[106]
 la_oenb[107]
 la_oenb[108]
 la_oenb[109]
 la_oenb[10]
 la_oenb[110]
 la_oenb[111]
 la_oenb[112]
 la_oenb[113]
 la_oenb[114]
 la_oenb[115]
 la_oenb[116]
 la_oenb[117]
 la_oenb[118]
 la_oenb[119]
 la_oenb[11]
 la_oenb[120]
 la_oenb[121]
 la_oenb[122]
 la_oenb[123]
 la_oenb[124]
 la_oenb[125]
 la_oenb[126]
 la_oenb[127]
 la_oenb[12]
 la_oenb[13]
 la_oenb[14]
 la_oenb[15]
 la_oenb[16]
 la_oenb[17]
 la_oenb[18]
 la_oenb[19]
 la_oenb[1]
 la_oenb[20]
 la_oenb[21]
 la_oenb[22]
 la_oenb[23]
 la_oenb[24]
 la_oenb[25]
 la_oenb[26]
 la_oenb[27]
 la_oenb[28]
 la_oenb[29]
 la_oenb[2]
 la_oenb[30]
 la_oenb[31]
 la_oenb[32]
 la_oenb[33]
 la_oenb[34]
 la_oenb[35]
 la_oenb[36]
 la_oenb[37]
 la_oenb[38]
 la_oenb[39]
 la_oenb[3]
 la_oenb[40]
 la_oenb[41]
 la_oenb[42]
 la_oenb[43]
 la_oenb[44]
 la_oenb[45]
 la_oenb[46]
 la_oenb[47]
 la_oenb[48]
 la_oenb[49]
 la_oenb[4]
 la_oenb[50]
 la_oenb[51]
 la_oenb[52]
 la_oenb[53]
 la_oenb[54]
 la_oenb[55]
 la_oenb[56]
 la_oenb[57]
 la_oenb[58]
 la_oenb[59]
 la_oenb[5]
 la_oenb[60]
 la_oenb[61]
 la_oenb[62]
 la_oenb[63]
 la_oenb[64]
 la_oenb[65]
 la_oenb[66]
 la_oenb[67]
 la_oenb[68]
 la_oenb[69]
 la_oenb[6]
 la_oenb[70]
 la_oenb[71]
 la_oenb[72]
 la_oenb[73]
 la_oenb[74]
 la_oenb[75]
 la_oenb[76]
 la_oenb[77]
 la_oenb[78]
 la_oenb[79]
 la_oenb[7]
 la_oenb[80]
 la_oenb[81]
 la_oenb[82]
 la_oenb[83]
 la_oenb[84]
 la_oenb[85]
 la_oenb[86]
 la_oenb[87]
 la_oenb[88]
 la_oenb[89]
 la_oenb[8]
 la_oenb[90]
 la_oenb[91]
 la_oenb[92]
 la_oenb[93]
 la_oenb[94]
 la_oenb[95]
 la_oenb[96]
 la_oenb[97]
 la_oenb[98]
 la_oenb[99]
 la_oenb[9]
 user_clock2
 core/clkload0/Y
 core/clkload1/Y
 core/clkload10/Y
 core/clkload11/Y
 core/clkload12/Y
 core/clkload13/Y
 core/clkload14/Y
 core/clkload2/Y
 core/clkload3/Y
 core/clkload4/Y
 core/clkload5/Y
 core/clkload6/Y
 core/clkload7/X
 core/clkload8/Y
 core/clkload9/Y
 mprj/VDDA
 mprj/VDDC
 mprj/VSS
 mprj1/VDDA
 mprj1/VDDC
 mprj1/VSS
Found 0 partially unannotated drivers.

===========================================================================
max slew violation count 732
max fanout violation count 18
max cap violation count 33
============================================================================

===========================================================================
check_setup -verbose -unconstrained_endpoints -multiple_clock -no_clock -no_input_delay -loops -generated_clocks
===========================================================================
Warning: There are 68 input ports missing set_input_delay.
  analog_io[0]
  analog_io[10]
  analog_io[11]
  analog_io[12]
  analog_io[13]
  analog_io[14]
  analog_io[15]
  analog_io[16]
  analog_io[17]
  analog_io[18]
  analog_io[19]
  analog_io[1]
  analog_io[20]
  analog_io[21]
  analog_io[22]
  analog_io[23]
  analog_io[24]
  analog_io[25]
  analog_io[26]
  analog_io[27]
  analog_io[28]
  analog_io[2]
  analog_io[3]
  analog_io[4]
  analog_io[5]
  analog_io[6]
  analog_io[7]
  analog_io[8]
  analog_io[9]
  io_in[0]
  io_in[10]
  io_in[11]
  io_in[12]
  io_in[13]
  io_in[14]
  io_in[15]
  io_in[16]
  io_in[17]
  io_in[18]
  io_in[19]
  io_in[1]
  io_in[20]
  io_in[21]
  io_in[22]
  io_in[23]
  io_in[24]
  io_in[25]
  io_in[26]
  io_in[27]
  io_in[28]
  io_in[29]
  io_in[2]
  io_in[30]
  io_in[31]
  io_in[32]
  io_in[33]
  io_in[34]
  io_in[35]
  io_in[36]
  io_in[37]
  io_in[3]
  io_in[4]
  io_in[5]
  io_in[6]
  io_in[7]
  io_in[8]
  io_in[9]
  user_clock2
Warning: There are 236 unconstrained endpoints.
  analog_io[0]
  analog_io[10]
  analog_io[11]
  analog_io[12]
  analog_io[13]
  analog_io[14]
  analog_io[15]
  analog_io[16]
  analog_io[17]
  analog_io[18]
  analog_io[19]
  analog_io[1]
  analog_io[20]
  analog_io[21]
  analog_io[22]
  analog_io[23]
  analog_io[24]
  analog_io[25]
  analog_io[26]
  analog_io[27]
  analog_io[28]
  analog_io[2]
  analog_io[3]
  analog_io[4]
  analog_io[5]
  analog_io[6]
  analog_io[7]
  analog_io[8]
  analog_io[9]
  io_oeb[0]
  io_oeb[10]
  io_oeb[11]
  io_oeb[12]
  io_oeb[13]
  io_oeb[14]
  io_oeb[15]
  io_oeb[16]
  io_oeb[17]
  io_oeb[18]
  io_oeb[19]
  io_oeb[1]
  io_oeb[20]
  io_oeb[21]
  io_oeb[22]
  io_oeb[23]
  io_oeb[24]
  io_oeb[25]
  io_oeb[26]
  io_oeb[27]
  io_oeb[28]
  io_oeb[29]
  io_oeb[2]
  io_oeb[30]
  io_oeb[31]
  io_oeb[32]
  io_oeb[33]
  io_oeb[34]
  io_oeb[35]
  io_oeb[36]
  io_oeb[37]
  io_oeb[3]
  io_oeb[4]
  io_oeb[5]
  io_oeb[6]
  io_oeb[7]
  io_oeb[8]
  io_oeb[9]
  io_out[0]
  io_out[10]
  io_out[11]
  io_out[12]
  io_out[13]
  io_out[14]
  io_out[15]
  io_out[16]
  io_out[17]
  io_out[18]
  io_out[19]
  io_out[1]
  io_out[20]
  io_out[21]
  io_out[22]
  io_out[23]
  io_out[24]
  io_out[25]
  io_out[26]
  io_out[27]
  io_out[28]
  io_out[29]
  io_out[2]
  io_out[30]
  io_out[31]
  io_out[32]
  io_out[33]
  io_out[34]
  io_out[35]
  io_out[36]
  io_out[37]
  io_out[3]
  io_out[4]
  io_out[5]
  io_out[6]
  io_out[7]
  io_out[8]
  io_out[9]
  la_data_out[0]
  la_data_out[100]
  la_data_out[101]
  la_data_out[102]
  la_data_out[103]
  la_data_out[104]
  la_data_out[105]
  la_data_out[106]
  la_data_out[107]
  la_data_out[108]
  la_data_out[109]
  la_data_out[10]
  la_data_out[110]
  la_data_out[111]
  la_data_out[112]
  la_data_out[113]
  la_data_out[114]
  la_data_out[115]
  la_data_out[116]
  la_data_out[117]
  la_data_out[118]
  la_data_out[119]
  la_data_out[11]
  la_data_out[120]
  la_data_out[121]
  la_data_out[122]
  la_data_out[123]
  la_data_out[124]
  la_data_out[125]
  la_data_out[126]
  la_data_out[127]
  la_data_out[12]
  la_data_out[13]
  la_data_out[14]
  la_data_out[15]
  la_data_out[16]
  la_data_out[17]
  la_data_out[18]
  la_data_out[19]
  la_data_out[1]
  la_data_out[20]
  la_data_out[21]
  la_data_out[22]
  la_data_out[23]
  la_data_out[24]
  la_data_out[25]
  la_data_out[26]
  la_data_out[27]
  la_data_out[28]
  la_data_out[29]
  la_data_out[2]
  la_data_out[30]
  la_data_out[31]
  la_data_out[32]
  la_data_out[33]
  la_data_out[34]
  la_data_out[35]
  la_data_out[36]
  la_data_out[37]
  la_data_out[38]
  la_data_out[39]
  la_data_out[3]
  la_data_out[40]
  la_data_out[41]
  la_data_out[42]
  la_data_out[43]
  la_data_out[44]
  la_data_out[45]
  la_data_out[46]
  la_data_out[47]
  la_data_out[48]
  la_data_out[49]
  la_data_out[4]
  la_data_out[50]
  la_data_out[51]
  la_data_out[52]
  la_data_out[53]
  la_data_out[54]
  la_data_out[55]
  la_data_out[56]
  la_data_out[57]
  la_data_out[58]
  la_data_out[59]
  la_data_out[5]
  la_data_out[60]
  la_data_out[61]
  la_data_out[62]
  la_data_out[63]
  la_data_out[64]
  la_data_out[65]
  la_data_out[66]
  la_data_out[67]
  la_data_out[68]
  la_data_out[69]
  la_data_out[6]
  la_data_out[70]
  la_data_out[71]
  la_data_out[72]
  la_data_out[73]
  la_data_out[74]
  la_data_out[75]
  la_data_out[76]
  la_data_out[77]
  la_data_out[78]
  la_data_out[79]
  la_data_out[7]
  la_data_out[80]
  la_data_out[81]
  la_data_out[82]
  la_data_out[83]
  la_data_out[84]
  la_data_out[85]
  la_data_out[86]
  la_data_out[87]
  la_data_out[88]
  la_data_out[89]
  la_data_out[8]
  la_data_out[90]
  la_data_out[91]
  la_data_out[92]
  la_data_out[93]
  la_data_out[94]
  la_data_out[95]
  la_data_out[96]
  la_data_out[97]
  la_data_out[98]
  la_data_out[99]
  la_data_out[9]
  user_irq[0]
  user_irq[1]
  user_irq[2]
