Clock: wb_clk_i
Sources: wb_clk_i 
Generated: no
Virtual: yes
Propagated: no
Period: 25.000000

===========================================================================
report_clock_properties
============================================================================
Clock                   Period          Waveform
----------------------------------------------------
wb_clk_i             25.000000    0.000000 12.500000

===========================================================================
report_clock_latency
============================================================================
Clock wb_clk_i
rise -> rise
    min     max
4.650000 5.570000 source latency
5.267340         network latency mprj1/wb_clk_i
        6.675410 network latency core/_2245_/CLK
---------------
9.917340 12.245410 latency
        2.328070 skew

fall -> fall
    min     max
4.650000 5.570000 source latency
5.266097         network latency mprj1/wb_clk_i
        7.129080 network latency core/_2245_/CLK
---------------
9.916097 12.699080 latency
        2.782983 skew



===========================================================================
report_clock_min_period
============================================================================
wb_clk_i period_min = 4.38 fmax = 228.23
