
===========================================================================
 report_power
============================================================================
======================= nom_ff_n40C_1v95 Corner ===================================

Group                    Internal    Switching      Leakage        Total
                            Power        Power        Power        Power (Watts)
------------------------------------------------------------------------
Sequential           3.452315e-04 7.780068e-06 3.872581e-09 3.530154e-04  18.0%
Combinational        4.102720e-04 2.925686e-04 3.487352e-08 7.028754e-04  35.8%
Clock                1.124708e-04 1.590186e-04 2.002741e-09 2.714914e-04  13.8%
Macro                6.283521e-04 6.730894e-06 4.605000e-09 6.350876e-04  32.4%
Pad                  0.000000e+00 0.000000e+00 0.000000e+00 0.000000e+00   0.0%
------------------------------------------------------------------------
Total                1.496327e-03 4.660978e-04 4.535381e-08 1.962470e-03 100.0%
                            76.2%        23.8%         0.0%

