
===========================================================================
 report_power
============================================================================
======================= nom_ff_n40C_1v95 Corner ===================================

Group                    Internal    Switching      Leakage        Total
                            Power        Power        Power        Power (Watts)
------------------------------------------------------------------------
Sequential           3.716716e-04 1.304905e-05 3.830392e-09 3.847245e-04  21.3%
Combinational        6.918215e-04 4.647486e-04 3.455467e-08 1.156605e-03  63.9%
Clock                1.100787e-04 1.590186e-04 2.002733e-09 2.690993e-04  14.9%
Macro                0.000000e+00 0.000000e+00 0.000000e+00 0.000000e+00   0.0%
Pad                  0.000000e+00 0.000000e+00 0.000000e+00 0.000000e+00   0.0%
------------------------------------------------------------------------
Total                1.173571e-03 6.368161e-04 4.038778e-08 1.810427e-03 100.0%
                            64.8%        35.2%         0.0%

