
===========================================================================
 report_power
============================================================================
======================= nom_ss_100C_1v60 Corner ===================================

Group                    Internal    Switching      Leakage        Total
                            Power        Power        Power        Power (Watts)
------------------------------------------------------------------------
Sequential           2.282186e-04 4.831733e-06 3.119400e-06 2.361697e-04  15.3%
Combinational        2.793360e-04 1.920459e-04 1.332150e-05 4.847034e-04  31.5%
Clock                7.840859e-05 1.042801e-04 3.100121e-07 1.829987e-04  11.9%
Macro                6.283521e-04 6.731342e-06 4.605000e-09 6.350881e-04  41.3%
Pad                  0.000000e+00 0.000000e+00 0.000000e+00 0.000000e+00   0.0%
------------------------------------------------------------------------
Total                1.214315e-03 3.078890e-04 1.675547e-05 1.538960e-03 100.0%
                            78.9%        20.0%         1.1%

